[2026-09-24 22:53:09.835] [info] [engine] Logger initialized
[2026-09-24 22:53:09.849] [info] [engine] Application init started
[2026-09-24 22:53:09.853] [info] [engine] Config file 'config.json' not found, using defaults
[2026-09-24 22:53:09.901] [info] [engine] Initializing Diligent backend with device 'd3d12'
[2026-09-24 22:53:10.496] [info] [engine] Renderer initialized with backend Diligent
[2026-09-24 22:53:10.527] [info] [engine] Placeholder mesh ready: vertices=4, indices=6
[2026-09-24 22:53:10.548] [info] [engine] Fallback white texture ready: 1x1
[2026-09-24 22:53:10.568] [info] [engine] Shader program loaded '__fallback_shader__': vert='assets/shaders_hlsl/textured.vert.hlsl' frag='assets/shaders_hlsl/textured.frag.hlsl'
[2026-09-24 22:53:10.569] [info] [engine] Resource subsystem initialized
[2026-09-24 22:53:10.587] [info] [engine] ImGui layer initialized
[2026-09-24 22:53:10.587] [info] [engine] StateStack push
[2026-09-24 22:53:10.588] [info] [engine] Entered GameplayState editor scene
[2026-09-24 22:53:10.588] [info] [engine] LAB_SCENE_READY scene=loading render_entities=16 total_entities=22
[2026-09-24 22:53:10.589] [info] [engine] Application init complete, backend=Diligent
[2026-09-24 22:53:10.589] [info] [engine] LAB_READY_FOR_TRACY
[2026-09-24 22:53:10.739] [info] [engine] LAB_RUN_START scene=loading parallel_ecs=true async_loading=true entities=4096 workers=4
[2026-09-24 22:53:10.742] [info] [engine] ResourceManager cache miss [class engine::resources::Mesh] '__diligent_cube__'
[2026-09-24 22:53:10.742] [info] [engine] ResourceManager cache miss [class engine::resources::Texture] 'assets/textures/DGLogo.png'
[2026-09-24 22:53:10.743] [info] [engine] ResourceManager cache miss [class engine::resources::ShaderProgram] 'assets/shaders_hlsl/textured.shader.json'
[2026-09-24 22:53:10.743] [info] [engine] ResourceManager cache hit [class engine::resources::Mesh] '__diligent_cube__'
[2026-09-24 22:53:10.744] [info] [engine] ResourceManager cache hit [class engine::resources::Texture] 'assets/textures/DGLogo.png'
[2026-09-24 22:53:10.744] [info] [engine] ResourceManager cache hit [class engine::resources::ShaderProgram] 'assets/shaders_hlsl/textured.shader.json'
[2026-09-24 22:53:10.744] [info] [engine] ResourceManager cache hit [class engine::resources::Mesh] '__diligent_cube__'
[2026-09-24 22:53:10.745] [info] [engine] ResourceManager cache hit [class engine::resources::Texture] 'assets/textures/DGLogo.png'
[2026-09-24 22:53:10.745] [info] [engine] ResourceManager cache hit [class engine::resources::ShaderProgram] 'assets/shaders_hlsl/textured.shader.json'
[2026-09-24 22:53:10.745] [info] [engine] ResourceManager cache hit [class engine::resources::Mesh] '__diligent_cube__'
[2026-09-24 22:53:10.746] [info] [engine] ResourceManager cache hit [class engine::resources::Texture] 'assets/textures/DGLogo.png'
[2026-09-24 22:53:10.746] [info] [engine] ResourceManager cache hit [class engine::resources::ShaderProgram] 'assets/shaders_hlsl/textured.shader.json'
[2026-09-24 22:53:10.746] [info] [engine] ResourceManager cache hit [class engine::resources::Mesh] '__diligent_cube__'
[2026-09-24 22:53:10.746] [info] [engine] ResourceManager cache hit [class engine::resources::Texture] 'assets/textures/DGLogo.png'
[2026-09-24 22:53:10.747] [info] [engine] ResourceManager cache hit [class engine::resources::ShaderProgram] 'assets/shaders_hlsl/textured.shader.json'
[2026-09-24 22:53:10.747] [info] [engine] ResourceManager cache hit [class engine::resources::Mesh] '__diligent_cube__'
[2026-09-24 22:53:10.747] [info] [engine] ResourceManager cache hit [class engine::resources::Texture] 'assets/textures/DGLogo.png'
[2026-09-24 22:53:10.748] [info] [engine] ResourceManager cache hit [class engine::resources::ShaderProgram] 'assets/shaders_hlsl/textured.shader.json'
[2026-09-24 22:53:10.749] [info] [engine] ResourceManager cache hit [class engine::resources::Mesh] '__diligent_cube__'
[2026-09-24 22:53:10.749] [info] [engine] ResourceManager cache hit [class engine::resources::Texture] 'assets/textures/DGLogo.png'
[2026-09-24 22:53:10.749] [info] [engine] ResourceManager cache hit [class engine::resources::ShaderProgram] 'assets/shaders_hlsl/textured.shader.json'
[2026-09-24 22:53:10.749] [info] [engine] ResourceManager cache hit [class engine::resources::Mesh] '__diligent_cube__'
[2026-09-24 22:53:10.750] [info] [engine] ResourceManager cache hit [class engine::resources::Texture] 'assets/textures/DGLogo.png'
[2026-09-24 22:53:10.750] [info] [engine] ResourceManager cache hit [class engine::resources::ShaderProgram] 'assets/shaders_hlsl/textured.shader.json'
[2026-09-24 22:53:10.750] [info] [engine] ResourceManager cache hit [class engine::resources::Mesh] '__diligent_cube__'
[2026-09-24 22:53:10.750] [info] [engine] ResourceManager cache hit [class engine::resources::Texture] 'assets/textures/DGLogo.png'
[2026-09-24 22:53:10.751] [info] [engine] ResourceManager cache hit [class engine::resources::ShaderProgram] 'assets/shaders_hlsl/textured.shader.json'
[2026-09-24 22:53:10.751] [info] [engine] ResourceManager cache hit [class engine::resources::Mesh] '__diligent_cube__'
[2026-09-24 22:53:10.751] [info] [engine] ResourceManager cache hit [class engine::resources::Texture] 'assets/textures/DGLogo.png'
[2026-09-24 22:53:10.751] [info] [engine] ResourceManager cache hit [class engine::resources::ShaderProgram] 'assets/shaders_hlsl/textured.shader.json'
[2026-09-24 22:53:10.752] [info] [engine] ResourceManager cache hit [class engine::resources::Mesh] '__diligent_cube__'
[2026-09-24 22:53:10.752] [info] [engine] ResourceManager cache hit [class engine::resources::Texture] 'assets/textures/DGLogo.png'
[2026-09-24 22:53:10.752] [info] [engine] ResourceManager cache hit [class engine::resources::ShaderProgram] 'assets/shaders_hlsl/textured.shader.json'
[2026-09-24 22:53:10.752] [info] [engine] ResourceManager cache hit [class engine::resources::Mesh] '__diligent_cube__'
[2026-09-24 22:53:10.752] [info] [engine] ResourceManager cache hit [class engine::resources::Texture] 'assets/textures/DGLogo.png'
[2026-09-24 22:53:10.753] [info] [engine] ResourceManager cache hit [class engine::resources::ShaderProgram] 'assets/shaders_hlsl/textured.shader.json'
[2026-09-24 22:53:10.753] [info] [engine] ResourceManager cache hit [class engine::resources::Mesh] '__diligent_cube__'
[2026-09-24 22:53:10.753] [info] [engine] ResourceManager cache hit [class engine::resources::Texture] 'assets/textures/DGLogo.png'
[2026-09-24 22:53:10.753] [info] [engine] ResourceManager cache hit [class engine::resources::ShaderProgram] 'assets/shaders_hlsl/textured.shader.json'
[2026-09-24 22:53:10.753] [info] [engine] ResourceManager cache hit [class engine::resources::Mesh] '__diligent_cube__'
[2026-09-24 22:53:10.754] [info] [engine] ResourceManager cache hit [class engine::resources::Texture] 'assets/textures/DGLogo.png'
[2026-09-24 22:53:10.754] [info] [engine] ResourceManager cache hit [class engine::resources::ShaderProgram] 'assets/shaders_hlsl/textured.shader.json'
[2026-09-24 22:53:10.754] [info] [engine] ResourceManager cache hit [class engine::resources::Mesh] '__diligent_cube__'
[2026-09-24 22:53:10.755] [info] [engine] ResourceManager cache hit [class engine::resources::Texture] 'assets/textures/DGLogo.png'
[2026-09-24 22:53:10.755] [info] [engine] ResourceManager cache hit [class engine::resources::ShaderProgram] 'assets/shaders_hlsl/textured.shader.json'
[2026-09-24 22:53:10.756] [info] [engine] ResourceManager cache hit [class engine::resources::Mesh] '__diligent_cube__'
[2026-09-24 22:53:10.756] [info] [engine] ResourceManager cache hit [class engine::resources::Texture] 'assets/textures/DGLogo.png'
[2026-09-24 22:53:10.756] [info] [engine] ResourceManager cache hit [class engine::resources::ShaderProgram] 'assets/shaders_hlsl/textured.shader.json'
[2026-09-24 22:53:10.772] [info] [engine] Texture loaded 'assets/textures/DGLogo.png': 512x512 channels=4
[2026-09-24 22:53:10.791] [info] [engine] Shader program loaded 'assets/shaders_hlsl/textured.shader.json': vert='assets/shaders_hlsl/textured.vert.hlsl' frag='assets/shaders_hlsl/textured.frag.hlsl'
[2026-09-24 22:53:11.740] [info] [engine] Frame dt stats: avg=0.871ms min=0.287ms max=29.701ms samples=1148
[2026-09-24 22:53:12.741] [info] [engine] Frame dt stats: avg=1.561ms min=0.292ms max=19.184ms samples=641
[2026-09-24 22:53:13.746] [info] [engine] Frame dt stats: avg=1.762ms min=0.306ms max=16.821ms samples=570
[2026-09-24 22:53:14.745] [info] [engine] Frame dt stats: avg=3.004ms min=0.336ms max=31.663ms samples=333
[2026-09-24 22:53:15.747] [info] [engine] Frame dt stats: avg=2.977ms min=0.310ms max=14.839ms samples=336
[2026-09-24 22:53:16.748] [info] [engine] LAB_LOAD_START elapsed=6.0086177 asset_dir=C:\tge\lab1-assets
[2026-09-24 22:53:16.749] [info] [engine] ResourceManager cache miss [class engine::resources::Texture] 'C:\tge\lab1-assets\texture_00.png'
[2026-09-24 22:53:16.750] [info] [engine] ResourceManager cache miss [class engine::resources::Texture] 'C:\tge\lab1-assets\texture_01.png'
[2026-09-24 22:53:16.751] [info] [engine] ResourceManager cache miss [class engine::resources::Texture] 'C:\tge\lab1-assets\texture_02.png'
[2026-09-24 22:53:16.751] [info] [engine] ResourceManager cache miss [class engine::resources::Texture] 'C:\tge\lab1-assets\texture_03.png'
[2026-09-24 22:53:16.752] [info] [engine] ResourceManager cache miss [class engine::resources::Texture] 'C:\tge\lab1-assets\texture_04.png'
[2026-09-24 22:53:16.752] [info] [engine] ResourceManager cache miss [class engine::resources::Texture] 'C:\tge\lab1-assets\texture_05.png'
[2026-09-24 22:53:16.753] [info] [engine] ResourceManager cache miss [class engine::resources::Texture] 'C:\tge\lab1-assets\texture_06.png'
[2026-09-24 22:53:16.753] [info] [engine] ResourceManager cache miss [class engine::resources::Texture] 'C:\tge\lab1-assets\texture_07.png'
[2026-09-24 22:53:16.754] [info] [engine] ResourceManager cache miss [class engine::resources::Texture] 'C:\tge\lab1-assets\texture_08.png'
[2026-09-24 22:53:16.755] [info] [engine] ResourceManager cache miss [class engine::resources::Texture] 'C:\tge\lab1-assets\texture_09.png'
[2026-09-24 22:53:16.755] [info] [engine] ResourceManager cache miss [class engine::resources::Texture] 'C:\tge\lab1-assets\texture_10.png'
[2026-09-24 22:53:16.756] [info] [engine] ResourceManager cache miss [class engine::resources::Texture] 'C:\tge\lab1-assets\texture_11.png'
[2026-09-24 22:53:16.756] [info] [engine] ResourceManager cache miss [class engine::resources::Mesh] 'C:\tge\lab1-assets\mesh_00.obj'
[2026-09-24 22:53:16.757] [info] [engine] ResourceManager cache miss [class engine::resources::Mesh] 'C:\tge\lab1-assets\mesh_01.obj'
[2026-09-24 22:53:16.757] [info] [engine] ResourceManager cache miss [class engine::resources::Mesh] 'C:\tge\lab1-assets\mesh_02.obj'
[2026-09-24 22:53:16.758] [info] [engine] ResourceManager cache miss [class engine::resources::Mesh] 'C:\tge\lab1-assets\mesh_03.obj'
[2026-09-24 22:53:16.760] [info] [engine] Frame dt stats: avg=2.080ms min=0.343ms max=17.513ms samples=482
[2026-09-24 22:53:16.999] [info] [engine] Texture loaded 'C:\tge\lab1-assets\texture_01.png': 2048x2048 channels=4
[2026-09-24 22:53:17.021] [info] [engine] Texture loaded 'C:\tge\lab1-assets\texture_00.png': 2048x2048 channels=4
[2026-09-24 22:53:17.048] [info] [engine] Texture loaded 'C:\tge\lab1-assets\texture_02.png': 2048x2048 channels=4
[2026-09-24 22:53:17.070] [info] [engine] Texture loaded 'C:\tge\lab1-assets\texture_03.png': 2048x2048 channels=4
[2026-09-24 22:53:17.190] [info] [engine] Texture loaded 'C:\tge\lab1-assets\texture_04.png': 2048x2048 channels=4
[2026-09-24 22:53:17.207] [info] [engine] Texture loaded 'C:\tge\lab1-assets\texture_05.png': 2048x2048 channels=4
[2026-09-24 22:53:17.274] [info] [engine] Texture loaded 'C:\tge\lab1-assets\texture_06.png': 2048x2048 channels=4
[2026-09-24 22:53:17.303] [info] [engine] Texture loaded 'C:\tge\lab1-assets\texture_07.png': 2048x2048 channels=4
[2026-09-24 22:53:17.441] [info] [engine] Texture loaded 'C:\tge\lab1-assets\texture_08.png': 2048x2048 channels=4
[2026-09-24 22:53:17.460] [info] [engine] Texture loaded 'C:\tge\lab1-assets\texture_09.png': 2048x2048 channels=4
[2026-09-24 22:53:17.479] [info] [engine] Texture loaded 'C:\tge\lab1-assets\texture_10.png': 2048x2048 channels=4
[2026-09-24 22:53:17.495] [info] [engine] Texture loaded 'C:\tge\lab1-assets\texture_11.png': 2048x2048 channels=4
[2026-09-24 22:53:17.758] [info] [engine] Frame dt stats: avg=2.411ms min=0.336ms max=131.151ms samples=418
[2026-09-24 22:53:18.648] [info] [engine] Mesh loaded 'C:\tge\lab1-assets\mesh_01.obj': vertices=66049, indices=393216
[2026-09-24 22:53:18.708] [info] [engine] Mesh loaded 'C:\tge\lab1-assets\mesh_02.obj': vertices=66049, indices=393216
[2026-09-24 22:53:18.728] [info] [engine] Mesh loaded 'C:\tge\lab1-assets\mesh_03.obj': vertices=66049, indices=393216
[2026-09-24 22:53:18.750] [info] [engine] Mesh loaded 'C:\tge\lab1-assets\mesh_00.obj': vertices=66049, indices=393216
[2026-09-24 22:53:18.751] [info] [engine] LAB_LOAD_COMPLETE elapsed=7.9973998 loaded=18 failed=0 cancelled=0
[2026-09-24 22:53:18.758] [info] [engine] Frame dt stats: avg=3.407ms min=0.394ms max=50.964ms samples=294
[2026-09-24 22:53:19.759] [info] [engine] Frame dt stats: avg=1.168ms min=0.351ms max=12.993ms samples=857
[2026-09-24 22:53:20.760] [info] [engine] Frame dt stats: avg=0.714ms min=0.307ms max=7.694ms samples=1402
[2026-09-24 22:53:21.760] [info] [engine] Frame dt stats: avg=0.935ms min=0.289ms max=10.849ms samples=1070
[2026-09-24 22:53:22.761] [info] [engine] Frame dt stats: avg=1.064ms min=0.327ms max=20.437ms samples=940
[2026-09-24 22:53:23.761] [info] [engine] Frame dt stats: avg=1.042ms min=0.328ms max=18.023ms samples=960
[2026-09-24 22:53:24.761] [info] [engine] Frame dt stats: avg=0.954ms min=0.326ms max=10.325ms samples=1048
[2026-09-24 22:53:25.762] [info] [engine] Frame dt stats: avg=1.009ms min=0.302ms max=10.442ms samples=991
[2026-09-24 22:53:26.761] [info] [engine] Frame dt stats: avg=0.887ms min=0.270ms max=20.128ms samples=1128
[2026-09-24 22:53:27.761] [info] [engine] Frame dt stats: avg=0.599ms min=0.268ms max=8.785ms samples=1670
[2026-09-24 22:53:28.739] [info] [engine] Application shutdown started
[2026-09-24 22:53:28.741] [info] [engine] Exited GameplayState editor scene
[2026-09-24 22:53:28.770] [info] [engine] LAB_SHUTDOWN pending_cpu=0 pending_uploads=0
[2026-09-24 22:53:28.877] [info] [engine] Renderer shutdown complete
[2026-09-24 22:53:28.898] [info] [engine] Application shutdown complete
[2026-09-24 22:53:28.899] [info] [engine] Logger shutdown
[39mDiligent Engine: Info: D3D12-capable adapter found: NVIDIA GeForce RTX 5070 (11944 MB)
[39m[39mDiligent Engine: Info: Created dynamic memory page. Size: 1.00 MB; GPU virtual address 0x62a0000
[39m[39mDiligent Engine: Info: Can not disable SeparablePrograms
[39m[39mDiligent Engine: Info: Max device shader model: 6_7
[39m[39mDiligent Engine: Info: Created dynamic memory page. Size: 1.00 MB; GPU virtual address 0x7700000
[39m[39mDiligent Engine: Info: Created dynamic memory page. Size: 1.00 MB; GPU virtual address 0x7880000
[39m[39mDiligent Engine: Info: Created dynamic memory page. Size: 16.00 MB; GPU virtual address 0x9200000
[39m[39mDiligent Engine: Info: Created dynamic memory page. Size: 16.00 MB; GPU virtual address 0xb800000
[39m[39mDiligent Engine: Info: Created dynamic memory page. Size: 16.00 MB; GPU virtual address 0xde00000
[39m[39mDiligent Engine: Info: Created dynamic memory page. Size: 16.00 MB; GPU virtual address 0x10400000
[39m[39mDiligent Engine: Info: SAMPLER     dynamic descriptor allocator of immediate context usage stats: peak descriptor count: 0/0
[39m[39mDiligent Engine: Info: CBV_SRV_UAV dynamic descriptor allocator of immediate context usage stats: peak descriptor count: 77/256
[39m[39mDiligent Engine: Info: Dynamic heap of immediate context usage stats:
                       Peak used/aligned/allocated size: 64.05 MB / 64.05 MB / 65.00 MB (65 pages). Peak efficiency (used/aligned): 100.0%. Peak utilization (used/allocated): 98.5%
[39m[39mDiligent Engine: Info: Dynamic memory manager usage stats:
                       Total allocated memory: 67.00 MB
[39m[39mDiligent Engine: Info: D3D12 query manager peak usage:
QUERY_TYPE_OCCLUSION          :    0/ 128
QUERY_TYPE_BINARY_OCCLUSION   :    0/ 128
QUERY_TYPE_TIMESTAMP          :    0/ 512
QUERY_TYPE_PIPELINE_STATISTICS:    0/ 128
QUERY_TYPE_DURATION           :    0/ 512
[39m[39mDiligent Engine: Info: Command list manager: created 0 allocators
[39m[39mDiligent Engine: Info: Command list manager: created 0 allocators
[39m[39mDiligent Engine: Info: Command list manager: created 12 allocators
[39m[39mDiligent Engine: Info: D3D12_DESCRIPTOR_HEAP_TYPE_SAMPLER     GPU heap max allocated size (static|dynamic): 0/1024 (0.00%) | 0/1024 (0.00%).
[39m[39mDiligent Engine: Info: D3D12_DESCRIPTOR_HEAP_TYPE_CBV_SRV_UAV GPU heap max allocated size (static|dynamic): 0/16384 (0.00%) | 768/262144 (0.29%).
[39m[39mDiligent Engine: Info: D3D12_DESCRIPTOR_HEAP_TYPE_DSV         CPU heap allocated pool count: 1. Max descriptors: 1/1024 (0.10%).
[39m[39mDiligent Engine: Info: D3D12_DESCRIPTOR_HEAP_TYPE_RTV         CPU heap allocated pool count: 1. Max descriptors: 16/1024 (1.56%).
[39m[39mDiligent Engine: Info: D3D12_DESCRIPTOR_HEAP_TYPE_SAMPLER     CPU heap allocated pool count: 1. Max descriptors: 0/2048 (0.00%).
[39m[39mDiligent Engine: Info: D3D12_DESCRIPTOR_HEAP_TYPE_CBV_SRV_UAV CPU heap allocated pool count: 1. Max descriptors: 185/8192 (2.26%).
[39m