[2026-10-09 16:17:17.809] [info] [engine] Logger initialized
[2026-10-09 16:17:17.822] [info] [engine] Application init started
[2026-10-09 16:17:17.826] [info] [engine] Config file 'config.json' not found, using defaults
[2026-10-09 16:17:17.858] [info] [engine] Initializing Diligent backend with device 'd3d12'
[2026-10-09 16:17:19.760] [info] [engine] GPU_UPLOAD_QUEUE enabled backend=d3d12 graphics_context=0 transfer_context=1
[2026-10-09 16:17:19.773] [info] [engine] Renderer initialized with backend Diligent
[2026-10-09 16:17:19.795] [info] [engine] Placeholder mesh ready: vertices=4, indices=6
[2026-10-09 16:17:19.804] [info] [engine] Fallback white texture ready: 1x1
[2026-10-09 16:17:19.820] [info] [engine] Shader program loaded '__fallback_shader__': vert='assets/shaders_hlsl/textured.vert.hlsl' frag='assets/shaders_hlsl/textured.frag.hlsl'
[2026-10-09 16:17:19.820] [info] [engine] Resource subsystem initialized
[2026-10-09 16:17:19.838] [info] [engine] ImGui layer initialized
[2026-10-09 16:17:19.838] [info] [engine] StateStack push
[2026-10-09 16:17:19.838] [info] [engine] Entered GameplayState editor scene
[2026-10-09 16:17:19.839] [info] [engine] LAB_SCENE_READY scene=loading render_entities=16 total_entities=22
[2026-10-09 16:17:19.839] [info] [engine] Application init complete, backend=Diligent
[2026-10-09 16:17:19.839] [info] [engine] LAB_READY_FOR_TRACY
[2026-10-09 16:17:19.943] [info] [engine] LAB_RUN_START scene=loading parallel_ecs=true async_loading=true entities=4096 workers=4 asset_in_flight=16
[2026-10-09 16:17:19.944] [info] [engine] ResourceManager cache miss [class engine::resources::Mesh] '__diligent_cube__'
[2026-10-09 16:17:19.945] [info] [engine] ResourceManager cache miss [class engine::resources::Texture] 'assets/textures/DGLogo.png'
[2026-10-09 16:17:19.945] [info] [engine] ResourceManager cache miss [class engine::resources::ShaderProgram] 'assets/shaders_hlsl/textured.shader.json'
[2026-10-09 16:17:19.945] [info] [engine] ResourceManager cache hit [class engine::resources::Mesh] '__diligent_cube__'
[2026-10-09 16:17:19.945] [info] [engine] ResourceManager cache hit [class engine::resources::Texture] 'assets/textures/DGLogo.png'
[2026-10-09 16:17:19.945] [info] [engine] ResourceManager cache hit [class engine::resources::ShaderProgram] 'assets/shaders_hlsl/textured.shader.json'
[2026-10-09 16:17:19.946] [info] [engine] ResourceManager cache hit [class engine::resources::Mesh] '__diligent_cube__'
[2026-10-09 16:17:19.946] [info] [engine] ResourceManager cache hit [class engine::resources::Texture] 'assets/textures/DGLogo.png'
[2026-10-09 16:17:19.946] [info] [engine] ResourceManager cache hit [class engine::resources::ShaderProgram] 'assets/shaders_hlsl/textured.shader.json'
[2026-10-09 16:17:19.946] [info] [engine] ResourceManager cache hit [class engine::resources::Mesh] '__diligent_cube__'
[2026-10-09 16:17:19.946] [info] [engine] ResourceManager cache hit [class engine::resources::Texture] 'assets/textures/DGLogo.png'
[2026-10-09 16:17:19.946] [info] [engine] ResourceManager cache hit [class engine::resources::ShaderProgram] 'assets/shaders_hlsl/textured.shader.json'
[2026-10-09 16:17:19.946] [info] [engine] ResourceManager cache hit [class engine::resources::Mesh] '__diligent_cube__'
[2026-10-09 16:17:19.947] [info] [engine] ResourceManager cache hit [class engine::resources::Texture] 'assets/textures/DGLogo.png'
[2026-10-09 16:17:19.947] [info] [engine] ResourceManager cache hit [class engine::resources::ShaderProgram] 'assets/shaders_hlsl/textured.shader.json'
[2026-10-09 16:17:19.947] [info] [engine] ResourceManager cache hit [class engine::resources::Mesh] '__diligent_cube__'
[2026-10-09 16:17:19.947] [info] [engine] ResourceManager cache hit [class engine::resources::Texture] 'assets/textures/DGLogo.png'
[2026-10-09 16:17:19.948] [info] [engine] ResourceManager cache hit [class engine::resources::ShaderProgram] 'assets/shaders_hlsl/textured.shader.json'
[2026-10-09 16:17:19.948] [info] [engine] ResourceManager cache hit [class engine::resources::Mesh] '__diligent_cube__'
[2026-10-09 16:17:19.948] [info] [engine] ResourceManager cache hit [class engine::resources::Texture] 'assets/textures/DGLogo.png'
[2026-10-09 16:17:19.949] [info] [engine] ResourceManager cache hit [class engine::resources::ShaderProgram] 'assets/shaders_hlsl/textured.shader.json'
[2026-10-09 16:17:19.949] [info] [engine] ResourceManager cache hit [class engine::resources::Mesh] '__diligent_cube__'
[2026-10-09 16:17:19.949] [info] [engine] ResourceManager cache hit [class engine::resources::Texture] 'assets/textures/DGLogo.png'
[2026-10-09 16:17:19.949] [info] [engine] ResourceManager cache hit [class engine::resources::ShaderProgram] 'assets/shaders_hlsl/textured.shader.json'
[2026-10-09 16:17:19.949] [info] [engine] ResourceManager cache hit [class engine::resources::Mesh] '__diligent_cube__'
[2026-10-09 16:17:19.949] [info] [engine] ResourceManager cache hit [class engine::resources::Texture] 'assets/textures/DGLogo.png'
[2026-10-09 16:17:19.949] [info] [engine] ResourceManager cache hit [class engine::resources::ShaderProgram] 'assets/shaders_hlsl/textured.shader.json'
[2026-10-09 16:17:19.950] [info] [engine] ResourceManager cache hit [class engine::resources::Mesh] '__diligent_cube__'
[2026-10-09 16:17:19.950] [info] [engine] ResourceManager cache hit [class engine::resources::Texture] 'assets/textures/DGLogo.png'
[2026-10-09 16:17:19.950] [info] [engine] ResourceManager cache hit [class engine::resources::ShaderProgram] 'assets/shaders_hlsl/textured.shader.json'
[2026-10-09 16:17:19.950] [info] [engine] ResourceManager cache hit [class engine::resources::Mesh] '__diligent_cube__'
[2026-10-09 16:17:19.950] [info] [engine] ResourceManager cache hit [class engine::resources::Texture] 'assets/textures/DGLogo.png'
[2026-10-09 16:17:19.950] [info] [engine] ResourceManager cache hit [class engine::resources::ShaderProgram] 'assets/shaders_hlsl/textured.shader.json'
[2026-10-09 16:17:19.950] [info] [engine] ResourceManager cache hit [class engine::resources::Mesh] '__diligent_cube__'
[2026-10-09 16:17:19.951] [info] [engine] ResourceManager cache hit [class engine::resources::Texture] 'assets/textures/DGLogo.png'
[2026-10-09 16:17:19.951] [info] [engine] ResourceManager cache hit [class engine::resources::ShaderProgram] 'assets/shaders_hlsl/textured.shader.json'
[2026-10-09 16:17:19.951] [info] [engine] ResourceManager cache hit [class engine::resources::Mesh] '__diligent_cube__'
[2026-10-09 16:17:19.951] [info] [engine] ResourceManager cache hit [class engine::resources::Texture] 'assets/textures/DGLogo.png'
[2026-10-09 16:17:19.951] [info] [engine] ResourceManager cache hit [class engine::resources::ShaderProgram] 'assets/shaders_hlsl/textured.shader.json'
[2026-10-09 16:17:19.951] [info] [engine] ResourceManager cache hit [class engine::resources::Mesh] '__diligent_cube__'
[2026-10-09 16:17:19.952] [info] [engine] ResourceManager cache hit [class engine::resources::Texture] 'assets/textures/DGLogo.png'
[2026-10-09 16:17:19.952] [info] [engine] ResourceManager cache hit [class engine::resources::ShaderProgram] 'assets/shaders_hlsl/textured.shader.json'
[2026-10-09 16:17:19.952] [info] [engine] ResourceManager cache hit [class engine::resources::Mesh] '__diligent_cube__'
[2026-10-09 16:17:19.952] [info] [engine] ResourceManager cache hit [class engine::resources::Texture] 'assets/textures/DGLogo.png'
[2026-10-09 16:17:19.952] [info] [engine] ResourceManager cache hit [class engine::resources::ShaderProgram] 'assets/shaders_hlsl/textured.shader.json'
[2026-10-09 16:17:19.952] [info] [engine] ResourceManager cache hit [class engine::resources::Mesh] '__diligent_cube__'
[2026-10-09 16:17:19.952] [info] [engine] ResourceManager cache hit [class engine::resources::Texture] 'assets/textures/DGLogo.png'
[2026-10-09 16:17:19.953] [info] [engine] ResourceManager cache hit [class engine::resources::ShaderProgram] 'assets/shaders_hlsl/textured.shader.json'
[2026-10-09 16:17:19.961] [info] [engine] Texture loaded 'assets/textures/DGLogo.png' via GPU transfer: 512x512
[2026-10-09 16:17:19.978] [info] [engine] Shader program loaded 'assets/shaders_hlsl/textured.shader.json': vert='assets/shaders_hlsl/textured.vert.hlsl' frag='assets/shaders_hlsl/textured.frag.hlsl'
[2026-10-09 16:17:20.944] [info] [engine] Frame dt stats: avg=0.442ms min=0.279ms max=17.302ms samples=2262
[2026-10-09 16:17:21.944] [info] [engine] Frame dt stats: avg=0.442ms min=0.297ms max=3.075ms samples=2261
[2026-10-09 16:17:22.944] [info] [engine] Frame dt stats: avg=0.481ms min=0.297ms max=10.183ms samples=2078
[2026-10-09 16:17:23.945] [info] [engine] Frame dt stats: avg=0.534ms min=0.304ms max=10.085ms samples=1875
[2026-10-09 16:17:24.945] [info] [engine] Frame dt stats: avg=0.512ms min=0.294ms max=12.352ms samples=1952
[2026-10-09 16:17:25.943] [info] [engine] LAB_LOAD_START elapsed=6.0008116 asset_dir=C:\tge\lab1-assets
[2026-10-09 16:17:25.954] [info] [engine] ResourceManager cache miss [class engine::resources::Texture] 'C:\tge\lab1-assets\texture_00.png'
[2026-10-09 16:17:25.954] [info] [engine] ResourceManager cache miss [class engine::resources::Texture] 'C:\tge\lab1-assets\texture_01.png'
[2026-10-09 16:17:25.954] [info] [engine] ResourceManager cache miss [class engine::resources::Texture] 'C:\tge\lab1-assets\texture_02.png'
[2026-10-09 16:17:25.955] [info] [engine] ResourceManager cache miss [class engine::resources::Texture] 'C:\tge\lab1-assets\texture_03.png'
[2026-10-09 16:17:25.955] [info] [engine] ResourceManager cache miss [class engine::resources::Texture] 'C:\tge\lab1-assets\texture_04.png'
[2026-10-09 16:17:25.956] [info] [engine] ResourceManager cache miss [class engine::resources::Texture] 'C:\tge\lab1-assets\texture_05.png'
[2026-10-09 16:17:25.956] [info] [engine] ResourceManager cache miss [class engine::resources::Texture] 'C:\tge\lab1-assets\texture_06.png'
[2026-10-09 16:17:25.956] [info] [engine] ResourceManager cache miss [class engine::resources::Texture] 'C:\tge\lab1-assets\texture_07.png'
[2026-10-09 16:17:25.956] [info] [engine] ResourceManager cache miss [class engine::resources::Texture] 'C:\tge\lab1-assets\texture_08.png'
[2026-10-09 16:17:25.957] [info] [engine] ResourceManager cache miss [class engine::resources::Texture] 'C:\tge\lab1-assets\texture_09.png'
[2026-10-09 16:17:25.957] [info] [engine] ResourceManager cache miss [class engine::resources::Texture] 'C:\tge\lab1-assets\texture_10.png'
[2026-10-09 16:17:25.957] [info] [engine] ResourceManager cache miss [class engine::resources::Texture] 'C:\tge\lab1-assets\texture_11.png'
[2026-10-09 16:17:25.957] [info] [engine] ResourceManager cache miss [class engine::resources::Mesh] 'C:\tge\lab1-assets\mesh_00.obj'
[2026-10-09 16:17:25.957] [info] [engine] ResourceManager cache miss [class engine::resources::Mesh] 'C:\tge\lab1-assets\mesh_01.obj'
[2026-10-09 16:17:25.958] [info] [engine] ResourceManager cache miss [class engine::resources::Mesh] 'C:\tge\lab1-assets\mesh_02.obj'
[2026-10-09 16:17:25.958] [info] [engine] ResourceManager cache miss [class engine::resources::Mesh] 'C:\tge\lab1-assets\mesh_03.obj'
[2026-10-09 16:17:25.960] [info] [engine] Frame dt stats: avg=0.542ms min=0.295ms max=16.315ms samples=1873
[2026-10-09 16:17:26.179] [info] [engine] Texture loaded 'C:\tge\lab1-assets\texture_00.png' via GPU transfer: 2048x2048
[2026-10-09 16:17:26.184] [info] [engine] Texture loaded 'C:\tge\lab1-assets\texture_02.png' via GPU transfer: 2048x2048
[2026-10-09 16:17:26.193] [info] [engine] Texture loaded 'C:\tge\lab1-assets\texture_03.png' via GPU transfer: 2048x2048
[2026-10-09 16:17:26.197] [info] [engine] Texture loaded 'C:\tge\lab1-assets\texture_01.png' via GPU transfer: 2048x2048
[2026-10-09 16:17:26.369] [info] [engine] Texture loaded 'C:\tge\lab1-assets\texture_04.png' via GPU transfer: 2048x2048
[2026-10-09 16:17:26.390] [info] [engine] Texture loaded 'C:\tge\lab1-assets\texture_05.png' via GPU transfer: 2048x2048
[2026-10-09 16:17:26.405] [info] [engine] Texture loaded 'C:\tge\lab1-assets\texture_06.png' via GPU transfer: 2048x2048
[2026-10-09 16:17:26.410] [info] [engine] Texture loaded 'C:\tge\lab1-assets\texture_07.png' via GPU transfer: 2048x2048
[2026-10-09 16:17:26.559] [info] [engine] Texture loaded 'C:\tge\lab1-assets\texture_08.png' via GPU transfer: 2048x2048
[2026-10-09 16:17:26.583] [info] [engine] Texture loaded 'C:\tge\lab1-assets\texture_09.png' via GPU transfer: 2048x2048
[2026-10-09 16:17:26.607] [info] [engine] Texture loaded 'C:\tge\lab1-assets\texture_10.png' via GPU transfer: 2048x2048
[2026-10-09 16:17:26.612] [info] [engine] Texture loaded 'C:\tge\lab1-assets\texture_11.png' via GPU transfer: 2048x2048
[2026-10-09 16:17:26.960] [info] [engine] Frame dt stats: avg=0.585ms min=0.312ms max=5.279ms samples=1709
[2026-10-09 16:17:27.074] [info] [engine] Mesh loaded 'C:\tge\lab1-assets\mesh_00.obj' via GPU transfer: vertices=66049, indices=393216
[2026-10-09 16:17:27.097] [info] [engine] Mesh loaded 'C:\tge\lab1-assets\mesh_01.obj' via GPU transfer: vertices=66049, indices=393216
[2026-10-09 16:17:27.126] [info] [engine] Mesh loaded 'C:\tge\lab1-assets\mesh_02.obj' via GPU transfer: vertices=66049, indices=393216
[2026-10-09 16:17:27.140] [info] [engine] Mesh loaded 'C:\tge\lab1-assets\mesh_03.obj' via GPU transfer: vertices=66049, indices=393216
[2026-10-09 16:17:27.141] [info] [engine] LAB_LOAD_COMPLETE elapsed=7.1976187 loaded=18 failed=0 cancelled=0
[2026-10-09 16:17:27.960] [info] [engine] Frame dt stats: avg=0.548ms min=0.303ms max=10.961ms samples=1825
[2026-10-09 16:17:28.961] [info] [engine] Frame dt stats: avg=0.476ms min=0.300ms max=2.813ms samples=2102
[2026-10-09 16:17:29.964] [info] [engine] Frame dt stats: avg=0.687ms min=0.301ms max=6.748ms samples=1459
[2026-10-09 16:17:30.967] [info] [engine] Frame dt stats: avg=0.707ms min=0.306ms max=8.006ms samples=1419
[2026-10-09 16:17:31.966] [info] [engine] Frame dt stats: avg=0.680ms min=0.303ms max=13.356ms samples=1472
[2026-10-09 16:17:32.966] [info] [engine] Frame dt stats: avg=0.482ms min=0.302ms max=3.474ms samples=2074
[2026-10-09 16:17:33.966] [info] [engine] Frame dt stats: avg=0.455ms min=0.300ms max=10.346ms samples=2198
[2026-10-09 16:17:34.966] [info] [engine] Frame dt stats: avg=0.431ms min=0.301ms max=2.210ms samples=2320
[2026-10-09 16:17:35.966] [info] [engine] Frame dt stats: avg=0.474ms min=0.292ms max=11.159ms samples=2110
[2026-10-09 16:17:36.966] [info] [engine] Frame dt stats: avg=0.442ms min=0.300ms max=2.203ms samples=2261
[2026-10-09 16:17:37.943] [info] [engine] Application shutdown started
[2026-10-09 16:17:37.952] [info] [engine] Exited GameplayState editor scene
[2026-10-09 16:17:37.965] [info] [engine] LAB_SHUTDOWN pending_cpu=0 pending_uploads=0
[2026-10-09 16:17:38.041] [info] [engine] Renderer shutdown complete
[2026-10-09 16:17:38.061] [info] [engine] Application shutdown complete
[2026-10-09 16:17:38.062] [info] [engine] Logger shutdown
[39mDiligent Engine: Info: D3D12-capable adapter found: NVIDIA GeForce RTX 5070 (11944 MB)
[39m[39mDiligent Engine: Info: Created dynamic memory page. Size: 1.00 MB; GPU virtual address 0x6770000
[39m[39mDiligent Engine: Info: Can not disable SeparablePrograms
[39m[39mDiligent Engine: Info: Max device shader model: 6_7
[39m[39mDiligent Engine: Info: Created dynamic memory page. Size: 1.00 MB; GPU virtual address 0x7a10000
[39m[39mDiligent Engine: Info: Created dynamic memory page. Size: 1.00 MB; GPU virtual address 0x7b10000
[39m[39mDiligent Engine: Info: Created dynamic memory page. Size: 16.00 MB; GPU virtual address 0x9800000
[39m[39mDiligent Engine: Info: Created dynamic memory page. Size: 4.00 MB; GPU virtual address 0xa800000
[39m[39mDiligent Engine: Info: Created dynamic memory page. Size: 1.00 MB; GPU virtual address 0xd800000
[39m[39mDiligent Engine: Info: Created dynamic memory page. Size: 1.00 MB; GPU virtual address 0xd900000
[39m[39mDiligent Engine: Info: SAMPLER     dynamic descriptor allocator of immediate context usage stats: peak descriptor count: 0/0
[39m[39mDiligent Engine: Info: CBV_SRV_UAV dynamic descriptor allocator of immediate context usage stats: peak descriptor count: 0/0
[39m[39mDiligent Engine: Info: Dynamic heap of immediate context usage stats:
                       Peak used/aligned/allocated size: 21.34 MB / 21.34 MB / 22.00 MB (22 pages). Peak efficiency (used/aligned): 100.0%. Peak utilization (used/allocated): 97.0%
[39m[39mDiligent Engine: Info: SAMPLER     dynamic descriptor allocator of immediate context usage stats: peak descriptor count: 0/0
[39m[39mDiligent Engine: Info: CBV_SRV_UAV dynamic descriptor allocator of immediate context usage stats: peak descriptor count: 17/256
[39m[39mDiligent Engine: Info: Dynamic heap of immediate context usage stats:
                       Peak used/aligned/allocated size: 72.75 KB / 72.75 KB / 1.00 MB (1 page). Peak efficiency (used/aligned): 100.0%. Peak utilization (used/allocated): 7.1%
[39m[39mDiligent Engine: Info: Dynamic memory manager usage stats:
                       Total allocated memory: 25.00 MB
[39m[39mDiligent Engine: Info: D3D12 query manager peak usage:
QUERY_TYPE_OCCLUSION          :    0/ 128
QUERY_TYPE_BINARY_OCCLUSION   :    0/ 128
QUERY_TYPE_TIMESTAMP          :    0/ 512
QUERY_TYPE_PIPELINE_STATISTICS:    0/ 128
QUERY_TYPE_DURATION           :    0/ 512
[39m[39mDiligent Engine: Info: D3D12 query manager peak usage:
QUERY_TYPE_TIMESTAMP          :    0/ 512
QUERY_TYPE_DURATION           :    0/ 512
[39m[39mDiligent Engine: Info: Command list manager: created 2 allocators
[39m[39mDiligent Engine: Info: Command list manager: created 0 allocators
[39m[39mDiligent Engine: Info: Command list manager: created 12 allocators
[39m[39mDiligent Engine: Info: D3D12_DESCRIPTOR_HEAP_TYPE_SAMPLER     GPU heap max allocated size (static|dynamic): 0/1024 (0.00%) | 0/1024 (0.00%).
[39m[39mDiligent Engine: Info: D3D12_DESCRIPTOR_HEAP_TYPE_CBV_SRV_UAV GPU heap max allocated size (static|dynamic): 0/16384 (0.00%) | 768/262144 (0.29%).
[39m[39mDiligent Engine: Info: D3D12_DESCRIPTOR_HEAP_TYPE_DSV         CPU heap allocated pool count: 1. Max descriptors: 1/1024 (0.10%).
[39m[39mDiligent Engine: Info: D3D12_DESCRIPTOR_HEAP_TYPE_RTV         CPU heap allocated pool count: 1. Max descriptors: 4/1024 (0.39%).
[39m[39mDiligent Engine: Info: D3D12_DESCRIPTOR_HEAP_TYPE_SAMPLER     CPU heap allocated pool count: 1. Max descriptors: 0/2048 (0.00%).
[39m[39mDiligent Engine: Info: D3D12_DESCRIPTOR_HEAP_TYPE_CBV_SRV_UAV CPU heap allocated pool count: 1. Max descriptors: 18/8192 (0.22%).
[39m