[2026-09-24 22:54:17.241] [info] [engine] Logger initialized
[2026-09-24 22:54:17.255] [info] [engine] Application init started
[2026-09-24 22:54:17.259] [info] [engine] Config file 'config.json' not found, using defaults
[2026-09-24 22:54:17.313] [info] [engine] Initializing Diligent backend with device 'd3d12'
[2026-09-24 22:54:17.899] [info] [engine] Renderer initialized with backend Diligent
[2026-09-24 22:54:17.940] [info] [engine] Placeholder mesh ready: vertices=4, indices=6
[2026-09-24 22:54:17.959] [info] [engine] Fallback white texture ready: 1x1
[2026-09-24 22:54:17.979] [info] [engine] Shader program loaded '__fallback_shader__': vert='assets/shaders_hlsl/textured.vert.hlsl' frag='assets/shaders_hlsl/textured.frag.hlsl'
[2026-09-24 22:54:17.980] [info] [engine] Resource subsystem initialized
[2026-09-24 22:54:18.001] [info] [engine] ImGui layer initialized
[2026-09-24 22:54:18.001] [info] [engine] StateStack push
[2026-09-24 22:54:18.002] [info] [engine] Entered GameplayState editor scene
[2026-09-24 22:54:18.002] [info] [engine] LAB_SCENE_READY scene=loading render_entities=16 total_entities=22
[2026-09-24 22:54:18.003] [info] [engine] Application init complete, backend=Diligent
[2026-09-24 22:54:18.003] [info] [engine] LAB_READY_FOR_TRACY
[2026-09-24 22:54:18.196] [info] [engine] LAB_RUN_START scene=loading parallel_ecs=true async_loading=false entities=4096 workers=4
[2026-09-24 22:54:18.201] [info] [engine] ResourceManager cache miss [class engine::resources::Mesh] '__diligent_cube__'
[2026-09-24 22:54:18.202] [info] [engine] ResourceManager cache miss [class engine::resources::Texture] 'assets/textures/DGLogo.png'
[2026-09-24 22:54:18.207] [info] [engine] Texture loaded 'assets/textures/DGLogo.png': 512x512 channels=4
[2026-09-24 22:54:18.207] [info] [engine] ResourceManager cache miss [class engine::resources::ShaderProgram] 'assets/shaders_hlsl/textured.shader.json'
[2026-09-24 22:54:18.223] [info] [engine] Shader program loaded 'assets/shaders_hlsl/textured.shader.json': vert='assets/shaders_hlsl/textured.vert.hlsl' frag='assets/shaders_hlsl/textured.frag.hlsl'
[2026-09-24 22:54:18.224] [info] [engine] ResourceManager cache hit [class engine::resources::Mesh] '__diligent_cube__'
[2026-09-24 22:54:18.225] [info] [engine] ResourceManager cache hit [class engine::resources::Texture] 'assets/textures/DGLogo.png'
[2026-09-24 22:54:18.225] [info] [engine] ResourceManager cache hit [class engine::resources::ShaderProgram] 'assets/shaders_hlsl/textured.shader.json'
[2026-09-24 22:54:18.225] [info] [engine] ResourceManager cache hit [class engine::resources::Mesh] '__diligent_cube__'
[2026-09-24 22:54:18.225] [info] [engine] ResourceManager cache hit [class engine::resources::Texture] 'assets/textures/DGLogo.png'
[2026-09-24 22:54:18.226] [info] [engine] ResourceManager cache hit [class engine::resources::ShaderProgram] 'assets/shaders_hlsl/textured.shader.json'
[2026-09-24 22:54:18.226] [info] [engine] ResourceManager cache hit [class engine::resources::Mesh] '__diligent_cube__'
[2026-09-24 22:54:18.226] [info] [engine] ResourceManager cache hit [class engine::resources::Texture] 'assets/textures/DGLogo.png'
[2026-09-24 22:54:18.227] [info] [engine] ResourceManager cache hit [class engine::resources::ShaderProgram] 'assets/shaders_hlsl/textured.shader.json'
[2026-09-24 22:54:18.227] [info] [engine] ResourceManager cache hit [class engine::resources::Mesh] '__diligent_cube__'
[2026-09-24 22:54:18.228] [info] [engine] ResourceManager cache hit [class engine::resources::Texture] 'assets/textures/DGLogo.png'
[2026-09-24 22:54:18.228] [info] [engine] ResourceManager cache hit [class engine::resources::ShaderProgram] 'assets/shaders_hlsl/textured.shader.json'
[2026-09-24 22:54:18.228] [info] [engine] ResourceManager cache hit [class engine::resources::Mesh] '__diligent_cube__'
[2026-09-24 22:54:18.229] [info] [engine] ResourceManager cache hit [class engine::resources::Texture] 'assets/textures/DGLogo.png'
[2026-09-24 22:54:18.229] [info] [engine] ResourceManager cache hit [class engine::resources::ShaderProgram] 'assets/shaders_hlsl/textured.shader.json'
[2026-09-24 22:54:18.229] [info] [engine] ResourceManager cache hit [class engine::resources::Mesh] '__diligent_cube__'
[2026-09-24 22:54:18.230] [info] [engine] ResourceManager cache hit [class engine::resources::Texture] 'assets/textures/DGLogo.png'
[2026-09-24 22:54:18.230] [info] [engine] ResourceManager cache hit [class engine::resources::ShaderProgram] 'assets/shaders_hlsl/textured.shader.json'
[2026-09-24 22:54:18.230] [info] [engine] ResourceManager cache hit [class engine::resources::Mesh] '__diligent_cube__'
[2026-09-24 22:54:18.230] [info] [engine] ResourceManager cache hit [class engine::resources::Texture] 'assets/textures/DGLogo.png'
[2026-09-24 22:54:18.230] [info] [engine] ResourceManager cache hit [class engine::resources::ShaderProgram] 'assets/shaders_hlsl/textured.shader.json'
[2026-09-24 22:54:18.231] [info] [engine] ResourceManager cache hit [class engine::resources::Mesh] '__diligent_cube__'
[2026-09-24 22:54:18.231] [info] [engine] ResourceManager cache hit [class engine::resources::Texture] 'assets/textures/DGLogo.png'
[2026-09-24 22:54:18.231] [info] [engine] ResourceManager cache hit [class engine::resources::ShaderProgram] 'assets/shaders_hlsl/textured.shader.json'
[2026-09-24 22:54:18.231] [info] [engine] ResourceManager cache hit [class engine::resources::Mesh] '__diligent_cube__'
[2026-09-24 22:54:18.231] [info] [engine] ResourceManager cache hit [class engine::resources::Texture] 'assets/textures/DGLogo.png'
[2026-09-24 22:54:18.232] [info] [engine] ResourceManager cache hit [class engine::resources::ShaderProgram] 'assets/shaders_hlsl/textured.shader.json'
[2026-09-24 22:54:18.232] [info] [engine] ResourceManager cache hit [class engine::resources::Mesh] '__diligent_cube__'
[2026-09-24 22:54:18.232] [info] [engine] ResourceManager cache hit [class engine::resources::Texture] 'assets/textures/DGLogo.png'
[2026-09-24 22:54:18.232] [info] [engine] ResourceManager cache hit [class engine::resources::ShaderProgram] 'assets/shaders_hlsl/textured.shader.json'
[2026-09-24 22:54:18.233] [info] [engine] ResourceManager cache hit [class engine::resources::Mesh] '__diligent_cube__'
[2026-09-24 22:54:18.233] [info] [engine] ResourceManager cache hit [class engine::resources::Texture] 'assets/textures/DGLogo.png'
[2026-09-24 22:54:18.233] [info] [engine] ResourceManager cache hit [class engine::resources::ShaderProgram] 'assets/shaders_hlsl/textured.shader.json'
[2026-09-24 22:54:18.233] [info] [engine] ResourceManager cache hit [class engine::resources::Mesh] '__diligent_cube__'
[2026-09-24 22:54:18.234] [info] [engine] ResourceManager cache hit [class engine::resources::Texture] 'assets/textures/DGLogo.png'
[2026-09-24 22:54:18.234] [info] [engine] ResourceManager cache hit [class engine::resources::ShaderProgram] 'assets/shaders_hlsl/textured.shader.json'
[2026-09-24 22:54:18.234] [info] [engine] ResourceManager cache hit [class engine::resources::Mesh] '__diligent_cube__'
[2026-09-24 22:54:18.234] [info] [engine] ResourceManager cache hit [class engine::resources::Texture] 'assets/textures/DGLogo.png'
[2026-09-24 22:54:18.235] [info] [engine] ResourceManager cache hit [class engine::resources::ShaderProgram] 'assets/shaders_hlsl/textured.shader.json'
[2026-09-24 22:54:18.235] [info] [engine] ResourceManager cache hit [class engine::resources::Mesh] '__diligent_cube__'
[2026-09-24 22:54:18.235] [info] [engine] ResourceManager cache hit [class engine::resources::Texture] 'assets/textures/DGLogo.png'
[2026-09-24 22:54:18.235] [info] [engine] ResourceManager cache hit [class engine::resources::ShaderProgram] 'assets/shaders_hlsl/textured.shader.json'
[2026-09-24 22:54:18.235] [info] [engine] ResourceManager cache hit [class engine::resources::Mesh] '__diligent_cube__'
[2026-09-24 22:54:18.236] [info] [engine] ResourceManager cache hit [class engine::resources::Texture] 'assets/textures/DGLogo.png'
[2026-09-24 22:54:18.236] [info] [engine] ResourceManager cache hit [class engine::resources::ShaderProgram] 'assets/shaders_hlsl/textured.shader.json'
[2026-09-24 22:54:19.204] [info] [engine] Frame dt stats: avg=0.857ms min=0.278ms max=48.552ms samples=1175
[2026-09-24 22:54:20.204] [info] [engine] Frame dt stats: avg=1.135ms min=0.288ms max=11.660ms samples=881
[2026-09-24 22:54:21.204] [info] [engine] Frame dt stats: avg=0.971ms min=0.280ms max=8.118ms samples=1030
[2026-09-24 22:54:22.204] [info] [engine] Frame dt stats: avg=0.809ms min=0.278ms max=10.653ms samples=1236
[2026-09-24 22:54:23.207] [info] [engine] Frame dt stats: avg=0.856ms min=0.271ms max=9.614ms samples=1170
[2026-09-24 22:54:24.197] [info] [engine] LAB_LOAD_START elapsed=6.0012901 asset_dir=C:\tge\lab1-assets
[2026-09-24 22:54:24.207] [info] [engine] ResourceManager cache miss [class engine::resources::Texture] 'C:\tge\lab1-assets\texture_00.png'
[2026-09-24 22:54:24.329] [info] [engine] Texture loaded 'C:\tge\lab1-assets\texture_00.png': 2048x2048 channels=4
[2026-09-24 22:54:24.330] [info] [engine] ResourceManager cache miss [class engine::resources::Texture] 'C:\tge\lab1-assets\texture_01.png'
[2026-09-24 22:54:24.452] [info] [engine] Texture loaded 'C:\tge\lab1-assets\texture_01.png': 2048x2048 channels=4
[2026-09-24 22:54:24.453] [info] [engine] ResourceManager cache miss [class engine::resources::Texture] 'C:\tge\lab1-assets\texture_02.png'
[2026-09-24 22:54:24.579] [info] [engine] Texture loaded 'C:\tge\lab1-assets\texture_02.png': 2048x2048 channels=4
[2026-09-24 22:54:24.580] [info] [engine] ResourceManager cache miss [class engine::resources::Texture] 'C:\tge\lab1-assets\texture_03.png'
[2026-09-24 22:54:24.703] [info] [engine] Texture loaded 'C:\tge\lab1-assets\texture_03.png': 2048x2048 channels=4
[2026-09-24 22:54:24.704] [info] [engine] ResourceManager cache miss [class engine::resources::Texture] 'C:\tge\lab1-assets\texture_04.png'
[2026-09-24 22:54:24.823] [info] [engine] Texture loaded 'C:\tge\lab1-assets\texture_04.png': 2048x2048 channels=4
[2026-09-24 22:54:24.824] [info] [engine] ResourceManager cache miss [class engine::resources::Texture] 'C:\tge\lab1-assets\texture_05.png'
[2026-09-24 22:54:24.941] [info] [engine] Texture loaded 'C:\tge\lab1-assets\texture_05.png': 2048x2048 channels=4
[2026-09-24 22:54:24.942] [info] [engine] ResourceManager cache miss [class engine::resources::Texture] 'C:\tge\lab1-assets\texture_06.png'
[2026-09-24 22:54:25.061] [info] [engine] Texture loaded 'C:\tge\lab1-assets\texture_06.png': 2048x2048 channels=4
[2026-09-24 22:54:25.062] [info] [engine] ResourceManager cache miss [class engine::resources::Texture] 'C:\tge\lab1-assets\texture_07.png'
[2026-09-24 22:54:25.176] [info] [engine] Texture loaded 'C:\tge\lab1-assets\texture_07.png': 2048x2048 channels=4
[2026-09-24 22:54:25.177] [info] [engine] ResourceManager cache miss [class engine::resources::Texture] 'C:\tge\lab1-assets\texture_08.png'
[2026-09-24 22:54:25.297] [info] [engine] Texture loaded 'C:\tge\lab1-assets\texture_08.png': 2048x2048 channels=4
[2026-09-24 22:54:25.298] [info] [engine] ResourceManager cache miss [class engine::resources::Texture] 'C:\tge\lab1-assets\texture_09.png'
[2026-09-24 22:54:25.418] [info] [engine] Texture loaded 'C:\tge\lab1-assets\texture_09.png': 2048x2048 channels=4
[2026-09-24 22:54:25.419] [info] [engine] ResourceManager cache miss [class engine::resources::Texture] 'C:\tge\lab1-assets\texture_10.png'
[2026-09-24 22:54:25.540] [info] [engine] Texture loaded 'C:\tge\lab1-assets\texture_10.png': 2048x2048 channels=4
[2026-09-24 22:54:25.541] [info] [engine] ResourceManager cache miss [class engine::resources::Texture] 'C:\tge\lab1-assets\texture_11.png'
[2026-09-24 22:54:25.660] [info] [engine] Texture loaded 'C:\tge\lab1-assets\texture_11.png': 2048x2048 channels=4
[2026-09-24 22:54:25.661] [info] [engine] ResourceManager cache miss [class engine::resources::Mesh] 'C:\tge\lab1-assets\mesh_00.obj'
[2026-09-24 22:54:26.073] [info] [engine] Mesh loaded 'C:\tge\lab1-assets\mesh_00.obj': vertices=66049, indices=393216
[2026-09-24 22:54:26.074] [info] [engine] ResourceManager cache miss [class engine::resources::Mesh] 'C:\tge\lab1-assets\mesh_01.obj'
[2026-09-24 22:54:26.456] [info] [engine] Mesh loaded 'C:\tge\lab1-assets\mesh_01.obj': vertices=66049, indices=393216
[2026-09-24 22:54:26.466] [info] [engine] ResourceManager cache miss [class engine::resources::Mesh] 'C:\tge\lab1-assets\mesh_02.obj'
[2026-09-24 22:54:26.892] [info] [engine] Mesh loaded 'C:\tge\lab1-assets\mesh_02.obj': vertices=66049, indices=393216
[2026-09-24 22:54:26.902] [info] [engine] ResourceManager cache miss [class engine::resources::Mesh] 'C:\tge\lab1-assets\mesh_03.obj'
[2026-09-24 22:54:27.326] [info] [engine] Mesh loaded 'C:\tge\lab1-assets\mesh_03.obj': vertices=66049, indices=393216
[2026-09-24 22:54:27.328] [info] [engine] LAB_LOAD_COMPLETE elapsed=6.0012901 loaded=18 failed=0 cancelled=0
[2026-09-24 22:54:27.332] [info] [engine] Frame dt stats: avg=1.143ms min=0.264ms max=250.000ms samples=1086
[2026-09-24 22:54:28.333] [info] [engine] Frame dt stats: avg=0.797ms min=0.286ms max=20.768ms samples=1257
[2026-09-24 22:54:29.333] [info] [engine] Frame dt stats: avg=0.841ms min=0.277ms max=11.172ms samples=1189
[2026-09-24 22:54:30.333] [info] [engine] Frame dt stats: avg=0.708ms min=0.281ms max=10.896ms samples=1413
[2026-09-24 22:54:31.334] [info] [engine] Frame dt stats: avg=0.722ms min=0.270ms max=8.313ms samples=1386
[2026-09-24 22:54:32.333] [info] [engine] Frame dt stats: avg=0.748ms min=0.286ms max=8.806ms samples=1337
[2026-09-24 22:54:33.339] [info] [engine] Frame dt stats: avg=0.749ms min=0.275ms max=10.605ms samples=1342
[2026-09-24 22:54:34.339] [info] [engine] Frame dt stats: avg=0.737ms min=0.282ms max=9.484ms samples=1357
[2026-09-24 22:54:35.339] [info] [engine] Frame dt stats: avg=0.785ms min=0.300ms max=9.232ms samples=1274
[2026-09-24 22:54:36.196] [info] [engine] Application shutdown started
[2026-09-24 22:54:36.207] [info] [engine] Exited GameplayState editor scene
[2026-09-24 22:54:36.221] [info] [engine] LAB_SHUTDOWN pending_cpu=0 pending_uploads=0
[2026-09-24 22:54:36.371] [info] [engine] Renderer shutdown complete
[2026-09-24 22:54:36.392] [info] [engine] Application shutdown complete
[2026-09-24 22:54:36.393] [info] [engine] Logger shutdown
[39mDiligent Engine: Info: D3D12-capable adapter found: NVIDIA GeForce RTX 5070 (11944 MB)
[39m[39mDiligent Engine: Info: Created dynamic memory page. Size: 1.00 MB; GPU virtual address 0x62a0000
[39m[39mDiligent Engine: Info: Can not disable SeparablePrograms
[39m[39mDiligent Engine: Info: Max device shader model: 6_7
[39m[39mDiligent Engine: Info: Created dynamic memory page. Size: 1.00 MB; GPU virtual address 0x7420000
[39m[39mDiligent Engine: Info: Created dynamic memory page. Size: 1.00 MB; GPU virtual address 0x7880000
[39m[39mDiligent Engine: Info: Created dynamic memory page. Size: 16.00 MB; GPU virtual address 0x9200000
[39m[39mDiligent Engine: Info: Created dynamic memory page. Size: 16.00 MB; GPU virtual address 0xb800000
[39m[39mDiligent Engine: Info: Created dynamic memory page. Size: 16.00 MB; GPU virtual address 0xde00000
[39m[39mDiligent Engine: Info: Created dynamic memory page. Size: 16.00 MB; GPU virtual address 0x10400000
[39m[39mDiligent Engine: Info: Created dynamic memory page. Size: 16.00 MB; GPU virtual address 0x12a00000
[39m[39mDiligent Engine: Info: Created dynamic memory page. Size: 16.00 MB; GPU virtual address 0x15000000
[39m[39mDiligent Engine: Info: Created dynamic memory page. Size: 16.00 MB; GPU virtual address 0x17600000
[39m[39mDiligent Engine: Info: Created dynamic memory page. Size: 16.00 MB; GPU virtual address 0x19c00000
[39m[39mDiligent Engine: Info: Created dynamic memory page. Size: 16.00 MB; GPU virtual address 0x1c200000
[39m[39mDiligent Engine: Info: Created dynamic memory page. Size: 16.00 MB; GPU virtual address 0x1e800000
[39m[39mDiligent Engine: Info: Created dynamic memory page. Size: 16.00 MB; GPU virtual address 0x2e1600000
[39m[39mDiligent Engine: Info: Created dynamic memory page. Size: 16.00 MB; GPU virtual address 0x2e3c00000
[39m[39mDiligent Engine: Info: SAMPLER     dynamic descriptor allocator of immediate context usage stats: peak descriptor count: 0/0
[39m[39mDiligent Engine: Info: CBV_SRV_UAV dynamic descriptor allocator of immediate context usage stats: peak descriptor count: 197/256
[39m[39mDiligent Engine: Info: Dynamic heap of immediate context usage stats:
                       Peak used/aligned/allocated size: 192.05 MB / 192.05 MB / 193.00 MB (193 pages). Peak efficiency (used/aligned): 100.0%. Peak utilization (used/allocated): 99.5%
[39m[39mDiligent Engine: Info: Dynamic memory manager usage stats:
                       Total allocated memory: 195.00 MB
[39m[39mDiligent Engine: Info: D3D12 query manager peak usage:
QUERY_TYPE_OCCLUSION          :    0/ 128
QUERY_TYPE_BINARY_OCCLUSION   :    0/ 128
QUERY_TYPE_TIMESTAMP          :    0/ 512
QUERY_TYPE_PIPELINE_STATISTICS:    0/ 128
QUERY_TYPE_DURATION           :    0/ 512
[39m[39mDiligent Engine: Info: Command list manager: created 0 allocators
[39m[39mDiligent Engine: Info: Command list manager: created 0 allocators
[39m[39mDiligent Engine: Info: Command list manager: created 12 allocators
[39m[39mDiligent Engine: Info: D3D12_DESCRIPTOR_HEAP_TYPE_SAMPLER     GPU heap max allocated size (static|dynamic): 0/1024 (0.00%) | 0/1024 (0.00%).
[39m[39mDiligent Engine: Info: D3D12_DESCRIPTOR_HEAP_TYPE_CBV_SRV_UAV GPU heap max allocated size (static|dynamic): 0/16384 (0.00%) | 768/262144 (0.29%).
[39m[39mDiligent Engine: Info: D3D12_DESCRIPTOR_HEAP_TYPE_DSV         CPU heap allocated pool count: 1. Max descriptors: 1/1024 (0.10%).
[39m[39mDiligent Engine: Info: D3D12_DESCRIPTOR_HEAP_TYPE_RTV         CPU heap allocated pool count: 1. Max descriptors: 16/1024 (1.56%).
[39m[39mDiligent Engine: Info: D3D12_DESCRIPTOR_HEAP_TYPE_SAMPLER     CPU heap allocated pool count: 1. Max descriptors: 0/2048 (0.00%).
[39m[39mDiligent Engine: Info: D3D12_DESCRIPTOR_HEAP_TYPE_CBV_SRV_UAV CPU heap allocated pool count: 1. Max descriptors: 185/8192 (2.26%).
[39m