[2026-10-08 21:22:53.432] [info] [engine] Logger initialized
[2026-10-08 21:22:53.436] [info] [engine] Application init started
[2026-10-08 21:22:53.440] [info] [engine] Config file 'config.json' not found, using defaults
[2026-10-08 21:22:53.483] [info] [engine] Initializing Diligent backend with device 'd3d12'
[2026-10-08 21:22:55.426] [info] [engine] GPU_UPLOAD_QUEUE enabled backend=d3d12 graphics_context=0 transfer_context=1
[2026-10-08 21:22:55.430] [info] [engine] Renderer initialized with backend Diligent
[2026-10-08 21:22:55.449] [info] [engine] Placeholder mesh ready: vertices=4, indices=6
[2026-10-08 21:22:55.458] [info] [engine] Fallback white texture ready: 1x1
[2026-10-08 21:22:55.473] [info] [engine] Shader program loaded '__fallback_shader__': vert='assets/shaders_hlsl/textured.vert.hlsl' frag='assets/shaders_hlsl/textured.frag.hlsl'
[2026-10-08 21:22:55.473] [info] [engine] Resource subsystem initialized
[2026-10-08 21:22:55.489] [info] [engine] ImGui layer initialized
[2026-10-08 21:22:55.489] [info] [engine] StateStack push
[2026-10-08 21:22:55.489] [info] [engine] Entered GameplayState editor scene
[2026-10-08 21:22:55.489] [info] [engine] LAB_SCENE_READY scene=loading render_entities=16 total_entities=22
[2026-10-08 21:22:55.490] [info] [engine] Application init complete, backend=Diligent
[2026-10-08 21:22:55.490] [info] [engine] LAB_READY_FOR_TRACY
[2026-10-08 21:22:55.618] [info] [engine] LAB_RUN_START scene=loading parallel_ecs=true async_loading=true entities=4096 workers=4
[2026-10-08 21:22:55.623] [info] [engine] ResourceManager cache miss [class engine::resources::Mesh] '__diligent_cube__'
[2026-10-08 21:22:55.623] [info] [engine] ResourceManager cache miss [class engine::resources::Texture] 'assets/textures/DGLogo.png'
[2026-10-08 21:22:55.623] [info] [engine] ResourceManager cache miss [class engine::resources::ShaderProgram] 'assets/shaders_hlsl/textured.shader.json'
[2026-10-08 21:22:55.623] [info] [engine] ResourceManager cache hit [class engine::resources::Mesh] '__diligent_cube__'
[2026-10-08 21:22:55.624] [info] [engine] ResourceManager cache hit [class engine::resources::Texture] 'assets/textures/DGLogo.png'
[2026-10-08 21:22:55.624] [info] [engine] ResourceManager cache hit [class engine::resources::ShaderProgram] 'assets/shaders_hlsl/textured.shader.json'
[2026-10-08 21:22:55.624] [info] [engine] ResourceManager cache hit [class engine::resources::Mesh] '__diligent_cube__'
[2026-10-08 21:22:55.624] [info] [engine] ResourceManager cache hit [class engine::resources::Texture] 'assets/textures/DGLogo.png'
[2026-10-08 21:22:55.625] [info] [engine] ResourceManager cache hit [class engine::resources::ShaderProgram] 'assets/shaders_hlsl/textured.shader.json'
[2026-10-08 21:22:55.625] [info] [engine] ResourceManager cache hit [class engine::resources::Mesh] '__diligent_cube__'
[2026-10-08 21:22:55.625] [info] [engine] ResourceManager cache hit [class engine::resources::Texture] 'assets/textures/DGLogo.png'
[2026-10-08 21:22:55.625] [info] [engine] ResourceManager cache hit [class engine::resources::ShaderProgram] 'assets/shaders_hlsl/textured.shader.json'
[2026-10-08 21:22:55.625] [info] [engine] ResourceManager cache hit [class engine::resources::Mesh] '__diligent_cube__'
[2026-10-08 21:22:55.626] [info] [engine] ResourceManager cache hit [class engine::resources::Texture] 'assets/textures/DGLogo.png'
[2026-10-08 21:22:55.626] [info] [engine] ResourceManager cache hit [class engine::resources::ShaderProgram] 'assets/shaders_hlsl/textured.shader.json'
[2026-10-08 21:22:55.626] [info] [engine] ResourceManager cache hit [class engine::resources::Mesh] '__diligent_cube__'
[2026-10-08 21:22:55.626] [info] [engine] ResourceManager cache hit [class engine::resources::Texture] 'assets/textures/DGLogo.png'
[2026-10-08 21:22:55.626] [info] [engine] ResourceManager cache hit [class engine::resources::ShaderProgram] 'assets/shaders_hlsl/textured.shader.json'
[2026-10-08 21:22:55.626] [info] [engine] ResourceManager cache hit [class engine::resources::Mesh] '__diligent_cube__'
[2026-10-08 21:22:55.627] [info] [engine] ResourceManager cache hit [class engine::resources::Texture] 'assets/textures/DGLogo.png'
[2026-10-08 21:22:55.627] [info] [engine] ResourceManager cache hit [class engine::resources::ShaderProgram] 'assets/shaders_hlsl/textured.shader.json'
[2026-10-08 21:22:55.627] [info] [engine] ResourceManager cache hit [class engine::resources::Mesh] '__diligent_cube__'
[2026-10-08 21:22:55.627] [info] [engine] ResourceManager cache hit [class engine::resources::Texture] 'assets/textures/DGLogo.png'
[2026-10-08 21:22:55.628] [info] [engine] ResourceManager cache hit [class engine::resources::ShaderProgram] 'assets/shaders_hlsl/textured.shader.json'
[2026-10-08 21:22:55.628] [info] [engine] ResourceManager cache hit [class engine::resources::Mesh] '__diligent_cube__'
[2026-10-08 21:22:55.628] [info] [engine] ResourceManager cache hit [class engine::resources::Texture] 'assets/textures/DGLogo.png'
[2026-10-08 21:22:55.628] [info] [engine] ResourceManager cache hit [class engine::resources::ShaderProgram] 'assets/shaders_hlsl/textured.shader.json'
[2026-10-08 21:22:55.628] [info] [engine] ResourceManager cache hit [class engine::resources::Mesh] '__diligent_cube__'
[2026-10-08 21:22:55.629] [info] [engine] ResourceManager cache hit [class engine::resources::Texture] 'assets/textures/DGLogo.png'
[2026-10-08 21:22:55.629] [info] [engine] ResourceManager cache hit [class engine::resources::ShaderProgram] 'assets/shaders_hlsl/textured.shader.json'
[2026-10-08 21:22:55.629] [info] [engine] ResourceManager cache hit [class engine::resources::Mesh] '__diligent_cube__'
[2026-10-08 21:22:55.629] [info] [engine] ResourceManager cache hit [class engine::resources::Texture] 'assets/textures/DGLogo.png'
[2026-10-08 21:22:55.630] [info] [engine] ResourceManager cache hit [class engine::resources::ShaderProgram] 'assets/shaders_hlsl/textured.shader.json'
[2026-10-08 21:22:55.630] [info] [engine] ResourceManager cache hit [class engine::resources::Mesh] '__diligent_cube__'
[2026-10-08 21:22:55.630] [info] [engine] ResourceManager cache hit [class engine::resources::Texture] 'assets/textures/DGLogo.png'
[2026-10-08 21:22:55.631] [info] [engine] ResourceManager cache hit [class engine::resources::ShaderProgram] 'assets/shaders_hlsl/textured.shader.json'
[2026-10-08 21:22:55.631] [info] [engine] ResourceManager cache hit [class engine::resources::Mesh] '__diligent_cube__'
[2026-10-08 21:22:55.631] [info] [engine] ResourceManager cache hit [class engine::resources::Texture] 'assets/textures/DGLogo.png'
[2026-10-08 21:22:55.631] [info] [engine] ResourceManager cache hit [class engine::resources::ShaderProgram] 'assets/shaders_hlsl/textured.shader.json'
[2026-10-08 21:22:55.632] [info] [engine] ResourceManager cache hit [class engine::resources::Mesh] '__diligent_cube__'
[2026-10-08 21:22:55.632] [info] [engine] ResourceManager cache hit [class engine::resources::Texture] 'assets/textures/DGLogo.png'
[2026-10-08 21:22:55.632] [info] [engine] ResourceManager cache hit [class engine::resources::ShaderProgram] 'assets/shaders_hlsl/textured.shader.json'
[2026-10-08 21:22:55.632] [info] [engine] ResourceManager cache hit [class engine::resources::Mesh] '__diligent_cube__'
[2026-10-08 21:22:55.632] [info] [engine] ResourceManager cache hit [class engine::resources::Texture] 'assets/textures/DGLogo.png'
[2026-10-08 21:22:55.633] [info] [engine] ResourceManager cache hit [class engine::resources::ShaderProgram] 'assets/shaders_hlsl/textured.shader.json'
[2026-10-08 21:22:55.633] [info] [engine] ResourceManager cache hit [class engine::resources::Mesh] '__diligent_cube__'
[2026-10-08 21:22:55.633] [info] [engine] ResourceManager cache hit [class engine::resources::Texture] 'assets/textures/DGLogo.png'
[2026-10-08 21:22:55.633] [info] [engine] ResourceManager cache hit [class engine::resources::ShaderProgram] 'assets/shaders_hlsl/textured.shader.json'
[2026-10-08 21:22:55.642] [info] [engine] Texture loaded 'assets/textures/DGLogo.png' via GPU transfer: 512x512
[2026-10-08 21:22:55.658] [info] [engine] Shader program loaded 'assets/shaders_hlsl/textured.shader.json': vert='assets/shaders_hlsl/textured.vert.hlsl' frag='assets/shaders_hlsl/textured.frag.hlsl'
[2026-10-08 21:22:56.619] [info] [engine] Frame dt stats: avg=0.421ms min=0.303ms max=20.649ms samples=2374
[2026-10-08 21:22:57.620] [info] [engine] Frame dt stats: avg=0.387ms min=0.304ms max=10.074ms samples=2586
[2026-10-08 21:22:58.620] [info] [engine] Frame dt stats: avg=0.403ms min=0.300ms max=1.392ms samples=2483
[2026-10-08 21:22:59.620] [info] [engine] Frame dt stats: avg=0.421ms min=0.294ms max=10.296ms samples=2377
[2026-10-08 21:23:00.621] [info] [engine] Frame dt stats: avg=0.552ms min=0.277ms max=50.258ms samples=1811
[2026-10-08 21:23:01.619] [info] [engine] LAB_LOAD_START elapsed=6.0005143 asset_dir=C:\tge\lab1-assets
[2026-10-08 21:23:01.628] [info] [engine] ResourceManager cache miss [class engine::resources::Texture] 'C:\tge\lab1-assets\texture_00.png'
[2026-10-08 21:23:01.629] [info] [engine] ResourceManager cache miss [class engine::resources::Texture] 'C:\tge\lab1-assets\texture_01.png'
[2026-10-08 21:23:01.629] [info] [engine] ResourceManager cache miss [class engine::resources::Texture] 'C:\tge\lab1-assets\texture_02.png'
[2026-10-08 21:23:01.629] [info] [engine] ResourceManager cache miss [class engine::resources::Texture] 'C:\tge\lab1-assets\texture_03.png'
[2026-10-08 21:23:01.629] [info] [engine] ResourceManager cache miss [class engine::resources::Texture] 'C:\tge\lab1-assets\texture_04.png'
[2026-10-08 21:23:01.629] [info] [engine] ResourceManager cache miss [class engine::resources::Texture] 'C:\tge\lab1-assets\texture_05.png'
[2026-10-08 21:23:01.630] [info] [engine] ResourceManager cache miss [class engine::resources::Texture] 'C:\tge\lab1-assets\texture_06.png'
[2026-10-08 21:23:01.630] [info] [engine] ResourceManager cache miss [class engine::resources::Texture] 'C:\tge\lab1-assets\texture_07.png'
[2026-10-08 21:23:01.630] [info] [engine] ResourceManager cache miss [class engine::resources::Texture] 'C:\tge\lab1-assets\texture_08.png'
[2026-10-08 21:23:01.630] [info] [engine] ResourceManager cache miss [class engine::resources::Texture] 'C:\tge\lab1-assets\texture_09.png'
[2026-10-08 21:23:01.631] [info] [engine] ResourceManager cache miss [class engine::resources::Texture] 'C:\tge\lab1-assets\texture_10.png'
[2026-10-08 21:23:01.631] [info] [engine] ResourceManager cache miss [class engine::resources::Texture] 'C:\tge\lab1-assets\texture_11.png'
[2026-10-08 21:23:01.631] [info] [engine] ResourceManager cache miss [class engine::resources::Mesh] 'C:\tge\lab1-assets\mesh_00.obj'
[2026-10-08 21:23:01.631] [info] [engine] ResourceManager cache miss [class engine::resources::Mesh] 'C:\tge\lab1-assets\mesh_01.obj'
[2026-10-08 21:23:01.632] [info] [engine] ResourceManager cache miss [class engine::resources::Mesh] 'C:\tge\lab1-assets\mesh_02.obj'
[2026-10-08 21:23:01.632] [info] [engine] ResourceManager cache miss [class engine::resources::Mesh] 'C:\tge\lab1-assets\mesh_03.obj'
[2026-10-08 21:23:01.634] [info] [engine] Frame dt stats: avg=0.464ms min=0.281ms max=14.169ms samples=2184
[2026-10-08 21:23:01.811] [info] [engine] Texture loaded 'C:\tge\lab1-assets\texture_02.png' via GPU transfer: 2048x2048
[2026-10-08 21:23:01.816] [info] [engine] Texture loaded 'C:\tge\lab1-assets\texture_03.png' via GPU transfer: 2048x2048
[2026-10-08 21:23:01.827] [info] [engine] Texture loaded 'C:\tge\lab1-assets\texture_00.png' via GPU transfer: 2048x2048
[2026-10-08 21:23:01.830] [info] [engine] Texture loaded 'C:\tge\lab1-assets\texture_01.png' via GPU transfer: 2048x2048
[2026-10-08 21:23:01.994] [info] [engine] Texture loaded 'C:\tge\lab1-assets\texture_04.png' via GPU transfer: 2048x2048
[2026-10-08 21:23:01.998] [info] [engine] Texture loaded 'C:\tge\lab1-assets\texture_05.png' via GPU transfer: 2048x2048
[2026-10-08 21:23:02.012] [info] [engine] Texture loaded 'C:\tge\lab1-assets\texture_06.png' via GPU transfer: 2048x2048
[2026-10-08 21:23:02.016] [info] [engine] Texture loaded 'C:\tge\lab1-assets\texture_07.png' via GPU transfer: 2048x2048
[2026-10-08 21:23:02.182] [info] [engine] Texture loaded 'C:\tge\lab1-assets\texture_09.png' via GPU transfer: 2048x2048
[2026-10-08 21:23:02.187] [info] [engine] Texture loaded 'C:\tge\lab1-assets\texture_08.png' via GPU transfer: 2048x2048
[2026-10-08 21:23:02.197] [info] [engine] Texture loaded 'C:\tge\lab1-assets\texture_10.png' via GPU transfer: 2048x2048
[2026-10-08 21:23:02.201] [info] [engine] Texture loaded 'C:\tge\lab1-assets\texture_11.png' via GPU transfer: 2048x2048
[2026-10-08 21:23:02.609] [info] [engine] Mesh loaded 'C:\tge\lab1-assets\mesh_00.obj' via GPU transfer: vertices=66049, indices=393216
[2026-10-08 21:23:02.634] [info] [engine] Frame dt stats: avg=0.535ms min=0.327ms max=4.164ms samples=1870
[2026-10-08 21:23:02.688] [info] [engine] Mesh loaded 'C:\tge\lab1-assets\mesh_01.obj' via GPU transfer: vertices=66049, indices=393216
[2026-10-08 21:23:02.689] [info] [engine] Mesh loaded 'C:\tge\lab1-assets\mesh_03.obj' via GPU transfer: vertices=66049, indices=393216
[2026-10-08 21:23:02.691] [info] [engine] Mesh loaded 'C:\tge\lab1-assets\mesh_02.obj' via GPU transfer: vertices=66049, indices=393216
[2026-10-08 21:23:02.691] [info] [engine] LAB_LOAD_COMPLETE elapsed=7.0721037 loaded=18 failed=0 cancelled=0
[2026-10-08 21:23:03.634] [info] [engine] Frame dt stats: avg=0.392ms min=0.308ms max=1.446ms samples=2550
[2026-10-08 21:23:04.634] [info] [engine] Frame dt stats: avg=0.389ms min=0.316ms max=9.580ms samples=2571
[2026-10-08 21:23:05.635] [info] [engine] Frame dt stats: avg=0.388ms min=0.317ms max=1.400ms samples=2576
[2026-10-08 21:23:06.635] [info] [engine] Frame dt stats: avg=0.406ms min=0.296ms max=10.898ms samples=2464
[2026-10-08 21:23:07.636] [info] [engine] Frame dt stats: avg=0.397ms min=0.312ms max=9.868ms samples=2519
[2026-10-08 21:23:08.636] [info] [engine] Frame dt stats: avg=0.403ms min=0.309ms max=9.917ms samples=2482
[2026-10-08 21:23:09.636] [info] [engine] Frame dt stats: avg=0.401ms min=0.318ms max=2.233ms samples=2492
[2026-10-08 21:23:10.636] [info] [engine] Frame dt stats: avg=0.409ms min=0.310ms max=9.976ms samples=2446
[2026-10-08 21:23:11.636] [info] [engine] Frame dt stats: avg=0.398ms min=0.308ms max=10.220ms samples=2515
[2026-10-08 21:23:12.637] [info] [engine] Frame dt stats: avg=0.401ms min=0.307ms max=0.961ms samples=2492
[2026-10-08 21:23:13.619] [info] [engine] Application shutdown started
[2026-10-08 21:23:13.629] [info] [engine] Exited GameplayState editor scene
[2026-10-08 21:23:13.639] [info] [engine] LAB_SHUTDOWN pending_cpu=0 pending_uploads=0
[2026-10-08 21:23:13.710] [info] [engine] Renderer shutdown complete
[2026-10-08 21:23:13.719] [info] [engine] Application shutdown complete
[2026-10-08 21:23:13.719] [info] [engine] Logger shutdown
[39mDiligent Engine: Info: D3D12-capable adapter found: NVIDIA GeForce RTX 5070 (11944 MB)
[39m[39mDiligent Engine: Info: Created dynamic memory page. Size: 1.00 MB; GPU virtual address 0x6770000
[39m[39mDiligent Engine: Info: Can not disable SeparablePrograms
[39m[39mDiligent Engine: Info: Max device shader model: 6_7
[39m[39mDiligent Engine: Info: Created dynamic memory page. Size: 1.00 MB; GPU virtual address 0x7a10000
[39m[39mDiligent Engine: Info: Created dynamic memory page. Size: 1.00 MB; GPU virtual address 0x7c10000
[39m[39mDiligent Engine: Info: Created dynamic memory page. Size: 16.00 MB; GPU virtual address 0x9800000
[39m[39mDiligent Engine: Info: Created dynamic memory page. Size: 4.00 MB; GPU virtual address 0xa800000
[39m[39mDiligent Engine: Info: Created dynamic memory page. Size: 1.00 MB; GPU virtual address 0xd800000
[39m[39mDiligent Engine: Info: Created dynamic memory page. Size: 1.00 MB; GPU virtual address 0xd900000
[39m[39mDiligent Engine: Info: SAMPLER     dynamic descriptor allocator of immediate context usage stats: peak descriptor count: 0/0
[39m[39mDiligent Engine: Info: CBV_SRV_UAV dynamic descriptor allocator of immediate context usage stats: peak descriptor count: 0/0
[39m[39mDiligent Engine: Info: Dynamic heap of immediate context usage stats:
                       Peak used/aligned/allocated size: 21.34 MB / 21.34 MB / 22.00 MB (22 pages). Peak efficiency (used/aligned): 100.0%. Peak utilization (used/allocated): 97.0%
[39m[39mDiligent Engine: Info: SAMPLER     dynamic descriptor allocator of immediate context usage stats: peak descriptor count: 0/0
[39m[39mDiligent Engine: Info: CBV_SRV_UAV dynamic descriptor allocator of immediate context usage stats: peak descriptor count: 17/256
[39m[39mDiligent Engine: Info: Dynamic heap of immediate context usage stats:
                       Peak used/aligned/allocated size: 61.75 KB / 61.75 KB / 1.00 MB (1 page). Peak efficiency (used/aligned): 100.0%. Peak utilization (used/allocated): 6.0%
[39m[39mDiligent Engine: Info: Dynamic memory manager usage stats:
                       Total allocated memory: 25.00 MB
[39m[39mDiligent Engine: Info: D3D12 query manager peak usage:
QUERY_TYPE_OCCLUSION          :    0/ 128
QUERY_TYPE_BINARY_OCCLUSION   :    0/ 128
QUERY_TYPE_TIMESTAMP          :    0/ 512
QUERY_TYPE_PIPELINE_STATISTICS:    0/ 128
QUERY_TYPE_DURATION           :    0/ 512
[39m[39mDiligent Engine: Info: D3D12 query manager peak usage:
QUERY_TYPE_TIMESTAMP          :    0/ 512
QUERY_TYPE_DURATION           :    0/ 512
[39m[39mDiligent Engine: Info: Command list manager: created 2 allocators
[39m[39mDiligent Engine: Info: Command list manager: created 0 allocators
[39m[39mDiligent Engine: Info: Command list manager: created 12 allocators
[39m[39mDiligent Engine: Info: D3D12_DESCRIPTOR_HEAP_TYPE_SAMPLER     GPU heap max allocated size (static|dynamic): 0/1024 (0.00%) | 0/1024 (0.00%).
[39m[39mDiligent Engine: Info: D3D12_DESCRIPTOR_HEAP_TYPE_CBV_SRV_UAV GPU heap max allocated size (static|dynamic): 0/16384 (0.00%) | 768/262144 (0.29%).
[39m[39mDiligent Engine: Info: D3D12_DESCRIPTOR_HEAP_TYPE_DSV         CPU heap allocated pool count: 1. Max descriptors: 1/1024 (0.10%).
[39m[39mDiligent Engine: Info: D3D12_DESCRIPTOR_HEAP_TYPE_RTV         CPU heap allocated pool count: 1. Max descriptors: 4/1024 (0.39%).
[39m[39mDiligent Engine: Info: D3D12_DESCRIPTOR_HEAP_TYPE_SAMPLER     CPU heap allocated pool count: 1. Max descriptors: 0/2048 (0.00%).
[39m[39mDiligent Engine: Info: D3D12_DESCRIPTOR_HEAP_TYPE_CBV_SRV_UAV CPU heap allocated pool count: 1. Max descriptors: 18/8192 (0.22%).
[39m