[2026-10-08 21:25:22.466] [info] [engine] Logger initialized
[2026-10-08 21:25:22.471] [info] [engine] Application init started
[2026-10-08 21:25:22.475] [info] [engine] Config file 'config.json' not found, using defaults
[2026-10-08 21:25:22.523] [info] [engine] Initializing Diligent backend with device 'd3d12'
[2026-10-08 21:25:24.689] [info] [engine] GPU_UPLOAD_QUEUE enabled backend=d3d12 graphics_context=0 transfer_context=1
[2026-10-08 21:25:24.694] [info] [engine] Renderer initialized with backend Diligent
[2026-10-08 21:25:24.721] [info] [engine] Placeholder mesh ready: vertices=4, indices=6
[2026-10-08 21:25:24.731] [info] [engine] Fallback white texture ready: 1x1
[2026-10-08 21:25:24.747] [info] [engine] Shader program loaded '__fallback_shader__': vert='assets/shaders_hlsl/textured.vert.hlsl' frag='assets/shaders_hlsl/textured.frag.hlsl'
[2026-10-08 21:25:24.748] [info] [engine] Resource subsystem initialized
[2026-10-08 21:25:24.767] [info] [engine] ImGui layer initialized
[2026-10-08 21:25:24.768] [info] [engine] StateStack push
[2026-10-08 21:25:24.768] [info] [engine] Entered GameplayState editor scene
[2026-10-08 21:25:24.769] [info] [engine] LAB_SCENE_READY scene=loading render_entities=16 total_entities=22
[2026-10-08 21:25:24.770] [info] [engine] Application init complete, backend=Diligent
[2026-10-08 21:25:24.770] [info] [engine] LAB_RUN_START scene=loading parallel_ecs=true async_loading=true entities=4096 workers=4
[2026-10-08 21:25:24.809] [info] [engine] ResourceManager cache miss [class engine::resources::Mesh] '__diligent_cube__'
[2026-10-08 21:25:24.810] [info] [engine] ResourceManager cache miss [class engine::resources::Texture] 'assets/textures/DGLogo.png'
[2026-10-08 21:25:24.810] [info] [engine] ResourceManager cache miss [class engine::resources::ShaderProgram] 'assets/shaders_hlsl/textured.shader.json'
[2026-10-08 21:25:24.811] [info] [engine] ResourceManager cache hit [class engine::resources::Mesh] '__diligent_cube__'
[2026-10-08 21:25:24.811] [info] [engine] ResourceManager cache hit [class engine::resources::Texture] 'assets/textures/DGLogo.png'
[2026-10-08 21:25:24.811] [info] [engine] ResourceManager cache hit [class engine::resources::ShaderProgram] 'assets/shaders_hlsl/textured.shader.json'
[2026-10-08 21:25:24.812] [info] [engine] ResourceManager cache hit [class engine::resources::Mesh] '__diligent_cube__'
[2026-10-08 21:25:24.812] [info] [engine] ResourceManager cache hit [class engine::resources::Texture] 'assets/textures/DGLogo.png'
[2026-10-08 21:25:24.812] [info] [engine] ResourceManager cache hit [class engine::resources::ShaderProgram] 'assets/shaders_hlsl/textured.shader.json'
[2026-10-08 21:25:24.813] [info] [engine] ResourceManager cache hit [class engine::resources::Mesh] '__diligent_cube__'
[2026-10-08 21:25:24.813] [info] [engine] ResourceManager cache hit [class engine::resources::Texture] 'assets/textures/DGLogo.png'
[2026-10-08 21:25:24.813] [info] [engine] ResourceManager cache hit [class engine::resources::ShaderProgram] 'assets/shaders_hlsl/textured.shader.json'
[2026-10-08 21:25:24.813] [info] [engine] ResourceManager cache hit [class engine::resources::Mesh] '__diligent_cube__'
[2026-10-08 21:25:24.813] [info] [engine] ResourceManager cache hit [class engine::resources::Texture] 'assets/textures/DGLogo.png'
[2026-10-08 21:25:24.814] [info] [engine] ResourceManager cache hit [class engine::resources::ShaderProgram] 'assets/shaders_hlsl/textured.shader.json'
[2026-10-08 21:25:24.814] [info] [engine] ResourceManager cache hit [class engine::resources::Mesh] '__diligent_cube__'
[2026-10-08 21:25:24.815] [info] [engine] ResourceManager cache hit [class engine::resources::Texture] 'assets/textures/DGLogo.png'
[2026-10-08 21:25:24.815] [info] [engine] ResourceManager cache hit [class engine::resources::ShaderProgram] 'assets/shaders_hlsl/textured.shader.json'
[2026-10-08 21:25:24.816] [info] [engine] ResourceManager cache hit [class engine::resources::Mesh] '__diligent_cube__'
[2026-10-08 21:25:24.816] [info] [engine] ResourceManager cache hit [class engine::resources::Texture] 'assets/textures/DGLogo.png'
[2026-10-08 21:25:24.817] [info] [engine] ResourceManager cache hit [class engine::resources::ShaderProgram] 'assets/shaders_hlsl/textured.shader.json'
[2026-10-08 21:25:24.817] [info] [engine] ResourceManager cache hit [class engine::resources::Mesh] '__diligent_cube__'
[2026-10-08 21:25:24.817] [info] [engine] ResourceManager cache hit [class engine::resources::Texture] 'assets/textures/DGLogo.png'
[2026-10-08 21:25:24.817] [info] [engine] ResourceManager cache hit [class engine::resources::ShaderProgram] 'assets/shaders_hlsl/textured.shader.json'
[2026-10-08 21:25:24.818] [info] [engine] ResourceManager cache hit [class engine::resources::Mesh] '__diligent_cube__'
[2026-10-08 21:25:24.818] [info] [engine] ResourceManager cache hit [class engine::resources::Texture] 'assets/textures/DGLogo.png'
[2026-10-08 21:25:24.819] [info] [engine] ResourceManager cache hit [class engine::resources::ShaderProgram] 'assets/shaders_hlsl/textured.shader.json'
[2026-10-08 21:25:24.819] [info] [engine] ResourceManager cache hit [class engine::resources::Mesh] '__diligent_cube__'
[2026-10-08 21:25:24.819] [info] [engine] ResourceManager cache hit [class engine::resources::Texture] 'assets/textures/DGLogo.png'
[2026-10-08 21:25:24.819] [info] [engine] ResourceManager cache hit [class engine::resources::ShaderProgram] 'assets/shaders_hlsl/textured.shader.json'
[2026-10-08 21:25:24.820] [info] [engine] ResourceManager cache hit [class engine::resources::Mesh] '__diligent_cube__'
[2026-10-08 21:25:24.820] [info] [engine] ResourceManager cache hit [class engine::resources::Texture] 'assets/textures/DGLogo.png'
[2026-10-08 21:25:24.821] [info] [engine] ResourceManager cache hit [class engine::resources::ShaderProgram] 'assets/shaders_hlsl/textured.shader.json'
[2026-10-08 21:25:24.821] [info] [engine] ResourceManager cache hit [class engine::resources::Mesh] '__diligent_cube__'
[2026-10-08 21:25:24.821] [info] [engine] ResourceManager cache hit [class engine::resources::Texture] 'assets/textures/DGLogo.png'
[2026-10-08 21:25:24.821] [info] [engine] ResourceManager cache hit [class engine::resources::ShaderProgram] 'assets/shaders_hlsl/textured.shader.json'
[2026-10-08 21:25:24.822] [info] [engine] ResourceManager cache hit [class engine::resources::Mesh] '__diligent_cube__'
[2026-10-08 21:25:24.822] [info] [engine] ResourceManager cache hit [class engine::resources::Texture] 'assets/textures/DGLogo.png'
[2026-10-08 21:25:24.822] [info] [engine] ResourceManager cache hit [class engine::resources::ShaderProgram] 'assets/shaders_hlsl/textured.shader.json'
[2026-10-08 21:25:24.823] [info] [engine] ResourceManager cache hit [class engine::resources::Mesh] '__diligent_cube__'
[2026-10-08 21:25:24.823] [info] [engine] ResourceManager cache hit [class engine::resources::Texture] 'assets/textures/DGLogo.png'
[2026-10-08 21:25:24.823] [info] [engine] ResourceManager cache hit [class engine::resources::ShaderProgram] 'assets/shaders_hlsl/textured.shader.json'
[2026-10-08 21:25:24.823] [info] [engine] ResourceManager cache hit [class engine::resources::Mesh] '__diligent_cube__'
[2026-10-08 21:25:24.824] [info] [engine] ResourceManager cache hit [class engine::resources::Texture] 'assets/textures/DGLogo.png'
[2026-10-08 21:25:24.824] [info] [engine] ResourceManager cache hit [class engine::resources::ShaderProgram] 'assets/shaders_hlsl/textured.shader.json'
[2026-10-08 21:25:24.824] [info] [engine] ResourceManager cache hit [class engine::resources::Mesh] '__diligent_cube__'
[2026-10-08 21:25:24.824] [info] [engine] ResourceManager cache hit [class engine::resources::Texture] 'assets/textures/DGLogo.png'
[2026-10-08 21:25:24.825] [info] [engine] ResourceManager cache hit [class engine::resources::ShaderProgram] 'assets/shaders_hlsl/textured.shader.json'
[2026-10-08 21:25:24.838] [info] [engine] Texture loaded 'assets/textures/DGLogo.png' via GPU transfer: 512x512
[2026-10-08 21:25:24.857] [info] [engine] Shader program loaded 'assets/shaders_hlsl/textured.shader.json': vert='assets/shaders_hlsl/textured.vert.hlsl' frag='assets/shaders_hlsl/textured.frag.hlsl'
[2026-10-08 21:25:25.772] [info] [engine] LAB_LOAD_START elapsed=1.0012216 asset_dir=C:\Users\rocco\CLionProjects\TurboGameEngine\reports\lab1\gpu-upload-stress-20261008\intentionally-absent-assets
[2026-10-08 21:25:25.773] [info] [engine] ResourceManager cache miss [class engine::resources::Texture] 'C:\Users\rocco\CLionProjects\TurboGameEngine\reports\lab1\gpu-upload-stress-20261008\intentionally-absent-assets\texture_00.png'
[2026-10-08 21:25:25.774] [info] [engine] ResourceManager cache miss [class engine::resources::Texture] 'C:\Users\rocco\CLionProjects\TurboGameEngine\reports\lab1\gpu-upload-stress-20261008\intentionally-absent-assets\texture_01.png'
[2026-10-08 21:25:25.774] [info] [engine] ResourceManager cache miss [class engine::resources::Texture] 'C:\Users\rocco\CLionProjects\TurboGameEngine\reports\lab1\gpu-upload-stress-20261008\intentionally-absent-assets\texture_02.png'
[2026-10-08 21:25:25.775] [info] [engine] ResourceManager cache miss [class engine::resources::Texture] 'C:\Users\rocco\CLionProjects\TurboGameEngine\reports\lab1\gpu-upload-stress-20261008\intentionally-absent-assets\texture_03.png'
[2026-10-08 21:25:25.775] [info] [engine] ResourceManager cache miss [class engine::resources::Texture] 'C:\Users\rocco\CLionProjects\TurboGameEngine\reports\lab1\gpu-upload-stress-20261008\intentionally-absent-assets\texture_04.png'
[2026-10-08 21:25:25.775] [info] [engine] ResourceManager cache miss [class engine::resources::Texture] 'C:\Users\rocco\CLionProjects\TurboGameEngine\reports\lab1\gpu-upload-stress-20261008\intentionally-absent-assets\texture_05.png'
[2026-10-08 21:25:25.775] [info] [engine] ResourceManager cache miss [class engine::resources::Texture] 'C:\Users\rocco\CLionProjects\TurboGameEngine\reports\lab1\gpu-upload-stress-20261008\intentionally-absent-assets\texture_06.png'
[2026-10-08 21:25:25.776] [info] [engine] ResourceManager cache miss [class engine::resources::Texture] 'C:\Users\rocco\CLionProjects\TurboGameEngine\reports\lab1\gpu-upload-stress-20261008\intentionally-absent-assets\texture_07.png'
[2026-10-08 21:25:25.776] [info] [engine] ResourceManager cache miss [class engine::resources::Texture] 'C:\Users\rocco\CLionProjects\TurboGameEngine\reports\lab1\gpu-upload-stress-20261008\intentionally-absent-assets\texture_08.png'
[2026-10-08 21:25:25.776] [info] [engine] ResourceManager cache miss [class engine::resources::Texture] 'C:\Users\rocco\CLionProjects\TurboGameEngine\reports\lab1\gpu-upload-stress-20261008\intentionally-absent-assets\texture_09.png'
[2026-10-08 21:25:25.776] [info] [engine] ResourceManager cache miss [class engine::resources::Texture] 'C:\Users\rocco\CLionProjects\TurboGameEngine\reports\lab1\gpu-upload-stress-20261008\intentionally-absent-assets\texture_10.png'
[2026-10-08 21:25:25.777] [info] [engine] ResourceManager cache miss [class engine::resources::Texture] 'C:\Users\rocco\CLionProjects\TurboGameEngine\reports\lab1\gpu-upload-stress-20261008\intentionally-absent-assets\texture_11.png'
[2026-10-08 21:25:25.777] [info] [engine] ResourceManager cache miss [class engine::resources::Mesh] 'C:\Users\rocco\CLionProjects\TurboGameEngine\reports\lab1\gpu-upload-stress-20261008\intentionally-absent-assets\mesh_00.obj'
[2026-10-08 21:25:25.777] [info] [engine] ResourceManager cache miss [class engine::resources::Mesh] 'C:\Users\rocco\CLionProjects\TurboGameEngine\reports\lab1\gpu-upload-stress-20261008\intentionally-absent-assets\mesh_01.obj'
[2026-10-08 21:25:25.777] [info] [engine] ResourceManager cache miss [class engine::resources::Mesh] 'C:\Users\rocco\CLionProjects\TurboGameEngine\reports\lab1\gpu-upload-stress-20261008\intentionally-absent-assets\mesh_02.obj'
[2026-10-08 21:25:25.777] [info] [engine] ResourceManager cache miss [class engine::resources::Mesh] 'C:\Users\rocco\CLionProjects\TurboGameEngine\reports\lab1\gpu-upload-stress-20261008\intentionally-absent-assets\mesh_03.obj'
[2026-10-08 21:25:25.778] [info] [engine] Frame dt stats: avg=0.558ms min=0.300ms max=36.254ms samples=1795
[2026-10-08 21:25:25.778] [error] [engine] Texture transfer failed 'C:\Users\rocco\CLionProjects\TurboGameEngine\reports\lab1\gpu-upload-stress-20261008\intentionally-absent-assets\texture_00.png': Texture decode failed: can't fopen
[2026-10-08 21:25:25.779] [error] [engine] Texture transfer failed 'C:\Users\rocco\CLionProjects\TurboGameEngine\reports\lab1\gpu-upload-stress-20261008\intentionally-absent-assets\texture_01.png': Texture decode failed: can't fopen
[2026-10-08 21:25:25.780] [error] [engine] Texture transfer failed 'C:\Users\rocco\CLionProjects\TurboGameEngine\reports\lab1\gpu-upload-stress-20261008\intentionally-absent-assets\texture_02.png': Texture decode failed: can't fopen
[2026-10-08 21:25:25.781] [error] [engine] Texture transfer failed 'C:\Users\rocco\CLionProjects\TurboGameEngine\reports\lab1\gpu-upload-stress-20261008\intentionally-absent-assets\texture_03.png': Texture decode failed: can't fopen
[2026-10-08 21:25:25.782] [error] [engine] Texture transfer failed 'C:\Users\rocco\CLionProjects\TurboGameEngine\reports\lab1\gpu-upload-stress-20261008\intentionally-absent-assets\texture_04.png': Texture decode failed: can't fopen
[2026-10-08 21:25:25.782] [error] [engine] Texture transfer failed 'C:\Users\rocco\CLionProjects\TurboGameEngine\reports\lab1\gpu-upload-stress-20261008\intentionally-absent-assets\texture_05.png': Texture decode failed: can't fopen
[2026-10-08 21:25:25.783] [error] [engine] Texture transfer failed 'C:\Users\rocco\CLionProjects\TurboGameEngine\reports\lab1\gpu-upload-stress-20261008\intentionally-absent-assets\texture_06.png': Texture decode failed: can't fopen
[2026-10-08 21:25:25.784] [error] [engine] Texture transfer failed 'C:\Users\rocco\CLionProjects\TurboGameEngine\reports\lab1\gpu-upload-stress-20261008\intentionally-absent-assets\texture_07.png': Texture decode failed: can't fopen
[2026-10-08 21:25:25.785] [error] [engine] Texture transfer failed 'C:\Users\rocco\CLionProjects\TurboGameEngine\reports\lab1\gpu-upload-stress-20261008\intentionally-absent-assets\texture_08.png': Texture decode failed: can't fopen
[2026-10-08 21:25:25.786] [error] [engine] Texture transfer failed 'C:\Users\rocco\CLionProjects\TurboGameEngine\reports\lab1\gpu-upload-stress-20261008\intentionally-absent-assets\texture_09.png': Texture decode failed: can't fopen
[2026-10-08 21:25:25.787] [error] [engine] Texture transfer failed 'C:\Users\rocco\CLionProjects\TurboGameEngine\reports\lab1\gpu-upload-stress-20261008\intentionally-absent-assets\texture_10.png': Texture decode failed: can't fopen
[2026-10-08 21:25:25.789] [error] [engine] Texture transfer failed 'C:\Users\rocco\CLionProjects\TurboGameEngine\reports\lab1\gpu-upload-stress-20261008\intentionally-absent-assets\texture_11.png': Texture decode failed: can't fopen
[2026-10-08 21:25:25.790] [error] [engine] Mesh transfer failed 'C:\Users\rocco\CLionProjects\TurboGameEngine\reports\lab1\gpu-upload-stress-20261008\intentionally-absent-assets\mesh_00.obj': Mesh decode failed: Unable to open file "C:\Users\rocco\CLionProjects\TurboGameEngine\reports\lab1\gpu-upload-stress-20261008\intentionally-absent-assets\mesh_00.obj".
[2026-10-08 21:25:25.791] [error] [engine] Mesh transfer failed 'C:\Users\rocco\CLionProjects\TurboGameEngine\reports\lab1\gpu-upload-stress-20261008\intentionally-absent-assets\mesh_01.obj': Mesh decode failed: Unable to open file "C:\Users\rocco\CLionProjects\TurboGameEngine\reports\lab1\gpu-upload-stress-20261008\intentionally-absent-assets\mesh_01.obj".
[2026-10-08 21:25:25.792] [error] [engine] Mesh transfer failed 'C:\Users\rocco\CLionProjects\TurboGameEngine\reports\lab1\gpu-upload-stress-20261008\intentionally-absent-assets\mesh_02.obj': Mesh decode failed: Unable to open file "C:\Users\rocco\CLionProjects\TurboGameEngine\reports\lab1\gpu-upload-stress-20261008\intentionally-absent-assets\mesh_02.obj".
[2026-10-08 21:25:25.793] [error] [engine] Mesh transfer failed 'C:\Users\rocco\CLionProjects\TurboGameEngine\reports\lab1\gpu-upload-stress-20261008\intentionally-absent-assets\mesh_03.obj': Mesh decode failed: Unable to open file "C:\Users\rocco\CLionProjects\TurboGameEngine\reports\lab1\gpu-upload-stress-20261008\intentionally-absent-assets\mesh_03.obj".
[2026-10-08 21:25:25.793] [info] [engine] LAB_LOAD_COMPLETE elapsed=1.0223471 loaded=2 failed=16 cancelled=0
[2026-10-08 21:25:26.772] [info] [engine] Frame dt stats: avg=0.517ms min=0.301ms max=6.762ms samples=1934
[2026-10-08 21:25:27.821] [info] [engine] Frame dt stats: avg=0.997ms min=0.301ms max=33.709ms samples=1019
[2026-10-08 21:25:28.788] [info] [engine] Frame dt stats: avg=1.232ms min=0.313ms max=46.991ms samples=812
[2026-10-08 21:25:29.771] [info] [engine] Application shutdown started
[2026-10-08 21:25:29.771] [info] [engine] Exited GameplayState editor scene
[2026-10-08 21:25:29.772] [info] [engine] LAB_SHUTDOWN pending_cpu=0 pending_uploads=0
[2026-10-08 21:25:29.849] [info] [engine] Renderer shutdown complete
[2026-10-08 21:25:29.864] [info] [engine] Application shutdown complete
[2026-10-08 21:25:29.865] [info] [engine] Logger shutdown
[39mDiligent Engine: Info: D3D12-capable adapter found: NVIDIA GeForce RTX 5070 (11944 MB)
[39m[39mDiligent Engine: Info: Created dynamic memory page. Size: 1.00 MB; GPU virtual address 0x6770000
[39m[39mDiligent Engine: Info: Can not disable SeparablePrograms
[39m[39mDiligent Engine: Info: Max device shader model: 6_7
[39m[39mDiligent Engine: Info: Created dynamic memory page. Size: 1.00 MB; GPU virtual address 0x7a10000
[39m[39mDiligent Engine: Info: Created dynamic memory page. Size: 1.00 MB; GPU virtual address 0x7c10000
[39m[39mDiligent Engine: Info: SAMPLER     dynamic descriptor allocator of immediate context usage stats: peak descriptor count: 0/0
[39m[39mDiligent Engine: Info: CBV_SRV_UAV dynamic descriptor allocator of immediate context usage stats: peak descriptor count: 0/0
[39m[39mDiligent Engine: Info: Dynamic heap of immediate context usage stats:
                       Peak used/aligned/allocated size: 1.34 MB / 1.34 MB / 2.00 MB (2 pages). Peak efficiency (used/aligned): 100.0%. Peak utilization (used/allocated): 67.2%
[39m[39mDiligent Engine: Info: SAMPLER     dynamic descriptor allocator of immediate context usage stats: peak descriptor count: 0/0
[39m[39mDiligent Engine: Info: CBV_SRV_UAV dynamic descriptor allocator of immediate context usage stats: peak descriptor count: 17/256
[39m[39mDiligent Engine: Info: Dynamic heap of immediate context usage stats:
                       Peak used/aligned/allocated size: 61.75 KB / 61.75 KB / 1.00 MB (1 page). Peak efficiency (used/aligned): 100.0%. Peak utilization (used/allocated): 6.0%
[39m[39mDiligent Engine: Info: Dynamic memory manager usage stats:
                       Total allocated memory: 3.00 MB
[39m[39mDiligent Engine: Info: D3D12 query manager peak usage:
QUERY_TYPE_OCCLUSION          :    0/ 128
QUERY_TYPE_BINARY_OCCLUSION   :    0/ 128
QUERY_TYPE_TIMESTAMP          :    0/ 512
QUERY_TYPE_PIPELINE_STATISTICS:    0/ 128
QUERY_TYPE_DURATION           :    0/ 512
[39m[39mDiligent Engine: Info: D3D12 query manager peak usage:
QUERY_TYPE_TIMESTAMP          :    0/ 512
QUERY_TYPE_DURATION           :    0/ 512
[39m[39mDiligent Engine: Info: Command list manager: created 1 allocators
[39m[39mDiligent Engine: Info: Command list manager: created 0 allocators
[39m[39mDiligent Engine: Info: Command list manager: created 12 allocators
[39m[39mDiligent Engine: Info: D3D12_DESCRIPTOR_HEAP_TYPE_SAMPLER     GPU heap max allocated size (static|dynamic): 0/1024 (0.00%) | 0/1024 (0.00%).
[39m[39mDiligent Engine: Info: D3D12_DESCRIPTOR_HEAP_TYPE_CBV_SRV_UAV GPU heap max allocated size (static|dynamic): 0/16384 (0.00%) | 768/262144 (0.29%).
[39m[39mDiligent Engine: Info: D3D12_DESCRIPTOR_HEAP_TYPE_DSV         CPU heap allocated pool count: 1. Max descriptors: 1/1024 (0.10%).
[39m[39mDiligent Engine: Info: D3D12_DESCRIPTOR_HEAP_TYPE_RTV         CPU heap allocated pool count: 1. Max descriptors: 4/1024 (0.39%).
[39m[39mDiligent Engine: Info: D3D12_DESCRIPTOR_HEAP_TYPE_SAMPLER     CPU heap allocated pool count: 1. Max descriptors: 0/2048 (0.00%).
[39m[39mDiligent Engine: Info: D3D12_DESCRIPTOR_HEAP_TYPE_CBV_SRV_UAV CPU heap allocated pool count: 1. Max descriptors: 6/8192 (0.07%).
[39m