[2026-10-08 21:26:28.757] [info] [engine] Logger initialized
[2026-10-08 21:26:28.770] [info] [engine] Application init started
[2026-10-08 21:26:28.773] [info] [engine] Config file 'config.json' not found, using defaults
[2026-10-08 21:26:28.805] [info] [engine] Initializing Diligent backend with device 'd3d12'
[2026-10-08 21:26:30.697] [info] [engine] GPU_UPLOAD_QUEUE enabled backend=d3d12 graphics_context=0 transfer_context=1
[2026-10-08 21:26:30.702] [info] [engine] Renderer initialized with backend Diligent
[2026-10-08 21:26:30.723] [info] [engine] Placeholder mesh ready: vertices=4, indices=6
[2026-10-08 21:26:30.730] [info] [engine] Fallback white texture ready: 1x1
[2026-10-08 21:26:30.745] [info] [engine] Shader program loaded '__fallback_shader__': vert='assets/shaders_hlsl/textured.vert.hlsl' frag='assets/shaders_hlsl/textured.frag.hlsl'
[2026-10-08 21:26:30.745] [info] [engine] Resource subsystem initialized
[2026-10-08 21:26:30.761] [info] [engine] ImGui layer initialized
[2026-10-08 21:26:30.761] [info] [engine] StateStack push
[2026-10-08 21:26:30.761] [info] [engine] Entered GameplayState editor scene
[2026-10-08 21:26:30.761] [info] [engine] LAB_SCENE_READY scene=loading render_entities=16 total_entities=22
[2026-10-08 21:26:30.762] [info] [engine] Application init complete, backend=Diligent
[2026-10-08 21:26:30.762] [info] [engine] LAB_RUN_START scene=loading parallel_ecs=true async_loading=true entities=4096 workers=4
[2026-10-08 21:26:30.763] [info] [engine] ResourceManager cache miss [class engine::resources::Mesh] '__diligent_cube__'
[2026-10-08 21:26:30.763] [info] [engine] ResourceManager cache miss [class engine::resources::Texture] 'assets/textures/DGLogo.png'
[2026-10-08 21:26:30.763] [info] [engine] ResourceManager cache miss [class engine::resources::ShaderProgram] 'assets/shaders_hlsl/textured.shader.json'
[2026-10-08 21:26:30.764] [info] [engine] ResourceManager cache hit [class engine::resources::Mesh] '__diligent_cube__'
[2026-10-08 21:26:30.764] [info] [engine] ResourceManager cache hit [class engine::resources::Texture] 'assets/textures/DGLogo.png'
[2026-10-08 21:26:30.764] [info] [engine] ResourceManager cache hit [class engine::resources::ShaderProgram] 'assets/shaders_hlsl/textured.shader.json'
[2026-10-08 21:26:30.764] [info] [engine] ResourceManager cache hit [class engine::resources::Mesh] '__diligent_cube__'
[2026-10-08 21:26:30.764] [info] [engine] ResourceManager cache hit [class engine::resources::Texture] 'assets/textures/DGLogo.png'
[2026-10-08 21:26:30.764] [info] [engine] ResourceManager cache hit [class engine::resources::ShaderProgram] 'assets/shaders_hlsl/textured.shader.json'
[2026-10-08 21:26:30.765] [info] [engine] ResourceManager cache hit [class engine::resources::Mesh] '__diligent_cube__'
[2026-10-08 21:26:30.765] [info] [engine] ResourceManager cache hit [class engine::resources::Texture] 'assets/textures/DGLogo.png'
[2026-10-08 21:26:30.765] [info] [engine] ResourceManager cache hit [class engine::resources::ShaderProgram] 'assets/shaders_hlsl/textured.shader.json'
[2026-10-08 21:26:30.765] [info] [engine] ResourceManager cache hit [class engine::resources::Mesh] '__diligent_cube__'
[2026-10-08 21:26:30.765] [info] [engine] ResourceManager cache hit [class engine::resources::Texture] 'assets/textures/DGLogo.png'
[2026-10-08 21:26:30.765] [info] [engine] ResourceManager cache hit [class engine::resources::ShaderProgram] 'assets/shaders_hlsl/textured.shader.json'
[2026-10-08 21:26:30.765] [info] [engine] ResourceManager cache hit [class engine::resources::Mesh] '__diligent_cube__'
[2026-10-08 21:26:30.766] [info] [engine] ResourceManager cache hit [class engine::resources::Texture] 'assets/textures/DGLogo.png'
[2026-10-08 21:26:30.766] [info] [engine] ResourceManager cache hit [class engine::resources::ShaderProgram] 'assets/shaders_hlsl/textured.shader.json'
[2026-10-08 21:26:30.766] [info] [engine] ResourceManager cache hit [class engine::resources::Mesh] '__diligent_cube__'
[2026-10-08 21:26:30.766] [info] [engine] ResourceManager cache hit [class engine::resources::Texture] 'assets/textures/DGLogo.png'
[2026-10-08 21:26:30.766] [info] [engine] ResourceManager cache hit [class engine::resources::ShaderProgram] 'assets/shaders_hlsl/textured.shader.json'
[2026-10-08 21:26:30.767] [info] [engine] ResourceManager cache hit [class engine::resources::Mesh] '__diligent_cube__'
[2026-10-08 21:26:30.767] [info] [engine] ResourceManager cache hit [class engine::resources::Texture] 'assets/textures/DGLogo.png'
[2026-10-08 21:26:30.767] [info] [engine] ResourceManager cache hit [class engine::resources::ShaderProgram] 'assets/shaders_hlsl/textured.shader.json'
[2026-10-08 21:26:30.767] [info] [engine] ResourceManager cache hit [class engine::resources::Mesh] '__diligent_cube__'
[2026-10-08 21:26:30.767] [info] [engine] ResourceManager cache hit [class engine::resources::Texture] 'assets/textures/DGLogo.png'
[2026-10-08 21:26:30.767] [info] [engine] ResourceManager cache hit [class engine::resources::ShaderProgram] 'assets/shaders_hlsl/textured.shader.json'
[2026-10-08 21:26:30.768] [info] [engine] ResourceManager cache hit [class engine::resources::Mesh] '__diligent_cube__'
[2026-10-08 21:26:30.768] [info] [engine] ResourceManager cache hit [class engine::resources::Texture] 'assets/textures/DGLogo.png'
[2026-10-08 21:26:30.768] [info] [engine] ResourceManager cache hit [class engine::resources::ShaderProgram] 'assets/shaders_hlsl/textured.shader.json'
[2026-10-08 21:26:30.768] [info] [engine] ResourceManager cache hit [class engine::resources::Mesh] '__diligent_cube__'
[2026-10-08 21:26:30.768] [info] [engine] ResourceManager cache hit [class engine::resources::Texture] 'assets/textures/DGLogo.png'
[2026-10-08 21:26:30.768] [info] [engine] ResourceManager cache hit [class engine::resources::ShaderProgram] 'assets/shaders_hlsl/textured.shader.json'
[2026-10-08 21:26:30.769] [info] [engine] ResourceManager cache hit [class engine::resources::Mesh] '__diligent_cube__'
[2026-10-08 21:26:30.769] [info] [engine] ResourceManager cache hit [class engine::resources::Texture] 'assets/textures/DGLogo.png'
[2026-10-08 21:26:30.769] [info] [engine] ResourceManager cache hit [class engine::resources::ShaderProgram] 'assets/shaders_hlsl/textured.shader.json'
[2026-10-08 21:26:30.769] [info] [engine] ResourceManager cache hit [class engine::resources::Mesh] '__diligent_cube__'
[2026-10-08 21:26:30.769] [info] [engine] ResourceManager cache hit [class engine::resources::Texture] 'assets/textures/DGLogo.png'
[2026-10-08 21:26:30.769] [info] [engine] ResourceManager cache hit [class engine::resources::ShaderProgram] 'assets/shaders_hlsl/textured.shader.json'
[2026-10-08 21:26:30.769] [info] [engine] ResourceManager cache hit [class engine::resources::Mesh] '__diligent_cube__'
[2026-10-08 21:26:30.770] [info] [engine] ResourceManager cache hit [class engine::resources::Texture] 'assets/textures/DGLogo.png'
[2026-10-08 21:26:30.770] [info] [engine] ResourceManager cache hit [class engine::resources::ShaderProgram] 'assets/shaders_hlsl/textured.shader.json'
[2026-10-08 21:26:30.770] [info] [engine] ResourceManager cache hit [class engine::resources::Mesh] '__diligent_cube__'
[2026-10-08 21:26:30.770] [info] [engine] ResourceManager cache hit [class engine::resources::Texture] 'assets/textures/DGLogo.png'
[2026-10-08 21:26:30.770] [info] [engine] ResourceManager cache hit [class engine::resources::ShaderProgram] 'assets/shaders_hlsl/textured.shader.json'
[2026-10-08 21:26:30.770] [info] [engine] ResourceManager cache hit [class engine::resources::Mesh] '__diligent_cube__'
[2026-10-08 21:26:30.770] [info] [engine] ResourceManager cache hit [class engine::resources::Texture] 'assets/textures/DGLogo.png'
[2026-10-08 21:26:30.771] [info] [engine] ResourceManager cache hit [class engine::resources::ShaderProgram] 'assets/shaders_hlsl/textured.shader.json'
[2026-10-08 21:26:30.778] [info] [engine] Texture loaded 'assets/textures/DGLogo.png' via GPU transfer: 512x512
[2026-10-08 21:26:30.793] [info] [engine] Shader program loaded 'assets/shaders_hlsl/textured.shader.json': vert='assets/shaders_hlsl/textured.vert.hlsl' frag='assets/shaders_hlsl/textured.frag.hlsl'
[2026-10-08 21:26:31.762] [info] [engine] LAB_LOAD_START elapsed=1.0003971 asset_dir=C:\tge\lab1-assets
[2026-10-08 21:26:31.763] [info] [engine] ResourceManager cache miss [class engine::resources::Texture] 'C:\tge\lab1-assets\texture_00.png'
[2026-10-08 21:26:31.763] [info] [engine] ResourceManager cache miss [class engine::resources::Texture] 'C:\tge\lab1-assets\texture_01.png'
[2026-10-08 21:26:31.763] [info] [engine] ResourceManager cache miss [class engine::resources::Texture] 'C:\tge\lab1-assets\texture_02.png'
[2026-10-08 21:26:31.763] [info] [engine] ResourceManager cache miss [class engine::resources::Texture] 'C:\tge\lab1-assets\texture_03.png'
[2026-10-08 21:26:31.763] [info] [engine] ResourceManager cache miss [class engine::resources::Texture] 'C:\tge\lab1-assets\texture_04.png'
[2026-10-08 21:26:31.764] [info] [engine] ResourceManager cache miss [class engine::resources::Texture] 'C:\tge\lab1-assets\texture_05.png'
[2026-10-08 21:26:31.764] [info] [engine] ResourceManager cache miss [class engine::resources::Texture] 'C:\tge\lab1-assets\texture_06.png'
[2026-10-08 21:26:31.764] [info] [engine] ResourceManager cache miss [class engine::resources::Texture] 'C:\tge\lab1-assets\texture_07.png'
[2026-10-08 21:26:31.764] [info] [engine] ResourceManager cache miss [class engine::resources::Texture] 'C:\tge\lab1-assets\texture_08.png'
[2026-10-08 21:26:31.764] [info] [engine] ResourceManager cache miss [class engine::resources::Texture] 'C:\tge\lab1-assets\texture_09.png'
[2026-10-08 21:26:31.765] [info] [engine] ResourceManager cache miss [class engine::resources::Texture] 'C:\tge\lab1-assets\texture_10.png'
[2026-10-08 21:26:31.765] [info] [engine] ResourceManager cache miss [class engine::resources::Texture] 'C:\tge\lab1-assets\texture_11.png'
[2026-10-08 21:26:31.765] [info] [engine] ResourceManager cache miss [class engine::resources::Mesh] 'C:\tge\lab1-assets\mesh_00.obj'
[2026-10-08 21:26:31.765] [info] [engine] ResourceManager cache miss [class engine::resources::Mesh] 'C:\tge\lab1-assets\mesh_01.obj'
[2026-10-08 21:26:31.766] [info] [engine] ResourceManager cache miss [class engine::resources::Mesh] 'C:\tge\lab1-assets\mesh_02.obj'
[2026-10-08 21:26:31.766] [info] [engine] ResourceManager cache miss [class engine::resources::Mesh] 'C:\tge\lab1-assets\mesh_03.obj'
[2026-10-08 21:26:31.768] [info] [engine] Frame dt stats: avg=0.375ms min=0.276ms max=15.466ms samples=2668
[2026-10-08 21:26:31.945] [info] [engine] Texture loaded 'C:\tge\lab1-assets\texture_02.png' via GPU transfer: 2048x2048
[2026-10-08 21:26:31.948] [info] [engine] Texture loaded 'C:\tge\lab1-assets\texture_01.png' via GPU transfer: 2048x2048
[2026-10-08 21:26:31.954] [info] [engine] Texture loaded 'C:\tge\lab1-assets\texture_00.png' via GPU transfer: 2048x2048
[2026-10-08 21:26:31.961] [info] [engine] Texture loaded 'C:\tge\lab1-assets\texture_03.png' via GPU transfer: 2048x2048
[2026-10-08 21:26:32.117] [info] [engine] Texture loaded 'C:\tge\lab1-assets\texture_04.png' via GPU transfer: 2048x2048
[2026-10-08 21:26:32.131] [info] [engine] Texture loaded 'C:\tge\lab1-assets\texture_06.png' via GPU transfer: 2048x2048
[2026-10-08 21:26:32.149] [info] [engine] Texture loaded 'C:\tge\lab1-assets\texture_05.png' via GPU transfer: 2048x2048
[2026-10-08 21:26:32.156] [info] [engine] Texture loaded 'C:\tge\lab1-assets\texture_07.png' via GPU transfer: 2048x2048
[2026-10-08 21:26:32.283] [info] [engine] Texture loaded 'C:\tge\lab1-assets\texture_08.png' via GPU transfer: 2048x2048
[2026-10-08 21:26:32.324] [info] [engine] Texture loaded 'C:\tge\lab1-assets\texture_09.png' via GPU transfer: 2048x2048
[2026-10-08 21:26:32.328] [info] [engine] Texture loaded 'C:\tge\lab1-assets\texture_10.png' via GPU transfer: 2048x2048
[2026-10-08 21:26:32.348] [info] [engine] Texture loaded 'C:\tge\lab1-assets\texture_11.png' via GPU transfer: 2048x2048
[2026-10-08 21:26:32.659] [info] [engine] Mesh loaded 'C:\tge\lab1-assets\mesh_00.obj' via GPU transfer: vertices=66049, indices=393216
[2026-10-08 21:26:32.752] [info] [engine] Mesh loaded 'C:\tge\lab1-assets\mesh_01.obj' via GPU transfer: vertices=66049, indices=393216
[2026-10-08 21:26:32.758] [info] [engine] Mesh loaded 'C:\tge\lab1-assets\mesh_02.obj' via GPU transfer: vertices=66049, indices=393216
[2026-10-08 21:26:32.763] [info] [engine] Frame dt stats: avg=0.478ms min=0.315ms max=10.230ms samples=2090
[2026-10-08 21:26:32.775] [info] [engine] Mesh loaded 'C:\tge\lab1-assets\mesh_03.obj' via GPU transfer: vertices=66049, indices=393216
[2026-10-08 21:26:32.775] [info] [engine] LAB_LOAD_COMPLETE elapsed=2.0132805 loaded=18 failed=0 cancelled=0
[2026-10-08 21:26:33.763] [info] [engine] Frame dt stats: avg=0.454ms min=0.302ms max=3.250ms samples=2203
[2026-10-08 21:26:34.763] [info] [engine] Frame dt stats: avg=0.472ms min=0.294ms max=9.896ms samples=2119
[2026-10-08 21:26:35.763] [info] [engine] Frame dt stats: avg=0.472ms min=0.292ms max=10.537ms samples=2120
[2026-10-08 21:26:36.763] [info] [engine] Frame dt stats: avg=0.441ms min=0.287ms max=9.537ms samples=2269
[2026-10-08 21:26:37.763] [info] [engine] Frame dt stats: avg=0.444ms min=0.300ms max=10.663ms samples=2250
[2026-10-08 21:26:38.762] [info] [engine] Application shutdown started
[2026-10-08 21:26:38.763] [info] [engine] Exited GameplayState editor scene
[2026-10-08 21:26:38.773] [info] [engine] LAB_SHUTDOWN pending_cpu=0 pending_uploads=0
[2026-10-08 21:26:38.836] [info] [engine] Renderer shutdown complete
[2026-10-08 21:26:38.847] [info] [engine] Application shutdown complete
[2026-10-08 21:26:38.847] [info] [engine] Logger shutdown
[39mDiligent Engine: Info: D3D12-capable adapter found: NVIDIA GeForce RTX 5070 (11944 MB)
[39m[39mDiligent Engine: Info: Created dynamic memory page. Size: 1.00 MB; GPU virtual address 0x6770000
[39m[39mDiligent Engine: Info: Can not disable SeparablePrograms
[39m[39mDiligent Engine: Info: Max device shader model: 6_7
[39m[39mDiligent Engine: Info: Created dynamic memory page. Size: 1.00 MB; GPU virtual address 0x7a10000
[39m[39mDiligent Engine: Info: Created dynamic memory page. Size: 1.00 MB; GPU virtual address 0x7b10000
[39m[39mDiligent Engine: Info: Created dynamic memory page. Size: 16.00 MB; GPU virtual address 0x9800000
[39m[39mDiligent Engine: Info: Created dynamic memory page. Size: 4.00 MB; GPU virtual address 0xa800000
[39m[39mDiligent Engine: Info: SAMPLER     dynamic descriptor allocator of immediate context usage stats: peak descriptor count: 0/0
[39m[39mDiligent Engine: Info: CBV_SRV_UAV dynamic descriptor allocator of immediate context usage stats: peak descriptor count: 0/0
[39m[39mDiligent Engine: Info: Dynamic heap of immediate context usage stats:
                       Peak used/aligned/allocated size: 21.34 MB / 21.34 MB / 22.00 MB (22 pages). Peak efficiency (used/aligned): 100.0%. Peak utilization (used/allocated): 97.0%
[39m[39mDiligent Engine: Info: SAMPLER     dynamic descriptor allocator of immediate context usage stats: peak descriptor count: 0/0
[39m[39mDiligent Engine: Info: CBV_SRV_UAV dynamic descriptor allocator of immediate context usage stats: peak descriptor count: 17/256
[39m[39mDiligent Engine: Info: Dynamic heap of immediate context usage stats:
                       Peak used/aligned/allocated size: 61.75 KB / 61.75 KB / 1.00 MB (1 page). Peak efficiency (used/aligned): 100.0%. Peak utilization (used/allocated): 6.0%
[39m[39mDiligent Engine: Info: Dynamic memory manager usage stats:
                       Total allocated memory: 23.00 MB
[39m[39mDiligent Engine: Info: D3D12 query manager peak usage:
QUERY_TYPE_OCCLUSION          :    0/ 128
QUERY_TYPE_BINARY_OCCLUSION   :    0/ 128
QUERY_TYPE_TIMESTAMP          :    0/ 512
QUERY_TYPE_PIPELINE_STATISTICS:    0/ 128
QUERY_TYPE_DURATION           :    0/ 512
[39m[39mDiligent Engine: Info: D3D12 query manager peak usage:
QUERY_TYPE_TIMESTAMP          :    0/ 512
QUERY_TYPE_DURATION           :    0/ 512
[39m[39mDiligent Engine: Info: Command list manager: created 2 allocators
[39m[39mDiligent Engine: Info: Command list manager: created 0 allocators
[39m[39mDiligent Engine: Info: Command list manager: created 12 allocators
[39m[39mDiligent Engine: Info: D3D12_DESCRIPTOR_HEAP_TYPE_SAMPLER     GPU heap max allocated size (static|dynamic): 0/1024 (0.00%) | 0/1024 (0.00%).
[39m[39mDiligent Engine: Info: D3D12_DESCRIPTOR_HEAP_TYPE_CBV_SRV_UAV GPU heap max allocated size (static|dynamic): 0/16384 (0.00%) | 768/262144 (0.29%).
[39m[39mDiligent Engine: Info: D3D12_DESCRIPTOR_HEAP_TYPE_DSV         CPU heap allocated pool count: 1. Max descriptors: 1/1024 (0.10%).
[39m[39mDiligent Engine: Info: D3D12_DESCRIPTOR_HEAP_TYPE_RTV         CPU heap allocated pool count: 1. Max descriptors: 4/1024 (0.39%).
[39m[39mDiligent Engine: Info: D3D12_DESCRIPTOR_HEAP_TYPE_SAMPLER     CPU heap allocated pool count: 1. Max descriptors: 0/2048 (0.00%).
[39m[39mDiligent Engine: Info: D3D12_DESCRIPTOR_HEAP_TYPE_CBV_SRV_UAV CPU heap allocated pool count: 1. Max descriptors: 18/8192 (0.22%).
[39m