[2026-09-24 22:56:12.372] [info] [engine] Logger initialized
[2026-09-24 22:56:12.385] [info] [engine] Application init started
[2026-09-24 22:56:12.389] [info] [engine] Config file 'config.json' not found, using defaults
[2026-09-24 22:56:12.451] [info] [engine] Initializing Diligent backend with device 'd3d12'
[2026-09-24 22:56:12.973] [info] [engine] Renderer initialized with backend Diligent
[2026-09-24 22:56:12.996] [info] [engine] Placeholder mesh ready: vertices=4, indices=6
[2026-09-24 22:56:13.012] [info] [engine] Fallback white texture ready: 1x1
[2026-09-24 22:56:13.029] [info] [engine] Shader program loaded '__fallback_shader__': vert='assets/shaders_hlsl/textured.vert.hlsl' frag='assets/shaders_hlsl/textured.frag.hlsl'
[2026-09-24 22:56:13.029] [info] [engine] Resource subsystem initialized
[2026-09-24 22:56:13.047] [info] [engine] ImGui layer initialized
[2026-09-24 22:56:13.047] [info] [engine] StateStack push
[2026-09-24 22:56:13.047] [info] [engine] Entered GameplayState editor scene
[2026-09-24 22:56:13.048] [info] [engine] LAB_SCENE_READY scene=loading render_entities=16 total_entities=22
[2026-09-24 22:56:13.048] [info] [engine] Application init complete, backend=Diligent
[2026-09-24 22:56:13.048] [info] [engine] LAB_RUN_START scene=loading parallel_ecs=true async_loading=true entities=4096 workers=4
[2026-09-24 22:56:13.050] [info] [engine] ResourceManager cache miss [class engine::resources::Mesh] '__diligent_cube__'
[2026-09-24 22:56:13.050] [info] [engine] ResourceManager cache miss [class engine::resources::Texture] 'assets/textures/DGLogo.png'
[2026-09-24 22:56:13.050] [info] [engine] ResourceManager cache miss [class engine::resources::ShaderProgram] 'assets/shaders_hlsl/textured.shader.json'
[2026-09-24 22:56:13.051] [info] [engine] ResourceManager cache hit [class engine::resources::Mesh] '__diligent_cube__'
[2026-09-24 22:56:13.051] [info] [engine] ResourceManager cache hit [class engine::resources::Texture] 'assets/textures/DGLogo.png'
[2026-09-24 22:56:13.051] [info] [engine] ResourceManager cache hit [class engine::resources::ShaderProgram] 'assets/shaders_hlsl/textured.shader.json'
[2026-09-24 22:56:13.052] [info] [engine] ResourceManager cache hit [class engine::resources::Mesh] '__diligent_cube__'
[2026-09-24 22:56:13.052] [info] [engine] ResourceManager cache hit [class engine::resources::Texture] 'assets/textures/DGLogo.png'
[2026-09-24 22:56:13.052] [info] [engine] ResourceManager cache hit [class engine::resources::ShaderProgram] 'assets/shaders_hlsl/textured.shader.json'
[2026-09-24 22:56:13.053] [info] [engine] ResourceManager cache hit [class engine::resources::Mesh] '__diligent_cube__'
[2026-09-24 22:56:13.053] [info] [engine] ResourceManager cache hit [class engine::resources::Texture] 'assets/textures/DGLogo.png'
[2026-09-24 22:56:13.053] [info] [engine] ResourceManager cache hit [class engine::resources::ShaderProgram] 'assets/shaders_hlsl/textured.shader.json'
[2026-09-24 22:56:13.053] [info] [engine] ResourceManager cache hit [class engine::resources::Mesh] '__diligent_cube__'
[2026-09-24 22:56:13.053] [info] [engine] ResourceManager cache hit [class engine::resources::Texture] 'assets/textures/DGLogo.png'
[2026-09-24 22:56:13.054] [info] [engine] ResourceManager cache hit [class engine::resources::ShaderProgram] 'assets/shaders_hlsl/textured.shader.json'
[2026-09-24 22:56:13.054] [info] [engine] ResourceManager cache hit [class engine::resources::Mesh] '__diligent_cube__'
[2026-09-24 22:56:13.054] [info] [engine] ResourceManager cache hit [class engine::resources::Texture] 'assets/textures/DGLogo.png'
[2026-09-24 22:56:13.054] [info] [engine] ResourceManager cache hit [class engine::resources::ShaderProgram] 'assets/shaders_hlsl/textured.shader.json'
[2026-09-24 22:56:13.055] [info] [engine] ResourceManager cache hit [class engine::resources::Mesh] '__diligent_cube__'
[2026-09-24 22:56:13.055] [info] [engine] ResourceManager cache hit [class engine::resources::Texture] 'assets/textures/DGLogo.png'
[2026-09-24 22:56:13.055] [info] [engine] ResourceManager cache hit [class engine::resources::ShaderProgram] 'assets/shaders_hlsl/textured.shader.json'
[2026-09-24 22:56:13.055] [info] [engine] ResourceManager cache hit [class engine::resources::Mesh] '__diligent_cube__'
[2026-09-24 22:56:13.056] [info] [engine] ResourceManager cache hit [class engine::resources::Texture] 'assets/textures/DGLogo.png'
[2026-09-24 22:56:13.056] [info] [engine] ResourceManager cache hit [class engine::resources::ShaderProgram] 'assets/shaders_hlsl/textured.shader.json'
[2026-09-24 22:56:13.056] [info] [engine] ResourceManager cache hit [class engine::resources::Mesh] '__diligent_cube__'
[2026-09-24 22:56:13.056] [info] [engine] ResourceManager cache hit [class engine::resources::Texture] 'assets/textures/DGLogo.png'
[2026-09-24 22:56:13.057] [info] [engine] ResourceManager cache hit [class engine::resources::ShaderProgram] 'assets/shaders_hlsl/textured.shader.json'
[2026-09-24 22:56:13.057] [info] [engine] ResourceManager cache hit [class engine::resources::Mesh] '__diligent_cube__'
[2026-09-24 22:56:13.057] [info] [engine] ResourceManager cache hit [class engine::resources::Texture] 'assets/textures/DGLogo.png'
[2026-09-24 22:56:13.057] [info] [engine] ResourceManager cache hit [class engine::resources::ShaderProgram] 'assets/shaders_hlsl/textured.shader.json'
[2026-09-24 22:56:13.058] [info] [engine] ResourceManager cache hit [class engine::resources::Mesh] '__diligent_cube__'
[2026-09-24 22:56:13.058] [info] [engine] ResourceManager cache hit [class engine::resources::Texture] 'assets/textures/DGLogo.png'
[2026-09-24 22:56:13.058] [info] [engine] ResourceManager cache hit [class engine::resources::ShaderProgram] 'assets/shaders_hlsl/textured.shader.json'
[2026-09-24 22:56:13.058] [info] [engine] ResourceManager cache hit [class engine::resources::Mesh] '__diligent_cube__'
[2026-09-24 22:56:13.058] [info] [engine] ResourceManager cache hit [class engine::resources::Texture] 'assets/textures/DGLogo.png'
[2026-09-24 22:56:13.058] [info] [engine] ResourceManager cache hit [class engine::resources::ShaderProgram] 'assets/shaders_hlsl/textured.shader.json'
[2026-09-24 22:56:13.058] [info] [engine] ResourceManager cache hit [class engine::resources::Mesh] '__diligent_cube__'
[2026-09-24 22:56:13.059] [info] [engine] ResourceManager cache hit [class engine::resources::Texture] 'assets/textures/DGLogo.png'
[2026-09-24 22:56:13.059] [info] [engine] ResourceManager cache hit [class engine::resources::ShaderProgram] 'assets/shaders_hlsl/textured.shader.json'
[2026-09-24 22:56:13.059] [info] [engine] ResourceManager cache hit [class engine::resources::Mesh] '__diligent_cube__'
[2026-09-24 22:56:13.059] [info] [engine] ResourceManager cache hit [class engine::resources::Texture] 'assets/textures/DGLogo.png'
[2026-09-24 22:56:13.059] [info] [engine] ResourceManager cache hit [class engine::resources::ShaderProgram] 'assets/shaders_hlsl/textured.shader.json'
[2026-09-24 22:56:13.059] [info] [engine] ResourceManager cache hit [class engine::resources::Mesh] '__diligent_cube__'
[2026-09-24 22:56:13.060] [info] [engine] ResourceManager cache hit [class engine::resources::Texture] 'assets/textures/DGLogo.png'
[2026-09-24 22:56:13.060] [info] [engine] ResourceManager cache hit [class engine::resources::ShaderProgram] 'assets/shaders_hlsl/textured.shader.json'
[2026-09-24 22:56:13.060] [info] [engine] ResourceManager cache hit [class engine::resources::Mesh] '__diligent_cube__'
[2026-09-24 22:56:13.060] [info] [engine] ResourceManager cache hit [class engine::resources::Texture] 'assets/textures/DGLogo.png'
[2026-09-24 22:56:13.060] [info] [engine] ResourceManager cache hit [class engine::resources::ShaderProgram] 'assets/shaders_hlsl/textured.shader.json'
[2026-09-24 22:56:13.070] [info] [engine] Texture loaded 'assets/textures/DGLogo.png': 512x512 channels=4
[2026-09-24 22:56:13.088] [info] [engine] Shader program loaded 'assets/shaders_hlsl/textured.shader.json': vert='assets/shaders_hlsl/textured.vert.hlsl' frag='assets/shaders_hlsl/textured.frag.hlsl'
[2026-09-24 22:56:14.049] [info] [engine] LAB_LOAD_START elapsed=1.0001459 asset_dir=C:\Users\rocco\CLionProjects\TurboGameEngine\reports\lab1\stress-final\intentionally-absent-assets
[2026-09-24 22:56:14.050] [info] [engine] ResourceManager cache miss [class engine::resources::Texture] 'C:\Users\rocco\CLionProjects\TurboGameEngine\reports\lab1\stress-final\intentionally-absent-assets\texture_00.png'
[2026-09-24 22:56:14.051] [info] [engine] ResourceManager cache miss [class engine::resources::Texture] 'C:\Users\rocco\CLionProjects\TurboGameEngine\reports\lab1\stress-final\intentionally-absent-assets\texture_01.png'
[2026-09-24 22:56:14.051] [info] [engine] ResourceManager cache miss [class engine::resources::Texture] 'C:\Users\rocco\CLionProjects\TurboGameEngine\reports\lab1\stress-final\intentionally-absent-assets\texture_02.png'
[2026-09-24 22:56:14.051] [info] [engine] ResourceManager cache miss [class engine::resources::Texture] 'C:\Users\rocco\CLionProjects\TurboGameEngine\reports\lab1\stress-final\intentionally-absent-assets\texture_03.png'
[2026-09-24 22:56:14.052] [info] [engine] ResourceManager cache miss [class engine::resources::Texture] 'C:\Users\rocco\CLionProjects\TurboGameEngine\reports\lab1\stress-final\intentionally-absent-assets\texture_04.png'
[2026-09-24 22:56:14.052] [info] [engine] ResourceManager cache miss [class engine::resources::Texture] 'C:\Users\rocco\CLionProjects\TurboGameEngine\reports\lab1\stress-final\intentionally-absent-assets\texture_05.png'
[2026-09-24 22:56:14.052] [info] [engine] ResourceManager cache miss [class engine::resources::Texture] 'C:\Users\rocco\CLionProjects\TurboGameEngine\reports\lab1\stress-final\intentionally-absent-assets\texture_06.png'
[2026-09-24 22:56:14.053] [info] [engine] ResourceManager cache miss [class engine::resources::Texture] 'C:\Users\rocco\CLionProjects\TurboGameEngine\reports\lab1\stress-final\intentionally-absent-assets\texture_07.png'
[2026-09-24 22:56:14.053] [info] [engine] ResourceManager cache miss [class engine::resources::Texture] 'C:\Users\rocco\CLionProjects\TurboGameEngine\reports\lab1\stress-final\intentionally-absent-assets\texture_08.png'
[2026-09-24 22:56:14.053] [info] [engine] ResourceManager cache miss [class engine::resources::Texture] 'C:\Users\rocco\CLionProjects\TurboGameEngine\reports\lab1\stress-final\intentionally-absent-assets\texture_09.png'
[2026-09-24 22:56:14.053] [info] [engine] ResourceManager cache miss [class engine::resources::Texture] 'C:\Users\rocco\CLionProjects\TurboGameEngine\reports\lab1\stress-final\intentionally-absent-assets\texture_10.png'
[2026-09-24 22:56:14.053] [info] [engine] ResourceManager cache miss [class engine::resources::Texture] 'C:\Users\rocco\CLionProjects\TurboGameEngine\reports\lab1\stress-final\intentionally-absent-assets\texture_11.png'
[2026-09-24 22:56:14.054] [info] [engine] ResourceManager cache miss [class engine::resources::Mesh] 'C:\Users\rocco\CLionProjects\TurboGameEngine\reports\lab1\stress-final\intentionally-absent-assets\mesh_00.obj'
[2026-09-24 22:56:14.054] [info] [engine] ResourceManager cache miss [class engine::resources::Mesh] 'C:\Users\rocco\CLionProjects\TurboGameEngine\reports\lab1\stress-final\intentionally-absent-assets\mesh_01.obj'
[2026-09-24 22:56:14.054] [info] [engine] ResourceManager cache miss [class engine::resources::Mesh] 'C:\Users\rocco\CLionProjects\TurboGameEngine\reports\lab1\stress-final\intentionally-absent-assets\mesh_02.obj'
[2026-09-24 22:56:14.054] [info] [engine] ResourceManager cache miss [class engine::resources::Mesh] 'C:\Users\rocco\CLionProjects\TurboGameEngine\reports\lab1\stress-final\intentionally-absent-assets\mesh_03.obj'
[2026-09-24 22:56:14.055] [info] [engine] Frame dt stats: avg=0.693ms min=0.285ms max=35.859ms samples=1442
[2026-09-24 22:56:14.056] [error] [engine] Texture load failed 'C:\Users\rocco\CLionProjects\TurboGameEngine\reports\lab1\stress-final\intentionally-absent-assets\texture_00.png': can't fopen
[2026-09-24 22:56:14.057] [error] [engine] Texture load failed 'C:\Users\rocco\CLionProjects\TurboGameEngine\reports\lab1\stress-final\intentionally-absent-assets\texture_01.png': can't fopen
[2026-09-24 22:56:14.057] [error] [engine] Texture load failed 'C:\Users\rocco\CLionProjects\TurboGameEngine\reports\lab1\stress-final\intentionally-absent-assets\texture_02.png': can't fopen
[2026-09-24 22:56:14.058] [error] [engine] Texture load failed 'C:\Users\rocco\CLionProjects\TurboGameEngine\reports\lab1\stress-final\intentionally-absent-assets\texture_03.png': can't fopen
[2026-09-24 22:56:14.060] [error] [engine] Texture load failed 'C:\Users\rocco\CLionProjects\TurboGameEngine\reports\lab1\stress-final\intentionally-absent-assets\texture_04.png': can't fopen
[2026-09-24 22:56:14.061] [error] [engine] Texture load failed 'C:\Users\rocco\CLionProjects\TurboGameEngine\reports\lab1\stress-final\intentionally-absent-assets\texture_05.png': can't fopen
[2026-09-24 22:56:14.061] [error] [engine] Texture load failed 'C:\Users\rocco\CLionProjects\TurboGameEngine\reports\lab1\stress-final\intentionally-absent-assets\texture_06.png': can't fopen
[2026-09-24 22:56:14.062] [error] [engine] Texture load failed 'C:\Users\rocco\CLionProjects\TurboGameEngine\reports\lab1\stress-final\intentionally-absent-assets\texture_07.png': can't fopen
[2026-09-24 22:56:14.063] [error] [engine] Texture load failed 'C:\Users\rocco\CLionProjects\TurboGameEngine\reports\lab1\stress-final\intentionally-absent-assets\texture_08.png': can't fopen
[2026-09-24 22:56:14.064] [error] [engine] Texture load failed 'C:\Users\rocco\CLionProjects\TurboGameEngine\reports\lab1\stress-final\intentionally-absent-assets\texture_09.png': can't fopen
[2026-09-24 22:56:14.065] [error] [engine] Texture load failed 'C:\Users\rocco\CLionProjects\TurboGameEngine\reports\lab1\stress-final\intentionally-absent-assets\texture_10.png': can't fopen
[2026-09-24 22:56:14.065] [error] [engine] Texture load failed 'C:\Users\rocco\CLionProjects\TurboGameEngine\reports\lab1\stress-final\intentionally-absent-assets\texture_11.png': can't fopen
[2026-09-24 22:56:14.066] [error] [engine] Mesh load failed 'C:\Users\rocco\CLionProjects\TurboGameEngine\reports\lab1\stress-final\intentionally-absent-assets\mesh_00.obj': Unable to open file "C:\Users\rocco\CLionProjects\TurboGameEngine\reports\lab1\stress-final\intentionally-absent-assets\mesh_00.obj".
[2026-09-24 22:56:14.066] [error] [engine] Mesh load failed 'C:\Users\rocco\CLionProjects\TurboGameEngine\reports\lab1\stress-final\intentionally-absent-assets\mesh_01.obj': Unable to open file "C:\Users\rocco\CLionProjects\TurboGameEngine\reports\lab1\stress-final\intentionally-absent-assets\mesh_01.obj".
[2026-09-24 22:56:14.067] [error] [engine] Mesh load failed 'C:\Users\rocco\CLionProjects\TurboGameEngine\reports\lab1\stress-final\intentionally-absent-assets\mesh_02.obj': Unable to open file "C:\Users\rocco\CLionProjects\TurboGameEngine\reports\lab1\stress-final\intentionally-absent-assets\mesh_02.obj".
[2026-09-24 22:56:14.068] [error] [engine] Mesh load failed 'C:\Users\rocco\CLionProjects\TurboGameEngine\reports\lab1\stress-final\intentionally-absent-assets\mesh_03.obj': Unable to open file "C:\Users\rocco\CLionProjects\TurboGameEngine\reports\lab1\stress-final\intentionally-absent-assets\mesh_03.obj".
[2026-09-24 22:56:14.068] [info] [engine] LAB_LOAD_COMPLETE elapsed=1.0192393 loaded=2 failed=16 cancelled=0
[2026-09-24 22:56:15.049] [info] [engine] Frame dt stats: avg=0.477ms min=0.285ms max=7.304ms samples=2098
[2026-09-24 22:56:16.050] [info] [engine] Frame dt stats: avg=0.567ms min=0.285ms max=10.202ms samples=1765
[2026-09-24 22:56:17.050] [info] [engine] Frame dt stats: avg=0.533ms min=0.276ms max=9.603ms samples=1878
[2026-09-24 22:56:18.048] [info] [engine] Application shutdown started
[2026-09-24 22:56:18.049] [info] [engine] Exited GameplayState editor scene
[2026-09-24 22:56:18.050] [info] [engine] LAB_SHUTDOWN pending_cpu=0 pending_uploads=0
[2026-09-24 22:56:18.116] [info] [engine] Renderer shutdown complete
[2026-09-24 22:56:18.127] [info] [engine] Application shutdown complete
[2026-09-24 22:56:18.128] [info] [engine] Logger shutdown
[39mDiligent Engine: Info: D3D12-capable adapter found: NVIDIA GeForce RTX 5070 (11944 MB)
[39m[39mDiligent Engine: Info: Created dynamic memory page. Size: 1.00 MB; GPU virtual address 0x62a0000
[39m[39mDiligent Engine: Info: Can not disable SeparablePrograms
[39m[39mDiligent Engine: Info: Max device shader model: 6_7
[39m[39mDiligent Engine: Info: Created dynamic memory page. Size: 1.00 MB; GPU virtual address 0x76a0000
[39m[39mDiligent Engine: Info: Created dynamic memory page. Size: 1.00 MB; GPU virtual address 0x7880000
[39m[39mDiligent Engine: Info: SAMPLER     dynamic descriptor allocator of immediate context usage stats: peak descriptor count: 0/0
[39m[39mDiligent Engine: Info: CBV_SRV_UAV dynamic descriptor allocator of immediate context usage stats: peak descriptor count: 32/256
[39m[39mDiligent Engine: Info: Dynamic heap of immediate context usage stats:
                       Peak used/aligned/allocated size: 1.05 MB / 1.05 MB / 2.00 MB (2 pages). Peak efficiency (used/aligned): 100.0%. Peak utilization (used/allocated): 52.7%
[39m[39mDiligent Engine: Info: Dynamic memory manager usage stats:
                       Total allocated memory: 3.00 MB
[39m[39mDiligent Engine: Info: D3D12 query manager peak usage:
QUERY_TYPE_OCCLUSION          :    0/ 128
QUERY_TYPE_BINARY_OCCLUSION   :    0/ 128
QUERY_TYPE_TIMESTAMP          :    0/ 512
QUERY_TYPE_PIPELINE_STATISTICS:    0/ 128
QUERY_TYPE_DURATION           :    0/ 512
[39m[39mDiligent Engine: Info: Command list manager: created 0 allocators
[39m[39mDiligent Engine: Info: Command list manager: created 0 allocators
[39m[39mDiligent Engine: Info: Command list manager: created 12 allocators
[39m[39mDiligent Engine: Info: D3D12_DESCRIPTOR_HEAP_TYPE_SAMPLER     GPU heap max allocated size (static|dynamic): 0/1024 (0.00%) | 0/1024 (0.00%).
[39m[39mDiligent Engine: Info: D3D12_DESCRIPTOR_HEAP_TYPE_CBV_SRV_UAV GPU heap max allocated size (static|dynamic): 0/16384 (0.00%) | 768/262144 (0.29%).
[39m[39mDiligent Engine: Info: D3D12_DESCRIPTOR_HEAP_TYPE_DSV         CPU heap allocated pool count: 1. Max descriptors: 1/1024 (0.10%).
[39m[39mDiligent Engine: Info: D3D12_DESCRIPTOR_HEAP_TYPE_RTV         CPU heap allocated pool count: 1. Max descriptors: 4/1024 (0.39%).
[39m[39mDiligent Engine: Info: D3D12_DESCRIPTOR_HEAP_TYPE_SAMPLER     CPU heap allocated pool count: 1. Max descriptors: 0/2048 (0.00%).
[39m[39mDiligent Engine: Info: D3D12_DESCRIPTOR_HEAP_TYPE_CBV_SRV_UAV CPU heap allocated pool count: 1. Max descriptors: 17/8192 (0.21%).
[39m