[2026-09-24 22:57:31.935] [info] [engine] Logger initialized
[2026-09-24 22:57:31.949] [info] [engine] Application init started
[2026-09-24 22:57:31.953] [info] [engine] Config file 'config.json' not found, using defaults
[2026-09-24 22:57:32.040] [info] [engine] Initializing Diligent backend with device 'd3d12'
[2026-09-24 22:57:32.638] [info] [engine] Renderer initialized with backend Diligent
[2026-09-24 22:57:32.675] [info] [engine] Placeholder mesh ready: vertices=4, indices=6
[2026-09-24 22:57:32.693] [info] [engine] Fallback white texture ready: 1x1
[2026-09-24 22:57:32.710] [info] [engine] Shader program loaded '__fallback_shader__': vert='assets/shaders_hlsl/textured.vert.hlsl' frag='assets/shaders_hlsl/textured.frag.hlsl'
[2026-09-24 22:57:32.711] [info] [engine] Resource subsystem initialized
[2026-09-24 22:57:32.730] [info] [engine] ImGui layer initialized
[2026-09-24 22:57:32.731] [info] [engine] StateStack push
[2026-09-24 22:57:32.731] [info] [engine] Entered GameplayState editor scene
[2026-09-24 22:57:32.732] [info] [engine] LAB_SCENE_READY scene=loading render_entities=16 total_entities=22
[2026-09-24 22:57:32.732] [info] [engine] Application init complete, backend=Diligent
[2026-09-24 22:57:32.733] [info] [engine] LAB_RUN_START scene=loading parallel_ecs=true async_loading=true entities=4096 workers=4
[2026-09-24 22:57:32.735] [info] [engine] ResourceManager cache miss [class engine::resources::Mesh] '__diligent_cube__'
[2026-09-24 22:57:32.736] [info] [engine] ResourceManager cache miss [class engine::resources::Texture] 'assets/textures/DGLogo.png'
[2026-09-24 22:57:32.737] [info] [engine] ResourceManager cache miss [class engine::resources::ShaderProgram] 'assets/shaders_hlsl/textured.shader.json'
[2026-09-24 22:57:32.737] [info] [engine] ResourceManager cache hit [class engine::resources::Mesh] '__diligent_cube__'
[2026-09-24 22:57:32.738] [info] [engine] ResourceManager cache hit [class engine::resources::Texture] 'assets/textures/DGLogo.png'
[2026-09-24 22:57:32.738] [info] [engine] ResourceManager cache hit [class engine::resources::ShaderProgram] 'assets/shaders_hlsl/textured.shader.json'
[2026-09-24 22:57:32.738] [info] [engine] ResourceManager cache hit [class engine::resources::Mesh] '__diligent_cube__'
[2026-09-24 22:57:32.738] [info] [engine] ResourceManager cache hit [class engine::resources::Texture] 'assets/textures/DGLogo.png'
[2026-09-24 22:57:32.739] [info] [engine] ResourceManager cache hit [class engine::resources::ShaderProgram] 'assets/shaders_hlsl/textured.shader.json'
[2026-09-24 22:57:32.739] [info] [engine] ResourceManager cache hit [class engine::resources::Mesh] '__diligent_cube__'
[2026-09-24 22:57:32.739] [info] [engine] ResourceManager cache hit [class engine::resources::Texture] 'assets/textures/DGLogo.png'
[2026-09-24 22:57:32.739] [info] [engine] ResourceManager cache hit [class engine::resources::ShaderProgram] 'assets/shaders_hlsl/textured.shader.json'
[2026-09-24 22:57:32.740] [info] [engine] ResourceManager cache hit [class engine::resources::Mesh] '__diligent_cube__'
[2026-09-24 22:57:32.740] [info] [engine] ResourceManager cache hit [class engine::resources::Texture] 'assets/textures/DGLogo.png'
[2026-09-24 22:57:32.740] [info] [engine] ResourceManager cache hit [class engine::resources::ShaderProgram] 'assets/shaders_hlsl/textured.shader.json'
[2026-09-24 22:57:32.740] [info] [engine] ResourceManager cache hit [class engine::resources::Mesh] '__diligent_cube__'
[2026-09-24 22:57:32.740] [info] [engine] ResourceManager cache hit [class engine::resources::Texture] 'assets/textures/DGLogo.png'
[2026-09-24 22:57:32.740] [info] [engine] ResourceManager cache hit [class engine::resources::ShaderProgram] 'assets/shaders_hlsl/textured.shader.json'
[2026-09-24 22:57:32.741] [info] [engine] ResourceManager cache hit [class engine::resources::Mesh] '__diligent_cube__'
[2026-09-24 22:57:32.741] [info] [engine] ResourceManager cache hit [class engine::resources::Texture] 'assets/textures/DGLogo.png'
[2026-09-24 22:57:32.741] [info] [engine] ResourceManager cache hit [class engine::resources::ShaderProgram] 'assets/shaders_hlsl/textured.shader.json'
[2026-09-24 22:57:32.741] [info] [engine] ResourceManager cache hit [class engine::resources::Mesh] '__diligent_cube__'
[2026-09-24 22:57:32.741] [info] [engine] ResourceManager cache hit [class engine::resources::Texture] 'assets/textures/DGLogo.png'
[2026-09-24 22:57:32.742] [info] [engine] ResourceManager cache hit [class engine::resources::ShaderProgram] 'assets/shaders_hlsl/textured.shader.json'
[2026-09-24 22:57:32.742] [info] [engine] ResourceManager cache hit [class engine::resources::Mesh] '__diligent_cube__'
[2026-09-24 22:57:32.742] [info] [engine] ResourceManager cache hit [class engine::resources::Texture] 'assets/textures/DGLogo.png'
[2026-09-24 22:57:32.742] [info] [engine] ResourceManager cache hit [class engine::resources::ShaderProgram] 'assets/shaders_hlsl/textured.shader.json'
[2026-09-24 22:57:32.742] [info] [engine] ResourceManager cache hit [class engine::resources::Mesh] '__diligent_cube__'
[2026-09-24 22:57:32.743] [info] [engine] ResourceManager cache hit [class engine::resources::Texture] 'assets/textures/DGLogo.png'
[2026-09-24 22:57:32.743] [info] [engine] ResourceManager cache hit [class engine::resources::ShaderProgram] 'assets/shaders_hlsl/textured.shader.json'
[2026-09-24 22:57:32.743] [info] [engine] ResourceManager cache hit [class engine::resources::Mesh] '__diligent_cube__'
[2026-09-24 22:57:32.743] [info] [engine] ResourceManager cache hit [class engine::resources::Texture] 'assets/textures/DGLogo.png'
[2026-09-24 22:57:32.744] [info] [engine] ResourceManager cache hit [class engine::resources::ShaderProgram] 'assets/shaders_hlsl/textured.shader.json'
[2026-09-24 22:57:32.744] [info] [engine] ResourceManager cache hit [class engine::resources::Mesh] '__diligent_cube__'
[2026-09-24 22:57:32.744] [info] [engine] ResourceManager cache hit [class engine::resources::Texture] 'assets/textures/DGLogo.png'
[2026-09-24 22:57:32.744] [info] [engine] ResourceManager cache hit [class engine::resources::ShaderProgram] 'assets/shaders_hlsl/textured.shader.json'
[2026-09-24 22:57:32.745] [info] [engine] ResourceManager cache hit [class engine::resources::Mesh] '__diligent_cube__'
[2026-09-24 22:57:32.745] [info] [engine] ResourceManager cache hit [class engine::resources::Texture] 'assets/textures/DGLogo.png'
[2026-09-24 22:57:32.745] [info] [engine] ResourceManager cache hit [class engine::resources::ShaderProgram] 'assets/shaders_hlsl/textured.shader.json'
[2026-09-24 22:57:32.745] [info] [engine] ResourceManager cache hit [class engine::resources::Mesh] '__diligent_cube__'
[2026-09-24 22:57:32.746] [info] [engine] ResourceManager cache hit [class engine::resources::Texture] 'assets/textures/DGLogo.png'
[2026-09-24 22:57:32.746] [info] [engine] ResourceManager cache hit [class engine::resources::ShaderProgram] 'assets/shaders_hlsl/textured.shader.json'
[2026-09-24 22:57:32.746] [info] [engine] ResourceManager cache hit [class engine::resources::Mesh] '__diligent_cube__'
[2026-09-24 22:57:32.747] [info] [engine] ResourceManager cache hit [class engine::resources::Texture] 'assets/textures/DGLogo.png'
[2026-09-24 22:57:32.747] [info] [engine] ResourceManager cache hit [class engine::resources::ShaderProgram] 'assets/shaders_hlsl/textured.shader.json'
[2026-09-24 22:57:32.747] [info] [engine] ResourceManager cache hit [class engine::resources::Mesh] '__diligent_cube__'
[2026-09-24 22:57:32.747] [info] [engine] ResourceManager cache hit [class engine::resources::Texture] 'assets/textures/DGLogo.png'
[2026-09-24 22:57:32.747] [info] [engine] ResourceManager cache hit [class engine::resources::ShaderProgram] 'assets/shaders_hlsl/textured.shader.json'
[2026-09-24 22:57:32.765] [info] [engine] Texture loaded 'assets/textures/DGLogo.png': 512x512 channels=4
[2026-09-24 22:57:32.789] [info] [engine] Shader program loaded 'assets/shaders_hlsl/textured.shader.json': vert='assets/shaders_hlsl/textured.vert.hlsl' frag='assets/shaders_hlsl/textured.frag.hlsl'
[2026-09-24 22:57:33.734] [info] [engine] LAB_LOAD_START elapsed=1.0015323 asset_dir=C:\tge\lab1-assets
[2026-09-24 22:57:33.745] [info] [engine] ResourceManager cache miss [class engine::resources::Texture] 'C:\tge\lab1-assets\texture_00.png'
[2026-09-24 22:57:33.746] [info] [engine] ResourceManager cache miss [class engine::resources::Texture] 'C:\tge\lab1-assets\texture_01.png'
[2026-09-24 22:57:33.746] [info] [engine] ResourceManager cache miss [class engine::resources::Texture] 'C:\tge\lab1-assets\texture_02.png'
[2026-09-24 22:57:33.746] [info] [engine] ResourceManager cache miss [class engine::resources::Texture] 'C:\tge\lab1-assets\texture_03.png'
[2026-09-24 22:57:33.747] [info] [engine] ResourceManager cache miss [class engine::resources::Texture] 'C:\tge\lab1-assets\texture_04.png'
[2026-09-24 22:57:33.747] [info] [engine] ResourceManager cache miss [class engine::resources::Texture] 'C:\tge\lab1-assets\texture_05.png'
[2026-09-24 22:57:33.747] [info] [engine] ResourceManager cache miss [class engine::resources::Texture] 'C:\tge\lab1-assets\texture_06.png'
[2026-09-24 22:57:33.748] [info] [engine] ResourceManager cache miss [class engine::resources::Texture] 'C:\tge\lab1-assets\texture_07.png'
[2026-09-24 22:57:33.749] [info] [engine] ResourceManager cache miss [class engine::resources::Texture] 'C:\tge\lab1-assets\texture_08.png'
[2026-09-24 22:57:33.749] [info] [engine] ResourceManager cache miss [class engine::resources::Texture] 'C:\tge\lab1-assets\texture_09.png'
[2026-09-24 22:57:33.750] [info] [engine] ResourceManager cache miss [class engine::resources::Texture] 'C:\tge\lab1-assets\texture_10.png'
[2026-09-24 22:57:33.750] [info] [engine] ResourceManager cache miss [class engine::resources::Texture] 'C:\tge\lab1-assets\texture_11.png'
[2026-09-24 22:57:33.751] [info] [engine] ResourceManager cache miss [class engine::resources::Mesh] 'C:\tge\lab1-assets\mesh_00.obj'
[2026-09-24 22:57:33.751] [info] [engine] ResourceManager cache miss [class engine::resources::Mesh] 'C:\tge\lab1-assets\mesh_01.obj'
[2026-09-24 22:57:33.751] [info] [engine] ResourceManager cache miss [class engine::resources::Mesh] 'C:\tge\lab1-assets\mesh_02.obj'
[2026-09-24 22:57:33.751] [info] [engine] ResourceManager cache miss [class engine::resources::Mesh] 'C:\tge\lab1-assets\mesh_03.obj'
[2026-09-24 22:57:33.754] [info] [engine] Frame dt stats: avg=0.929ms min=0.272ms max=28.135ms samples=1078
[2026-09-24 22:57:33.888] [info] [engine] Texture loaded 'C:\tge\lab1-assets\texture_02.png': 2048x2048 channels=4
[2026-09-24 22:57:33.894] [info] [engine] Texture loaded 'C:\tge\lab1-assets\texture_00.png': 2048x2048 channels=4
[2026-09-24 22:57:33.911] [info] [engine] Texture loaded 'C:\tge\lab1-assets\texture_01.png': 2048x2048 channels=4
[2026-09-24 22:57:33.918] [info] [engine] Texture loaded 'C:\tge\lab1-assets\texture_03.png': 2048x2048 channels=4
[2026-09-24 22:57:33.995] [info] [engine] Texture loaded 'C:\tge\lab1-assets\texture_04.png': 2048x2048 channels=4
[2026-09-24 22:57:34.006] [info] [engine] Texture loaded 'C:\tge\lab1-assets\texture_07.png': 2048x2048 channels=4
[2026-09-24 22:57:34.014] [info] [engine] Texture loaded 'C:\tge\lab1-assets\texture_05.png': 2048x2048 channels=4
[2026-09-24 22:57:34.021] [info] [engine] Texture loaded 'C:\tge\lab1-assets\texture_06.png': 2048x2048 channels=4
[2026-09-24 22:57:34.128] [info] [engine] Texture loaded 'C:\tge\lab1-assets\texture_08.png': 2048x2048 channels=4
[2026-09-24 22:57:34.144] [info] [engine] Texture loaded 'C:\tge\lab1-assets\texture_09.png': 2048x2048 channels=4
[2026-09-24 22:57:34.155] [info] [engine] Texture loaded 'C:\tge\lab1-assets\texture_10.png': 2048x2048 channels=4
[2026-09-24 22:57:34.162] [info] [engine] Texture loaded 'C:\tge\lab1-assets\texture_11.png': 2048x2048 channels=4
[2026-09-24 22:57:34.567] [info] [engine] Mesh loaded 'C:\tge\lab1-assets\mesh_01.obj': vertices=66049, indices=393216
[2026-09-24 22:57:34.579] [info] [engine] Mesh loaded 'C:\tge\lab1-assets\mesh_00.obj': vertices=66049, indices=393216
[2026-09-24 22:57:34.588] [info] [engine] Mesh loaded 'C:\tge\lab1-assets\mesh_02.obj': vertices=66049, indices=393216
[2026-09-24 22:57:34.597] [info] [engine] Mesh loaded 'C:\tge\lab1-assets\mesh_03.obj': vertices=66049, indices=393216
[2026-09-24 22:57:34.598] [info] [engine] LAB_LOAD_COMPLETE elapsed=1.8577767 loaded=18 failed=0 cancelled=0
[2026-09-24 22:57:34.738] [info] [engine] Frame dt stats: avg=1.237ms min=0.276ms max=21.141ms samples=811
[2026-09-24 22:57:35.738] [info] [engine] Frame dt stats: avg=0.875ms min=0.263ms max=9.577ms samples=1143
[2026-09-24 22:57:36.743] [info] [engine] Frame dt stats: avg=0.861ms min=0.280ms max=8.117ms samples=1166
[2026-09-24 22:57:37.743] [info] [engine] Frame dt stats: avg=0.886ms min=0.265ms max=13.019ms samples=1129
[2026-09-24 22:57:38.744] [info] [engine] Frame dt stats: avg=0.915ms min=0.277ms max=8.466ms samples=1094
[2026-09-24 22:57:39.749] [info] [engine] Frame dt stats: avg=1.022ms min=0.288ms max=9.385ms samples=979
[2026-09-24 22:57:40.733] [info] [engine] Application shutdown started
[2026-09-24 22:57:40.733] [info] [engine] Exited GameplayState editor scene
[2026-09-24 22:57:40.749] [info] [engine] LAB_SHUTDOWN pending_cpu=0 pending_uploads=0
[2026-09-24 22:57:40.855] [info] [engine] Renderer shutdown complete
[2026-09-24 22:57:40.875] [info] [engine] Application shutdown complete
[2026-09-24 22:57:40.875] [info] [engine] Logger shutdown
[39mDiligent Engine: Info: D3D12-capable adapter found: NVIDIA GeForce RTX 5070 (11944 MB)
[39m[39mDiligent Engine: Info: Created dynamic memory page. Size: 1.00 MB; GPU virtual address 0x62a0000
[39m[39mDiligent Engine: Info: Can not disable SeparablePrograms
[39m[39mDiligent Engine: Info: Max device shader model: 6_7
[39m[39mDiligent Engine: Info: Created dynamic memory page. Size: 1.00 MB; GPU virtual address 0x7700000
[39m[39mDiligent Engine: Info: Created dynamic memory page. Size: 1.00 MB; GPU virtual address 0x7880000
[39m[39mDiligent Engine: Info: Created dynamic memory page. Size: 16.00 MB; GPU virtual address 0x9000000
[39m[39mDiligent Engine: Info: Created dynamic memory page. Size: 16.00 MB; GPU virtual address 0xcc00000
[39m[39mDiligent Engine: Info: SAMPLER     dynamic descriptor allocator of immediate context usage stats: peak descriptor count: 0/0
[39m[39mDiligent Engine: Info: CBV_SRV_UAV dynamic descriptor allocator of immediate context usage stats: peak descriptor count: 32/256
[39m[39mDiligent Engine: Info: Dynamic heap of immediate context usage stats:
                       Peak used/aligned/allocated size: 16.05 MB / 16.05 MB / 17.00 MB (17 pages). Peak efficiency (used/aligned): 100.0%. Peak utilization (used/allocated): 94.4%
[39m[39mDiligent Engine: Info: Dynamic memory manager usage stats:
                       Total allocated memory: 35.00 MB
[39m[39mDiligent Engine: Info: D3D12 query manager peak usage:
QUERY_TYPE_OCCLUSION          :    0/ 128
QUERY_TYPE_BINARY_OCCLUSION   :    0/ 128
QUERY_TYPE_TIMESTAMP          :    0/ 512
QUERY_TYPE_PIPELINE_STATISTICS:    0/ 128
QUERY_TYPE_DURATION           :    0/ 512
[39m[39mDiligent Engine: Info: Command list manager: created 0 allocators
[39m[39mDiligent Engine: Info: Command list manager: created 0 allocators
[39m[39mDiligent Engine: Info: Command list manager: created 12 allocators
[39m[39mDiligent Engine: Info: D3D12_DESCRIPTOR_HEAP_TYPE_SAMPLER     GPU heap max allocated size (static|dynamic): 0/1024 (0.00%) | 0/1024 (0.00%).
[39m[39mDiligent Engine: Info: D3D12_DESCRIPTOR_HEAP_TYPE_CBV_SRV_UAV GPU heap max allocated size (static|dynamic): 0/16384 (0.00%) | 768/262144 (0.29%).
[39m[39mDiligent Engine: Info: D3D12_DESCRIPTOR_HEAP_TYPE_DSV         CPU heap allocated pool count: 1. Max descriptors: 1/1024 (0.10%).
[39m[39mDiligent Engine: Info: D3D12_DESCRIPTOR_HEAP_TYPE_RTV         CPU heap allocated pool count: 1. Max descriptors: 16/1024 (1.56%).
[39m[39mDiligent Engine: Info: D3D12_DESCRIPTOR_HEAP_TYPE_SAMPLER     CPU heap allocated pool count: 1. Max descriptors: 0/2048 (0.00%).
[39m[39mDiligent Engine: Info: D3D12_DESCRIPTOR_HEAP_TYPE_CBV_SRV_UAV CPU heap allocated pool count: 1. Max descriptors: 185/8192 (2.26%).
[39m