[2026-10-09 15:59:24.464] [info] [engine] Logger initialized
[2026-10-09 15:59:24.464] [info] [engine] Application init started
[2026-10-09 15:59:24.465] [info] [engine] Config file 'config.json' not found, using defaults
[2026-10-09 15:59:24.571] [info] [engine] Initializing Diligent backend with device 'd3d12'
[2026-10-09 15:59:27.589] [info] [engine] GPU_UPLOAD_QUEUE enabled backend=d3d12 graphics_context=0 transfer_context=1
[2026-10-09 15:59:27.589] [info] [engine] Renderer initialized with backend Diligent
[2026-10-09 15:59:27.711] [info] [engine] Placeholder mesh ready: vertices=4, indices=6
[2026-10-09 15:59:27.759] [info] [engine] Fallback white texture ready: 1x1
[2026-10-09 15:59:27.836] [info] [engine] Shader program loaded '__fallback_shader__': vert='assets/shaders_hlsl/textured.vert.hlsl' frag='assets/shaders_hlsl/textured.frag.hlsl'
[2026-10-09 15:59:27.836] [info] [engine] Resource subsystem initialized
[2026-10-09 15:59:27.927] [info] [engine] ImGui layer initialized
[2026-10-09 15:59:27.927] [info] [engine] StateStack push
[2026-10-09 15:59:27.927] [info] [engine] Entered GameplayState editor scene
[2026-10-09 15:59:27.931] [info] [engine] Application init complete, backend=Diligent
[2026-10-09 15:59:27.931] [info] [engine] LAB_RUN_START scene= parallel_ecs=true async_loading=true entities=4096 workers=4
[2026-10-09 15:59:27.936] [info] [engine] ResourceManager cache miss [class engine::resources::Mesh] '__diligent_cube__'
[2026-10-09 15:59:27.936] [info] [engine] ResourceManager cache miss [class engine::resources::Texture] 'assets/textures/arena_floor.ppm'
[2026-10-09 15:59:27.936] [info] [engine] ResourceManager cache miss [class engine::resources::ShaderProgram] 'assets/shaders_hlsl/textured.shader.json'
[2026-10-09 15:59:27.936] [info] [engine] ResourceManager cache hit [class engine::resources::Mesh] '__diligent_cube__'
[2026-10-09 15:59:27.937] [info] [engine] ResourceManager cache miss [class engine::resources::Texture] 'assets/textures/arena_wall.ppm'
[2026-10-09 15:59:27.937] [info] [engine] ResourceManager cache hit [class engine::resources::ShaderProgram] 'assets/shaders_hlsl/textured.shader.json'
[2026-10-09 15:59:27.938] [info] [engine] ResourceManager cache hit [class engine::resources::Mesh] '__diligent_cube__'
[2026-10-09 15:59:27.938] [info] [engine] ResourceManager cache hit [class engine::resources::Texture] 'assets/textures/arena_wall.ppm'
[2026-10-09 15:59:27.938] [info] [engine] ResourceManager cache hit [class engine::resources::ShaderProgram] 'assets/shaders_hlsl/textured.shader.json'
[2026-10-09 15:59:27.938] [info] [engine] ResourceManager cache hit [class engine::resources::Mesh] '__diligent_cube__'
[2026-10-09 15:59:27.938] [info] [engine] ResourceManager cache hit [class engine::resources::Texture] 'assets/textures/arena_wall.ppm'
[2026-10-09 15:59:27.938] [info] [engine] ResourceManager cache hit [class engine::resources::ShaderProgram] 'assets/shaders_hlsl/textured.shader.json'
[2026-10-09 15:59:27.938] [info] [engine] ResourceManager cache hit [class engine::resources::Mesh] '__diligent_cube__'
[2026-10-09 15:59:27.938] [info] [engine] ResourceManager cache hit [class engine::resources::Texture] 'assets/textures/arena_wall.ppm'
[2026-10-09 15:59:27.938] [info] [engine] ResourceManager cache hit [class engine::resources::ShaderProgram] 'assets/shaders_hlsl/textured.shader.json'
[2026-10-09 15:59:27.938] [info] [engine] ResourceManager cache hit [class engine::resources::Mesh] '__diligent_cube__'
[2026-10-09 15:59:27.939] [info] [engine] ResourceManager cache hit [class engine::resources::Texture] 'assets/textures/arena_wall.ppm'
[2026-10-09 15:59:27.939] [info] [engine] ResourceManager cache hit [class engine::resources::ShaderProgram] 'assets/shaders_hlsl/textured.shader.json'
[2026-10-09 15:59:27.939] [info] [engine] ResourceManager cache hit [class engine::resources::Mesh] '__diligent_cube__'
[2026-10-09 15:59:27.939] [info] [engine] ResourceManager cache hit [class engine::resources::ShaderProgram] 'assets/shaders_hlsl/textured.shader.json'
[2026-10-09 15:59:27.939] [info] [engine] ResourceManager cache hit [class engine::resources::Mesh] '__diligent_cube__'
[2026-10-09 15:59:27.939] [info] [engine] ResourceManager cache hit [class engine::resources::ShaderProgram] 'assets/shaders_hlsl/textured.shader.json'
[2026-10-09 15:59:27.939] [info] [engine] ResourceManager cache hit [class engine::resources::Mesh] '__diligent_cube__'
[2026-10-09 15:59:27.939] [info] [engine] ResourceManager cache hit [class engine::resources::ShaderProgram] 'assets/shaders_hlsl/textured.shader.json'
[2026-10-09 15:59:27.939] [info] [engine] ResourceManager cache hit [class engine::resources::Mesh] '__diligent_cube__'
[2026-10-09 15:59:27.939] [info] [engine] ResourceManager cache hit [class engine::resources::ShaderProgram] 'assets/shaders_hlsl/textured.shader.json'
[2026-10-09 15:59:27.939] [info] [engine] ResourceManager cache hit [class engine::resources::Mesh] '__diligent_cube__'
[2026-10-09 15:59:27.939] [info] [engine] ResourceManager cache hit [class engine::resources::ShaderProgram] 'assets/shaders_hlsl/textured.shader.json'
[2026-10-09 15:59:27.939] [info] [engine] ResourceManager cache hit [class engine::resources::Mesh] '__diligent_cube__'
[2026-10-09 15:59:27.939] [info] [engine] ResourceManager cache hit [class engine::resources::ShaderProgram] 'assets/shaders_hlsl/textured.shader.json'
[2026-10-09 15:59:27.939] [info] [engine] ResourceManager cache hit [class engine::resources::Mesh] '__diligent_cube__'
[2026-10-09 15:59:27.939] [info] [engine] ResourceManager cache hit [class engine::resources::ShaderProgram] 'assets/shaders_hlsl/textured.shader.json'
[2026-10-09 15:59:27.939] [info] [engine] ResourceManager cache hit [class engine::resources::Mesh] '__diligent_cube__'
[2026-10-09 15:59:27.939] [info] [engine] ResourceManager cache hit [class engine::resources::ShaderProgram] 'assets/shaders_hlsl/textured.shader.json'
[2026-10-09 15:59:27.939] [info] [engine] ResourceManager cache hit [class engine::resources::Mesh] '__diligent_cube__'
[2026-10-09 15:59:27.939] [info] [engine] ResourceManager cache hit [class engine::resources::ShaderProgram] 'assets/shaders_hlsl/textured.shader.json'
[2026-10-09 15:59:27.939] [info] [engine] ResourceManager cache miss [class engine::resources::Mesh] '__procedural_pyramid__'
[2026-10-09 15:59:27.939] [info] [engine] ResourceManager cache hit [class engine::resources::ShaderProgram] 'assets/shaders_hlsl/textured.shader.json'
[2026-10-09 15:59:27.939] [info] [engine] ResourceManager cache hit [class engine::resources::Mesh] '__procedural_pyramid__'
[2026-10-09 15:59:27.939] [info] [engine] ResourceManager cache hit [class engine::resources::ShaderProgram] 'assets/shaders_hlsl/textured.shader.json'
[2026-10-09 15:59:27.940] [info] [engine] ResourceManager cache hit [class engine::resources::Mesh] '__procedural_pyramid__'
[2026-10-09 15:59:27.940] [info] [engine] ResourceManager cache hit [class engine::resources::ShaderProgram] 'assets/shaders_hlsl/textured.shader.json'
[2026-10-09 15:59:27.940] [info] [engine] ResourceManager cache miss [class engine::resources::Mesh] '__diligent_sphere__'
[2026-10-09 15:59:27.940] [info] [engine] ResourceManager cache hit [class engine::resources::ShaderProgram] 'assets/shaders_hlsl/textured.shader.json'
[2026-10-09 15:59:27.940] [info] [engine] ResourceManager cache hit [class engine::resources::Mesh] '__diligent_cube__'
[2026-10-09 15:59:27.940] [info] [engine] ResourceManager cache miss [class engine::resources::Texture] 'assets/textures/DGLogo.png'
[2026-10-09 15:59:27.940] [info] [engine] ResourceManager cache hit [class engine::resources::ShaderProgram] 'assets/shaders_hlsl/textured.shader.json'
[2026-10-09 15:59:28.019] [info] [engine] Texture loaded 'assets/textures/arena_floor.ppm' via GPU transfer: 8x8
[2026-10-09 15:59:28.103] [info] [engine] Shader program loaded 'assets/shaders_hlsl/textured.shader.json': vert='assets/shaders_hlsl/textured.vert.hlsl' frag='assets/shaders_hlsl/textured.frag.hlsl'
[2026-10-09 15:59:28.130] [info] [engine] Texture loaded 'assets/textures/arena_wall.ppm' via GPU transfer: 8x8
[2026-10-09 15:59:28.158] [info] [engine] Texture loaded 'assets/textures/DGLogo.png' via GPU transfer: 512x512
[2026-10-09 15:59:28.972] [info] [engine] Frame dt stats: avg=31.558ms min=1.081ms max=85.856ms samples=32
[2026-10-09 15:59:29.992] [info] [engine] Frame dt stats: avg=30.813ms min=24.899ms max=43.042ms samples=33
[2026-10-09 15:59:30.998] [info] [engine] Frame dt stats: avg=28.358ms min=20.014ms max=72.928ms samples=36
[2026-10-09 15:59:31.929] [info] [engine] Window resized to 0x0
[2026-10-09 15:59:32.039] [info] [engine] Frame dt stats: avg=23.287ms min=17.990ms max=65.363ms samples=44
[2026-10-09 15:59:32.943] [info] [engine] Application shutdown started
[2026-10-09 15:59:32.943] [info] [engine] Exited GameplayState editor scene
[2026-10-09 15:59:32.949] [info] [engine] LAB_SHUTDOWN pending_cpu=0 pending_uploads=0
[2026-10-09 15:59:33.173] [info] [engine] Renderer shutdown complete
[2026-10-09 15:59:33.239] [info] [engine] Application shutdown complete
[2026-10-09 15:59:33.239] [info] [engine] Logger shutdown
[39mDiligent Engine: Info: D3D12-capable adapter found: NVIDIA GeForce RTX 5070 (11944 MB)
[39m[39mDiligent Engine: Info: Created dynamic memory page. Size: 1.00 MB; GPU virtual address 0x6d30000
[39m[39mDiligent Engine: Info: Can not disable SeparablePrograms
[39m[39mDiligent Engine: Info: Max device shader model: 6_7
[39m[39mDiligent Engine: Info: Created dynamic memory page. Size: 1.00 MB; GPU virtual address 0x8080000
[39m[39mDiligent Engine: Info: Created dynamic memory page. Size: 1.00 MB; GPU virtual address 0x8290000
[39m[39mDiligent Engine: Info: Created dynamic memory page. Size: 1.00 MB; GPU virtual address 0x84f0000
[39m[39mDiligent Engine: Info: SAMPLER     dynamic descriptor allocator of immediate context usage stats: peak descriptor count: 0/0
[39m[39mDiligent Engine: Info: CBV_SRV_UAV dynamic descriptor allocator of immediate context usage stats: peak descriptor count: 0/0
[39m[39mDiligent Engine: Info: Dynamic heap of immediate context usage stats:
                       Peak used/aligned/allocated size: 1.34 MB / 1.34 MB / 2.00 MB (2 pages). Peak efficiency (used/aligned): 100.0%. Peak utilization (used/allocated): 67.2%
[39m[39mDiligent Engine: Info: SAMPLER     dynamic descriptor allocator of immediate context usage stats: peak descriptor count: 0/0
[39m[39mDiligent Engine: Info: CBV_SRV_UAV dynamic descriptor allocator of immediate context usage stats: peak descriptor count: 33/256
[39m[39mDiligent Engine: Info: Dynamic heap of immediate context usage stats:
                       Peak used/aligned/allocated size: 469.75 KB / 469.75 KB / 1.00 MB (1 page). Peak efficiency (used/aligned): 100.0%. Peak utilization (used/allocated): 45.9%
[39m[39mDiligent Engine: Info: Dynamic memory manager usage stats:
                       Total allocated memory: 4.00 MB
[39m[39mDiligent Engine: Info: D3D12 query manager peak usage:
QUERY_TYPE_OCCLUSION          :    0/ 128
QUERY_TYPE_BINARY_OCCLUSION   :    0/ 128
QUERY_TYPE_TIMESTAMP          :    0/ 512
QUERY_TYPE_PIPELINE_STATISTICS:    0/ 128
QUERY_TYPE_DURATION           :    0/ 512
[39m[39mDiligent Engine: Info: D3D12 query manager peak usage:
QUERY_TYPE_TIMESTAMP          :    0/ 512
QUERY_TYPE_DURATION           :    0/ 512
[39m[39mDiligent Engine: Info: Command list manager: created 2 allocators
[39m[39mDiligent Engine: Info: Command list manager: created 0 allocators
[39m[39mDiligent Engine: Info: Command list manager: created 12 allocators
[39m[39mDiligent Engine: Info: D3D12_DESCRIPTOR_HEAP_TYPE_SAMPLER     GPU heap max allocated size (static|dynamic): 0/1024 (0.00%) | 0/1024 (0.00%).
[39m[39mDiligent Engine: Info: D3D12_DESCRIPTOR_HEAP_TYPE_CBV_SRV_UAV GPU heap max allocated size (static|dynamic): 0/16384 (0.00%) | 512/262144 (0.20%).
[39m[39mDiligent Engine: Info: D3D12_DESCRIPTOR_HEAP_TYPE_DSV         CPU heap allocated pool count: 1. Max descriptors: 1/1024 (0.10%).
[39m[39mDiligent Engine: Info: D3D12_DESCRIPTOR_HEAP_TYPE_RTV         CPU heap allocated pool count: 1. Max descriptors: 4/1024 (0.39%).
[39m[39mDiligent Engine: Info: D3D12_DESCRIPTOR_HEAP_TYPE_SAMPLER     CPU heap allocated pool count: 1. Max descriptors: 0/2048 (0.00%).
[39m[39mDiligent Engine: Info: D3D12_DESCRIPTOR_HEAP_TYPE_CBV_SRV_UAV CPU heap allocated pool count: 1. Max descriptors: 8/8192 (0.10%).
[39m
