[2026-10-08 21:23:18.780] [info] [engine] Logger initialized
[2026-10-08 21:23:18.794] [info] [engine] Application init started
[2026-10-08 21:23:18.798] [info] [engine] Config file 'config.json' not found, using defaults
[2026-10-08 21:23:18.840] [info] [engine] Initializing Diligent backend with device 'd3d12'
[2026-10-08 21:23:19.340] [info] [engine] GPU_UPLOAD_QUEUE disabled backend=d3d12 requested=false (bounded main-thread fallback)
[2026-10-08 21:23:19.344] [info] [engine] Renderer initialized with backend Diligent
[2026-10-08 21:23:19.365] [info] [engine] Placeholder mesh ready: vertices=4, indices=6
[2026-10-08 21:23:19.374] [info] [engine] Fallback white texture ready: 1x1
[2026-10-08 21:23:19.388] [info] [engine] Shader program loaded '__fallback_shader__': vert='assets/shaders_hlsl/textured.vert.hlsl' frag='assets/shaders_hlsl/textured.frag.hlsl'
[2026-10-08 21:23:19.389] [info] [engine] Resource subsystem initialized
[2026-10-08 21:23:19.405] [info] [engine] ImGui layer initialized
[2026-10-08 21:23:19.405] [info] [engine] StateStack push
[2026-10-08 21:23:19.405] [info] [engine] Entered GameplayState editor scene
[2026-10-08 21:23:19.406] [info] [engine] LAB_SCENE_READY scene=loading render_entities=16 total_entities=22
[2026-10-08 21:23:19.406] [info] [engine] Application init complete, backend=Diligent
[2026-10-08 21:23:19.406] [info] [engine] LAB_READY_FOR_TRACY
[2026-10-08 21:23:19.555] [info] [engine] LAB_RUN_START scene=loading parallel_ecs=true async_loading=true entities=4096 workers=4
[2026-10-08 21:23:19.557] [info] [engine] ResourceManager cache miss [class engine::resources::Mesh] '__diligent_cube__'
[2026-10-08 21:23:19.557] [info] [engine] ResourceManager cache miss [class engine::resources::Texture] 'assets/textures/DGLogo.png'
[2026-10-08 21:23:19.558] [info] [engine] ResourceManager cache miss [class engine::resources::ShaderProgram] 'assets/shaders_hlsl/textured.shader.json'
[2026-10-08 21:23:19.558] [info] [engine] ResourceManager cache hit [class engine::resources::Mesh] '__diligent_cube__'
[2026-10-08 21:23:19.558] [info] [engine] ResourceManager cache hit [class engine::resources::Texture] 'assets/textures/DGLogo.png'
[2026-10-08 21:23:19.558] [info] [engine] ResourceManager cache hit [class engine::resources::ShaderProgram] 'assets/shaders_hlsl/textured.shader.json'
[2026-10-08 21:23:19.559] [info] [engine] ResourceManager cache hit [class engine::resources::Mesh] '__diligent_cube__'
[2026-10-08 21:23:19.559] [info] [engine] ResourceManager cache hit [class engine::resources::Texture] 'assets/textures/DGLogo.png'
[2026-10-08 21:23:19.559] [info] [engine] ResourceManager cache hit [class engine::resources::ShaderProgram] 'assets/shaders_hlsl/textured.shader.json'
[2026-10-08 21:23:19.559] [info] [engine] ResourceManager cache hit [class engine::resources::Mesh] '__diligent_cube__'
[2026-10-08 21:23:19.559] [info] [engine] ResourceManager cache hit [class engine::resources::Texture] 'assets/textures/DGLogo.png'
[2026-10-08 21:23:19.559] [info] [engine] ResourceManager cache hit [class engine::resources::ShaderProgram] 'assets/shaders_hlsl/textured.shader.json'
[2026-10-08 21:23:19.560] [info] [engine] ResourceManager cache hit [class engine::resources::Mesh] '__diligent_cube__'
[2026-10-08 21:23:19.560] [info] [engine] ResourceManager cache hit [class engine::resources::Texture] 'assets/textures/DGLogo.png'
[2026-10-08 21:23:19.560] [info] [engine] ResourceManager cache hit [class engine::resources::ShaderProgram] 'assets/shaders_hlsl/textured.shader.json'
[2026-10-08 21:23:19.560] [info] [engine] ResourceManager cache hit [class engine::resources::Mesh] '__diligent_cube__'
[2026-10-08 21:23:19.560] [info] [engine] ResourceManager cache hit [class engine::resources::Texture] 'assets/textures/DGLogo.png'
[2026-10-08 21:23:19.561] [info] [engine] ResourceManager cache hit [class engine::resources::ShaderProgram] 'assets/shaders_hlsl/textured.shader.json'
[2026-10-08 21:23:19.561] [info] [engine] ResourceManager cache hit [class engine::resources::Mesh] '__diligent_cube__'
[2026-10-08 21:23:19.561] [info] [engine] ResourceManager cache hit [class engine::resources::Texture] 'assets/textures/DGLogo.png'
[2026-10-08 21:23:19.561] [info] [engine] ResourceManager cache hit [class engine::resources::ShaderProgram] 'assets/shaders_hlsl/textured.shader.json'
[2026-10-08 21:23:19.561] [info] [engine] ResourceManager cache hit [class engine::resources::Mesh] '__diligent_cube__'
[2026-10-08 21:23:19.562] [info] [engine] ResourceManager cache hit [class engine::resources::Texture] 'assets/textures/DGLogo.png'
[2026-10-08 21:23:19.562] [info] [engine] ResourceManager cache hit [class engine::resources::ShaderProgram] 'assets/shaders_hlsl/textured.shader.json'
[2026-10-08 21:23:19.562] [info] [engine] ResourceManager cache hit [class engine::resources::Mesh] '__diligent_cube__'
[2026-10-08 21:23:19.562] [info] [engine] ResourceManager cache hit [class engine::resources::Texture] 'assets/textures/DGLogo.png'
[2026-10-08 21:23:19.562] [info] [engine] ResourceManager cache hit [class engine::resources::ShaderProgram] 'assets/shaders_hlsl/textured.shader.json'
[2026-10-08 21:23:19.563] [info] [engine] ResourceManager cache hit [class engine::resources::Mesh] '__diligent_cube__'
[2026-10-08 21:23:19.563] [info] [engine] ResourceManager cache hit [class engine::resources::Texture] 'assets/textures/DGLogo.png'
[2026-10-08 21:23:19.563] [info] [engine] ResourceManager cache hit [class engine::resources::ShaderProgram] 'assets/shaders_hlsl/textured.shader.json'
[2026-10-08 21:23:19.563] [info] [engine] ResourceManager cache hit [class engine::resources::Mesh] '__diligent_cube__'
[2026-10-08 21:23:19.563] [info] [engine] ResourceManager cache hit [class engine::resources::Texture] 'assets/textures/DGLogo.png'
[2026-10-08 21:23:19.564] [info] [engine] ResourceManager cache hit [class engine::resources::ShaderProgram] 'assets/shaders_hlsl/textured.shader.json'
[2026-10-08 21:23:19.564] [info] [engine] ResourceManager cache hit [class engine::resources::Mesh] '__diligent_cube__'
[2026-10-08 21:23:19.564] [info] [engine] ResourceManager cache hit [class engine::resources::Texture] 'assets/textures/DGLogo.png'
[2026-10-08 21:23:19.564] [info] [engine] ResourceManager cache hit [class engine::resources::ShaderProgram] 'assets/shaders_hlsl/textured.shader.json'
[2026-10-08 21:23:19.564] [info] [engine] ResourceManager cache hit [class engine::resources::Mesh] '__diligent_cube__'
[2026-10-08 21:23:19.564] [info] [engine] ResourceManager cache hit [class engine::resources::Texture] 'assets/textures/DGLogo.png'
[2026-10-08 21:23:19.564] [info] [engine] ResourceManager cache hit [class engine::resources::ShaderProgram] 'assets/shaders_hlsl/textured.shader.json'
[2026-10-08 21:23:19.564] [info] [engine] ResourceManager cache hit [class engine::resources::Mesh] '__diligent_cube__'
[2026-10-08 21:23:19.565] [info] [engine] ResourceManager cache hit [class engine::resources::Texture] 'assets/textures/DGLogo.png'
[2026-10-08 21:23:19.565] [info] [engine] ResourceManager cache hit [class engine::resources::ShaderProgram] 'assets/shaders_hlsl/textured.shader.json'
[2026-10-08 21:23:19.565] [info] [engine] ResourceManager cache hit [class engine::resources::Mesh] '__diligent_cube__'
[2026-10-08 21:23:19.565] [info] [engine] ResourceManager cache hit [class engine::resources::Texture] 'assets/textures/DGLogo.png'
[2026-10-08 21:23:19.565] [info] [engine] ResourceManager cache hit [class engine::resources::ShaderProgram] 'assets/shaders_hlsl/textured.shader.json'
[2026-10-08 21:23:19.565] [info] [engine] ResourceManager cache hit [class engine::resources::Mesh] '__diligent_cube__'
[2026-10-08 21:23:19.566] [info] [engine] ResourceManager cache hit [class engine::resources::Texture] 'assets/textures/DGLogo.png'
[2026-10-08 21:23:19.566] [info] [engine] ResourceManager cache hit [class engine::resources::ShaderProgram] 'assets/shaders_hlsl/textured.shader.json'
[2026-10-08 21:23:19.576] [info] [engine] Texture loaded 'assets/textures/DGLogo.png': 512x512 channels=4
[2026-10-08 21:23:19.592] [info] [engine] Shader program loaded 'assets/shaders_hlsl/textured.shader.json': vert='assets/shaders_hlsl/textured.vert.hlsl' frag='assets/shaders_hlsl/textured.frag.hlsl'
[2026-10-08 21:23:20.558] [info] [engine] Frame dt stats: avg=0.588ms min=0.278ms max=50.005ms samples=1703
[2026-10-08 21:23:21.559] [info] [engine] Frame dt stats: avg=0.493ms min=0.276ms max=3.455ms samples=2028
[2026-10-08 21:23:22.559] [info] [engine] Frame dt stats: avg=0.488ms min=0.277ms max=3.473ms samples=2051
[2026-10-08 21:23:23.560] [info] [engine] Frame dt stats: avg=0.490ms min=0.277ms max=9.966ms samples=2044
[2026-10-08 21:23:24.561] [info] [engine] Frame dt stats: avg=0.489ms min=0.274ms max=10.051ms samples=2045
[2026-10-08 21:23:25.556] [info] [engine] LAB_LOAD_START elapsed=6.0003908 asset_dir=C:\tge\lab1-assets
[2026-10-08 21:23:25.557] [info] [engine] ResourceManager cache miss [class engine::resources::Texture] 'C:\tge\lab1-assets\texture_00.png'
[2026-10-08 21:23:25.557] [info] [engine] ResourceManager cache miss [class engine::resources::Texture] 'C:\tge\lab1-assets\texture_01.png'
[2026-10-08 21:23:25.557] [info] [engine] ResourceManager cache miss [class engine::resources::Texture] 'C:\tge\lab1-assets\texture_02.png'
[2026-10-08 21:23:25.557] [info] [engine] ResourceManager cache miss [class engine::resources::Texture] 'C:\tge\lab1-assets\texture_03.png'
[2026-10-08 21:23:25.557] [info] [engine] ResourceManager cache miss [class engine::resources::Texture] 'C:\tge\lab1-assets\texture_04.png'
[2026-10-08 21:23:25.558] [info] [engine] ResourceManager cache miss [class engine::resources::Texture] 'C:\tge\lab1-assets\texture_05.png'
[2026-10-08 21:23:25.558] [info] [engine] ResourceManager cache miss [class engine::resources::Texture] 'C:\tge\lab1-assets\texture_06.png'
[2026-10-08 21:23:25.558] [info] [engine] ResourceManager cache miss [class engine::resources::Texture] 'C:\tge\lab1-assets\texture_07.png'
[2026-10-08 21:23:25.558] [info] [engine] ResourceManager cache miss [class engine::resources::Texture] 'C:\tge\lab1-assets\texture_08.png'
[2026-10-08 21:23:25.559] [info] [engine] ResourceManager cache miss [class engine::resources::Texture] 'C:\tge\lab1-assets\texture_09.png'
[2026-10-08 21:23:25.559] [info] [engine] ResourceManager cache miss [class engine::resources::Texture] 'C:\tge\lab1-assets\texture_10.png'
[2026-10-08 21:23:25.559] [info] [engine] ResourceManager cache miss [class engine::resources::Texture] 'C:\tge\lab1-assets\texture_11.png'
[2026-10-08 21:23:25.559] [info] [engine] ResourceManager cache miss [class engine::resources::Mesh] 'C:\tge\lab1-assets\mesh_00.obj'
[2026-10-08 21:23:25.560] [info] [engine] ResourceManager cache miss [class engine::resources::Mesh] 'C:\tge\lab1-assets\mesh_01.obj'
[2026-10-08 21:23:25.560] [info] [engine] ResourceManager cache miss [class engine::resources::Mesh] 'C:\tge\lab1-assets\mesh_02.obj'
[2026-10-08 21:23:25.560] [info] [engine] ResourceManager cache miss [class engine::resources::Mesh] 'C:\tge\lab1-assets\mesh_03.obj'
[2026-10-08 21:23:25.564] [info] [engine] Frame dt stats: avg=0.499ms min=0.277ms max=9.967ms samples=2008
[2026-10-08 21:23:25.675] [info] [engine] Texture loaded 'C:\tge\lab1-assets\texture_03.png': 2048x2048 channels=4
[2026-10-08 21:23:25.680] [info] [engine] Texture loaded 'C:\tge\lab1-assets\texture_00.png': 2048x2048 channels=4
[2026-10-08 21:23:25.686] [info] [engine] Texture loaded 'C:\tge\lab1-assets\texture_01.png': 2048x2048 channels=4
[2026-10-08 21:23:25.689] [info] [engine] Texture loaded 'C:\tge\lab1-assets\texture_02.png': 2048x2048 channels=4
[2026-10-08 21:23:25.773] [info] [engine] Texture loaded 'C:\tge\lab1-assets\texture_04.png': 2048x2048 channels=4
[2026-10-08 21:23:25.782] [info] [engine] Texture loaded 'C:\tge\lab1-assets\texture_05.png': 2048x2048 channels=4
[2026-10-08 21:23:25.787] [info] [engine] Texture loaded 'C:\tge\lab1-assets\texture_06.png': 2048x2048 channels=4
[2026-10-08 21:23:25.791] [info] [engine] Texture loaded 'C:\tge\lab1-assets\texture_07.png': 2048x2048 channels=4
[2026-10-08 21:23:25.879] [info] [engine] Texture loaded 'C:\tge\lab1-assets\texture_08.png': 2048x2048 channels=4
[2026-10-08 21:23:25.888] [info] [engine] Texture loaded 'C:\tge\lab1-assets\texture_09.png': 2048x2048 channels=4
[2026-10-08 21:23:25.896] [info] [engine] Texture loaded 'C:\tge\lab1-assets\texture_10.png': 2048x2048 channels=4
[2026-10-08 21:23:25.906] [info] [engine] Texture loaded 'C:\tge\lab1-assets\texture_11.png': 2048x2048 channels=4
[2026-10-08 21:23:26.232] [info] [engine] Mesh loaded 'C:\tge\lab1-assets\mesh_00.obj': vertices=66049, indices=393216
[2026-10-08 21:23:26.258] [info] [engine] Mesh loaded 'C:\tge\lab1-assets\mesh_02.obj': vertices=66049, indices=393216
[2026-10-08 21:23:26.266] [info] [engine] Mesh loaded 'C:\tge\lab1-assets\mesh_03.obj': vertices=66049, indices=393216
[2026-10-08 21:23:26.276] [info] [engine] Mesh loaded 'C:\tge\lab1-assets\mesh_01.obj': vertices=66049, indices=393216
[2026-10-08 21:23:26.277] [info] [engine] LAB_LOAD_COMPLETE elapsed=6.7169201 loaded=18 failed=0 cancelled=0
[2026-10-08 21:23:26.564] [info] [engine] Frame dt stats: avg=0.610ms min=0.282ms max=11.550ms samples=1641
[2026-10-08 21:23:27.564] [info] [engine] Frame dt stats: avg=0.494ms min=0.279ms max=10.094ms samples=2025
[2026-10-08 21:23:28.564] [info] [engine] Frame dt stats: avg=0.496ms min=0.278ms max=9.643ms samples=2016
[2026-10-08 21:23:29.565] [info] [engine] Frame dt stats: avg=0.490ms min=0.278ms max=10.442ms samples=2042
[2026-10-08 21:23:30.565] [info] [engine] Frame dt stats: avg=0.494ms min=0.280ms max=10.470ms samples=2027
[2026-10-08 21:23:31.566] [info] [engine] Frame dt stats: avg=0.492ms min=0.275ms max=3.299ms samples=2033
[2026-10-08 21:23:32.567] [info] [engine] Frame dt stats: avg=0.497ms min=0.277ms max=10.333ms samples=2013
[2026-10-08 21:23:33.568] [info] [engine] Frame dt stats: avg=0.551ms min=0.287ms max=9.702ms samples=1816
[2026-10-08 21:23:34.569] [info] [engine] Frame dt stats: avg=0.597ms min=0.293ms max=10.030ms samples=1675
[2026-10-08 21:23:35.569] [info] [engine] Frame dt stats: avg=0.542ms min=0.278ms max=3.478ms samples=1847
[2026-10-08 21:23:36.570] [info] [engine] Frame dt stats: avg=0.483ms min=0.275ms max=3.294ms samples=2072
[2026-10-08 21:23:37.555] [info] [engine] Application shutdown started
[2026-10-08 21:23:37.565] [info] [engine] Exited GameplayState editor scene
[2026-10-08 21:23:37.574] [info] [engine] LAB_SHUTDOWN pending_cpu=0 pending_uploads=0
[2026-10-08 21:23:37.631] [info] [engine] Renderer shutdown complete
[2026-10-08 21:23:37.660] [info] [engine] Application shutdown complete
[2026-10-08 21:23:37.661] [info] [engine] Logger shutdown
[39mDiligent Engine: Info: D3D12-capable adapter found: NVIDIA GeForce RTX 5070 (11944 MB)
[39m[39mDiligent Engine: Info: Created dynamic memory page. Size: 1.00 MB; GPU virtual address 0x61c0000
[39m[39mDiligent Engine: Info: Can not disable SeparablePrograms
[39m[39mDiligent Engine: Info: Max device shader model: 6_7
[39m[39mDiligent Engine: Info: Created dynamic memory page. Size: 1.00 MB; GPU virtual address 0x76c0000
[39m[39mDiligent Engine: Info: Created dynamic memory page. Size: 1.00 MB; GPU virtual address 0x78a0000
[39m[39mDiligent Engine: Info: Created dynamic memory page. Size: 16.00 MB; GPU virtual address 0x9200000
[39m[39mDiligent Engine: Info: Created dynamic memory page. Size: 16.00 MB; GPU virtual address 0xce00000
[39m[39mDiligent Engine: Info: SAMPLER     dynamic descriptor allocator of immediate context usage stats: peak descriptor count: 0/0
[39m[39mDiligent Engine: Info: CBV_SRV_UAV dynamic descriptor allocator of immediate context usage stats: peak descriptor count: 32/256
[39m[39mDiligent Engine: Info: Dynamic heap of immediate context usage stats:
                       Peak used/aligned/allocated size: 16.05 MB / 16.05 MB / 17.00 MB (17 pages). Peak efficiency (used/aligned): 100.0%. Peak utilization (used/allocated): 94.4%
[39m[39mDiligent Engine: Info: Dynamic memory manager usage stats:
                       Total allocated memory: 35.00 MB
[39m[39mDiligent Engine: Info: D3D12 query manager peak usage:
QUERY_TYPE_OCCLUSION          :    0/ 128
QUERY_TYPE_BINARY_OCCLUSION   :    0/ 128
QUERY_TYPE_TIMESTAMP          :    0/ 512
QUERY_TYPE_PIPELINE_STATISTICS:    0/ 128
QUERY_TYPE_DURATION           :    0/ 512
[39m[39mDiligent Engine: Info: Command list manager: created 0 allocators
[39m[39mDiligent Engine: Info: Command list manager: created 0 allocators
[39m[39mDiligent Engine: Info: Command list manager: created 12 allocators
[39m[39mDiligent Engine: Info: D3D12_DESCRIPTOR_HEAP_TYPE_SAMPLER     GPU heap max allocated size (static|dynamic): 0/1024 (0.00%) | 0/1024 (0.00%).
[39m[39mDiligent Engine: Info: D3D12_DESCRIPTOR_HEAP_TYPE_CBV_SRV_UAV GPU heap max allocated size (static|dynamic): 0/16384 (0.00%) | 768/262144 (0.29%).
[39m[39mDiligent Engine: Info: D3D12_DESCRIPTOR_HEAP_TYPE_DSV         CPU heap allocated pool count: 1. Max descriptors: 1/1024 (0.10%).
[39m[39mDiligent Engine: Info: D3D12_DESCRIPTOR_HEAP_TYPE_RTV         CPU heap allocated pool count: 1. Max descriptors: 16/1024 (1.56%).
[39m[39mDiligent Engine: Info: D3D12_DESCRIPTOR_HEAP_TYPE_SAMPLER     CPU heap allocated pool count: 1. Max descriptors: 0/2048 (0.00%).
[39m[39mDiligent Engine: Info: D3D12_DESCRIPTOR_HEAP_TYPE_CBV_SRV_UAV CPU heap allocated pool count: 1. Max descriptors: 185/8192 (2.26%).
[39m