[2026-10-09 16:19:22.035] [info] [engine] Logger initialized
[2026-10-09 16:19:22.048] [info] [engine] Application init started
[2026-10-09 16:19:22.052] [info] [engine] Config file 'config.json' not found, using defaults
[2026-10-09 16:19:22.111] [info] [engine] Initializing Diligent backend with device 'd3d12'
[2026-10-09 16:19:24.077] [info] [engine] GPU_UPLOAD_QUEUE enabled backend=d3d12 graphics_context=0 transfer_context=1
[2026-10-09 16:19:24.082] [info] [engine] Renderer initialized with backend Diligent
[2026-10-09 16:19:24.106] [info] [engine] Placeholder mesh ready: vertices=4, indices=6
[2026-10-09 16:19:24.118] [info] [engine] Fallback white texture ready: 1x1
[2026-10-09 16:19:24.135] [info] [engine] Shader program loaded '__fallback_shader__': vert='assets/shaders_hlsl/textured.vert.hlsl' frag='assets/shaders_hlsl/textured.frag.hlsl'
[2026-10-09 16:19:24.135] [info] [engine] Resource subsystem initialized
[2026-10-09 16:19:24.152] [info] [engine] ImGui layer initialized
[2026-10-09 16:19:24.152] [info] [engine] StateStack push
[2026-10-09 16:19:24.152] [info] [engine] Entered GameplayState editor scene
[2026-10-09 16:19:24.153] [info] [engine] LAB_SCENE_READY scene=loading render_entities=16 total_entities=22
[2026-10-09 16:19:24.153] [info] [engine] Application init complete, backend=Diligent
[2026-10-09 16:19:24.153] [info] [engine] LAB_READY_FOR_TRACY
[2026-10-09 16:19:24.284] [info] [engine] LAB_RUN_START scene=loading parallel_ecs=true async_loading=true entities=4096 workers=24 asset_in_flight=16
[2026-10-09 16:19:24.288] [info] [engine] ResourceManager cache miss [class engine::resources::Mesh] '__diligent_cube__'
[2026-10-09 16:19:24.289] [info] [engine] ResourceManager cache miss [class engine::resources::Texture] 'assets/textures/DGLogo.png'
[2026-10-09 16:19:24.289] [info] [engine] ResourceManager cache miss [class engine::resources::ShaderProgram] 'assets/shaders_hlsl/textured.shader.json'
[2026-10-09 16:19:24.290] [info] [engine] ResourceManager cache hit [class engine::resources::Mesh] '__diligent_cube__'
[2026-10-09 16:19:24.290] [info] [engine] ResourceManager cache hit [class engine::resources::Texture] 'assets/textures/DGLogo.png'
[2026-10-09 16:19:24.290] [info] [engine] ResourceManager cache hit [class engine::resources::ShaderProgram] 'assets/shaders_hlsl/textured.shader.json'
[2026-10-09 16:19:24.291] [info] [engine] ResourceManager cache hit [class engine::resources::Mesh] '__diligent_cube__'
[2026-10-09 16:19:24.291] [info] [engine] ResourceManager cache hit [class engine::resources::Texture] 'assets/textures/DGLogo.png'
[2026-10-09 16:19:24.291] [info] [engine] ResourceManager cache hit [class engine::resources::ShaderProgram] 'assets/shaders_hlsl/textured.shader.json'
[2026-10-09 16:19:24.291] [info] [engine] ResourceManager cache hit [class engine::resources::Mesh] '__diligent_cube__'
[2026-10-09 16:19:24.292] [info] [engine] ResourceManager cache hit [class engine::resources::Texture] 'assets/textures/DGLogo.png'
[2026-10-09 16:19:24.292] [info] [engine] ResourceManager cache hit [class engine::resources::ShaderProgram] 'assets/shaders_hlsl/textured.shader.json'
[2026-10-09 16:19:24.292] [info] [engine] ResourceManager cache hit [class engine::resources::Mesh] '__diligent_cube__'
[2026-10-09 16:19:24.292] [info] [engine] ResourceManager cache hit [class engine::resources::Texture] 'assets/textures/DGLogo.png'
[2026-10-09 16:19:24.292] [info] [engine] ResourceManager cache hit [class engine::resources::ShaderProgram] 'assets/shaders_hlsl/textured.shader.json'
[2026-10-09 16:19:24.293] [info] [engine] ResourceManager cache hit [class engine::resources::Mesh] '__diligent_cube__'
[2026-10-09 16:19:24.293] [info] [engine] ResourceManager cache hit [class engine::resources::Texture] 'assets/textures/DGLogo.png'
[2026-10-09 16:19:24.293] [info] [engine] ResourceManager cache hit [class engine::resources::ShaderProgram] 'assets/shaders_hlsl/textured.shader.json'
[2026-10-09 16:19:24.293] [info] [engine] ResourceManager cache hit [class engine::resources::Mesh] '__diligent_cube__'
[2026-10-09 16:19:24.294] [info] [engine] ResourceManager cache hit [class engine::resources::Texture] 'assets/textures/DGLogo.png'
[2026-10-09 16:19:24.294] [info] [engine] ResourceManager cache hit [class engine::resources::ShaderProgram] 'assets/shaders_hlsl/textured.shader.json'
[2026-10-09 16:19:24.294] [info] [engine] ResourceManager cache hit [class engine::resources::Mesh] '__diligent_cube__'
[2026-10-09 16:19:24.294] [info] [engine] ResourceManager cache hit [class engine::resources::Texture] 'assets/textures/DGLogo.png'
[2026-10-09 16:19:24.294] [info] [engine] ResourceManager cache hit [class engine::resources::ShaderProgram] 'assets/shaders_hlsl/textured.shader.json'
[2026-10-09 16:19:24.295] [info] [engine] ResourceManager cache hit [class engine::resources::Mesh] '__diligent_cube__'
[2026-10-09 16:19:24.295] [info] [engine] ResourceManager cache hit [class engine::resources::Texture] 'assets/textures/DGLogo.png'
[2026-10-09 16:19:24.295] [info] [engine] ResourceManager cache hit [class engine::resources::ShaderProgram] 'assets/shaders_hlsl/textured.shader.json'
[2026-10-09 16:19:24.295] [info] [engine] ResourceManager cache hit [class engine::resources::Mesh] '__diligent_cube__'
[2026-10-09 16:19:24.295] [info] [engine] ResourceManager cache hit [class engine::resources::Texture] 'assets/textures/DGLogo.png'
[2026-10-09 16:19:24.296] [info] [engine] ResourceManager cache hit [class engine::resources::ShaderProgram] 'assets/shaders_hlsl/textured.shader.json'
[2026-10-09 16:19:24.296] [info] [engine] ResourceManager cache hit [class engine::resources::Mesh] '__diligent_cube__'
[2026-10-09 16:19:24.296] [info] [engine] ResourceManager cache hit [class engine::resources::Texture] 'assets/textures/DGLogo.png'
[2026-10-09 16:19:24.296] [info] [engine] ResourceManager cache hit [class engine::resources::ShaderProgram] 'assets/shaders_hlsl/textured.shader.json'
[2026-10-09 16:19:24.297] [info] [engine] ResourceManager cache hit [class engine::resources::Mesh] '__diligent_cube__'
[2026-10-09 16:19:24.297] [info] [engine] ResourceManager cache hit [class engine::resources::Texture] 'assets/textures/DGLogo.png'
[2026-10-09 16:19:24.297] [info] [engine] ResourceManager cache hit [class engine::resources::ShaderProgram] 'assets/shaders_hlsl/textured.shader.json'
[2026-10-09 16:19:24.297] [info] [engine] ResourceManager cache hit [class engine::resources::Mesh] '__diligent_cube__'
[2026-10-09 16:19:24.298] [info] [engine] ResourceManager cache hit [class engine::resources::Texture] 'assets/textures/DGLogo.png'
[2026-10-09 16:19:24.298] [info] [engine] ResourceManager cache hit [class engine::resources::ShaderProgram] 'assets/shaders_hlsl/textured.shader.json'
[2026-10-09 16:19:24.298] [info] [engine] ResourceManager cache hit [class engine::resources::Mesh] '__diligent_cube__'
[2026-10-09 16:19:24.298] [info] [engine] ResourceManager cache hit [class engine::resources::Texture] 'assets/textures/DGLogo.png'
[2026-10-09 16:19:24.298] [info] [engine] ResourceManager cache hit [class engine::resources::ShaderProgram] 'assets/shaders_hlsl/textured.shader.json'
[2026-10-09 16:19:24.299] [info] [engine] ResourceManager cache hit [class engine::resources::Mesh] '__diligent_cube__'
[2026-10-09 16:19:24.299] [info] [engine] ResourceManager cache hit [class engine::resources::Texture] 'assets/textures/DGLogo.png'
[2026-10-09 16:19:24.299] [info] [engine] ResourceManager cache hit [class engine::resources::ShaderProgram] 'assets/shaders_hlsl/textured.shader.json'
[2026-10-09 16:19:24.300] [info] [engine] ResourceManager cache hit [class engine::resources::Mesh] '__diligent_cube__'
[2026-10-09 16:19:24.300] [info] [engine] ResourceManager cache hit [class engine::resources::Texture] 'assets/textures/DGLogo.png'
[2026-10-09 16:19:24.300] [info] [engine] ResourceManager cache hit [class engine::resources::ShaderProgram] 'assets/shaders_hlsl/textured.shader.json'
[2026-10-09 16:19:24.309] [info] [engine] Texture loaded 'assets/textures/DGLogo.png' via GPU transfer: 512x512
[2026-10-09 16:19:24.327] [info] [engine] Shader program loaded 'assets/shaders_hlsl/textured.shader.json': vert='assets/shaders_hlsl/textured.vert.hlsl' frag='assets/shaders_hlsl/textured.frag.hlsl'
[2026-10-09 16:19:25.285] [info] [engine] Frame dt stats: avg=0.561ms min=0.315ms max=33.703ms samples=1782
[2026-10-09 16:19:26.286] [info] [engine] Frame dt stats: avg=0.461ms min=0.305ms max=1.553ms samples=2169
[2026-10-09 16:19:27.286] [info] [engine] Frame dt stats: avg=0.477ms min=0.307ms max=2.549ms samples=2098
[2026-10-09 16:19:28.286] [info] [engine] Frame dt stats: avg=0.476ms min=0.296ms max=2.831ms samples=2101
[2026-10-09 16:19:29.287] [info] [engine] Frame dt stats: avg=0.557ms min=0.323ms max=7.624ms samples=1794
[2026-10-09 16:19:30.285] [info] [engine] LAB_LOAD_START elapsed=6.0010546 asset_dir=C:\tge\lab1-assets
[2026-10-09 16:19:30.295] [info] [engine] ResourceManager cache miss [class engine::resources::Texture] 'C:\tge\lab1-assets\texture_00.png'
[2026-10-09 16:19:30.296] [info] [engine] ResourceManager cache miss [class engine::resources::Texture] 'C:\tge\lab1-assets\texture_01.png'
[2026-10-09 16:19:30.297] [info] [engine] ResourceManager cache miss [class engine::resources::Texture] 'C:\tge\lab1-assets\texture_02.png'
[2026-10-09 16:19:30.298] [info] [engine] ResourceManager cache miss [class engine::resources::Texture] 'C:\tge\lab1-assets\texture_03.png'
[2026-10-09 16:19:30.298] [info] [engine] ResourceManager cache miss [class engine::resources::Texture] 'C:\tge\lab1-assets\texture_04.png'
[2026-10-09 16:19:30.299] [info] [engine] ResourceManager cache miss [class engine::resources::Texture] 'C:\tge\lab1-assets\texture_05.png'
[2026-10-09 16:19:30.299] [info] [engine] ResourceManager cache miss [class engine::resources::Texture] 'C:\tge\lab1-assets\texture_06.png'
[2026-10-09 16:19:30.300] [info] [engine] ResourceManager cache miss [class engine::resources::Texture] 'C:\tge\lab1-assets\texture_07.png'
[2026-10-09 16:19:30.301] [info] [engine] ResourceManager cache miss [class engine::resources::Texture] 'C:\tge\lab1-assets\texture_08.png'
[2026-10-09 16:19:30.301] [info] [engine] ResourceManager cache miss [class engine::resources::Texture] 'C:\tge\lab1-assets\texture_09.png'
[2026-10-09 16:19:30.302] [info] [engine] ResourceManager cache miss [class engine::resources::Texture] 'C:\tge\lab1-assets\texture_10.png'
[2026-10-09 16:19:30.303] [info] [engine] ResourceManager cache miss [class engine::resources::Texture] 'C:\tge\lab1-assets\texture_11.png'
[2026-10-09 16:19:30.303] [info] [engine] ResourceManager cache miss [class engine::resources::Mesh] 'C:\tge\lab1-assets\mesh_00.obj'
[2026-10-09 16:19:30.304] [info] [engine] ResourceManager cache miss [class engine::resources::Mesh] 'C:\tge\lab1-assets\mesh_01.obj'
[2026-10-09 16:19:30.304] [info] [engine] ResourceManager cache miss [class engine::resources::Mesh] 'C:\tge\lab1-assets\mesh_02.obj'
[2026-10-09 16:19:30.304] [info] [engine] ResourceManager cache miss [class engine::resources::Mesh] 'C:\tge\lab1-assets\mesh_03.obj'
[2026-10-09 16:19:30.313] [info] [engine] Frame dt stats: avg=0.854ms min=0.339ms max=25.114ms samples=1199
[2026-10-09 16:19:30.575] [info] [engine] Texture loaded 'C:\tge\lab1-assets\texture_04.png' via GPU transfer: 2048x2048
[2026-10-09 16:19:30.604] [info] [engine] Texture loaded 'C:\tge\lab1-assets\texture_01.png' via GPU transfer: 2048x2048
[2026-10-09 16:19:30.613] [info] [engine] Texture loaded 'C:\tge\lab1-assets\texture_11.png' via GPU transfer: 2048x2048
[2026-10-09 16:19:30.621] [info] [engine] Texture loaded 'C:\tge\lab1-assets\texture_00.png' via GPU transfer: 2048x2048
[2026-10-09 16:19:30.631] [info] [engine] Texture loaded 'C:\tge\lab1-assets\texture_09.png' via GPU transfer: 2048x2048
[2026-10-09 16:19:30.644] [info] [engine] Texture loaded 'C:\tge\lab1-assets\texture_07.png' via GPU transfer: 2048x2048
[2026-10-09 16:19:30.648] [info] [engine] Texture loaded 'C:\tge\lab1-assets\texture_02.png' via GPU transfer: 2048x2048
[2026-10-09 16:19:30.657] [info] [engine] Texture loaded 'C:\tge\lab1-assets\texture_03.png' via GPU transfer: 2048x2048
[2026-10-09 16:19:30.669] [info] [engine] Texture loaded 'C:\tge\lab1-assets\texture_10.png' via GPU transfer: 2048x2048
[2026-10-09 16:19:30.673] [info] [engine] Texture loaded 'C:\tge\lab1-assets\texture_06.png' via GPU transfer: 2048x2048
[2026-10-09 16:19:30.679] [info] [engine] Texture loaded 'C:\tge\lab1-assets\texture_05.png' via GPU transfer: 2048x2048
[2026-10-09 16:19:30.696] [info] [engine] Texture loaded 'C:\tge\lab1-assets\texture_08.png' via GPU transfer: 2048x2048
[2026-10-09 16:19:31.113] [info] [engine] Mesh loaded 'C:\tge\lab1-assets\mesh_01.obj' via GPU transfer: vertices=66049, indices=393216
[2026-10-09 16:19:31.129] [info] [engine] Mesh loaded 'C:\tge\lab1-assets\mesh_00.obj' via GPU transfer: vertices=66049, indices=393216
[2026-10-09 16:19:31.131] [info] [engine] Mesh loaded 'C:\tge\lab1-assets\mesh_02.obj' via GPU transfer: vertices=66049, indices=393216
[2026-10-09 16:19:31.145] [info] [engine] Mesh loaded 'C:\tge\lab1-assets\mesh_03.obj' via GPU transfer: vertices=66049, indices=393216
[2026-10-09 16:19:31.145] [info] [engine] LAB_LOAD_COMPLETE elapsed=6.8605653 loaded=18 failed=0 cancelled=0
[2026-10-09 16:19:31.311] [info] [engine] Frame dt stats: avg=1.081ms min=0.318ms max=11.872ms samples=925
[2026-10-09 16:19:32.311] [info] [engine] Frame dt stats: avg=0.555ms min=0.315ms max=2.994ms samples=1803
[2026-10-09 16:19:33.311] [info] [engine] Frame dt stats: avg=0.514ms min=0.312ms max=10.220ms samples=1944
[2026-10-09 16:19:34.312] [info] [engine] Frame dt stats: avg=0.493ms min=0.303ms max=9.926ms samples=2031
[2026-10-09 16:19:35.312] [info] [engine] Frame dt stats: avg=0.465ms min=0.299ms max=1.993ms samples=2150
[2026-10-09 16:19:36.312] [info] [engine] Frame dt stats: avg=0.557ms min=0.315ms max=10.477ms samples=1795
[2026-10-09 16:19:37.312] [info] [engine] Frame dt stats: avg=0.438ms min=0.283ms max=2.832ms samples=2283
[2026-10-09 16:19:38.313] [info] [engine] Frame dt stats: avg=0.468ms min=0.307ms max=10.845ms samples=2137
[2026-10-09 16:19:39.314] [info] [engine] Frame dt stats: avg=0.469ms min=0.310ms max=1.748ms samples=2132
[2026-10-09 16:19:40.313] [info] [engine] Frame dt stats: avg=0.475ms min=0.317ms max=2.962ms samples=2107
[2026-10-09 16:19:41.314] [info] [engine] Frame dt stats: avg=0.469ms min=0.304ms max=2.264ms samples=2131
[2026-10-09 16:19:42.284] [info] [engine] Application shutdown started
[2026-10-09 16:19:42.294] [info] [engine] Exited GameplayState editor scene
[2026-10-09 16:19:42.303] [info] [engine] LAB_SHUTDOWN pending_cpu=0 pending_uploads=0
[2026-10-09 16:19:42.372] [info] [engine] Renderer shutdown complete
[2026-10-09 16:19:42.388] [info] [engine] Application shutdown complete
[2026-10-09 16:19:42.388] [info] [engine] Logger shutdown
[39mDiligent Engine: Info: D3D12-capable adapter found: NVIDIA GeForce RTX 5070 (11944 MB)
[39m[39mDiligent Engine: Info: Created dynamic memory page. Size: 1.00 MB; GPU virtual address 0x6770000
[39m[39mDiligent Engine: Info: Can not disable SeparablePrograms
[39m[39mDiligent Engine: Info: Max device shader model: 6_7
[39m[39mDiligent Engine: Info: Created dynamic memory page. Size: 1.00 MB; GPU virtual address 0x7a10000
[39m[39mDiligent Engine: Info: Created dynamic memory page. Size: 1.00 MB; GPU virtual address 0x7c10000
[39m[39mDiligent Engine: Info: Created dynamic memory page. Size: 16.00 MB; GPU virtual address 0x9800000
[39m[39mDiligent Engine: Info: Created dynamic memory page. Size: 4.00 MB; GPU virtual address 0xa800000
[39m[39mDiligent Engine: Info: Created dynamic memory page. Size: 1.00 MB; GPU virtual address 0xac00000
[39m[39mDiligent Engine: Info: Created dynamic memory page. Size: 1.00 MB; GPU virtual address 0xad00000
[39m[39mDiligent Engine: Info: Created dynamic memory page. Size: 16.00 MB; GPU virtual address 0x13200000
[39m[39mDiligent Engine: Info: SAMPLER     dynamic descriptor allocator of immediate context usage stats: peak descriptor count: 0/0
[39m[39mDiligent Engine: Info: CBV_SRV_UAV dynamic descriptor allocator of immediate context usage stats: peak descriptor count: 0/0
[39m[39mDiligent Engine: Info: Dynamic heap of immediate context usage stats:
                       Peak used/aligned/allocated size: 21.34 MB / 21.34 MB / 22.00 MB (22 pages). Peak efficiency (used/aligned): 100.0%. Peak utilization (used/allocated): 97.0%
[39m[39mDiligent Engine: Info: SAMPLER     dynamic descriptor allocator of immediate context usage stats: peak descriptor count: 0/0
[39m[39mDiligent Engine: Info: CBV_SRV_UAV dynamic descriptor allocator of immediate context usage stats: peak descriptor count: 17/256
[39m[39mDiligent Engine: Info: Dynamic heap of immediate context usage stats:
                       Peak used/aligned/allocated size: 61.75 KB / 61.75 KB / 1.00 MB (1 page). Peak efficiency (used/aligned): 100.0%. Peak utilization (used/allocated): 6.0%
[39m[39mDiligent Engine: Info: Dynamic memory manager usage stats:
                       Total allocated memory: 41.00 MB
[39m[39mDiligent Engine: Info: D3D12 query manager peak usage:
QUERY_TYPE_OCCLUSION          :    0/ 128
QUERY_TYPE_BINARY_OCCLUSION   :    0/ 128
QUERY_TYPE_TIMESTAMP          :    0/ 512
QUERY_TYPE_PIPELINE_STATISTICS:    0/ 128
QUERY_TYPE_DURATION           :    0/ 512
[39m[39mDiligent Engine: Info: D3D12 query manager peak usage:
QUERY_TYPE_TIMESTAMP          :    0/ 512
QUERY_TYPE_DURATION           :    0/ 512
[39m[39mDiligent Engine: Info: Command list manager: created 2 allocators
[39m[39mDiligent Engine: Info: Command list manager: created 0 allocators
[39m[39mDiligent Engine: Info: Command list manager: created 12 allocators
[39m[39mDiligent Engine: Info: D3D12_DESCRIPTOR_HEAP_TYPE_SAMPLER     GPU heap max allocated size (static|dynamic): 0/1024 (0.00%) | 0/1024 (0.00%).
[39m[39mDiligent Engine: Info: D3D12_DESCRIPTOR_HEAP_TYPE_CBV_SRV_UAV GPU heap max allocated size (static|dynamic): 0/16384 (0.00%) | 768/262144 (0.29%).
[39m[39mDiligent Engine: Info: D3D12_DESCRIPTOR_HEAP_TYPE_DSV         CPU heap allocated pool count: 1. Max descriptors: 1/1024 (0.10%).
[39m[39mDiligent Engine: Info: D3D12_DESCRIPTOR_HEAP_TYPE_RTV         CPU heap allocated pool count: 1. Max descriptors: 4/1024 (0.39%).
[39m[39mDiligent Engine: Info: D3D12_DESCRIPTOR_HEAP_TYPE_SAMPLER     CPU heap allocated pool count: 1. Max descriptors: 0/2048 (0.00%).
[39m[39mDiligent Engine: Info: D3D12_DESCRIPTOR_HEAP_TYPE_CBV_SRV_UAV CPU heap allocated pool count: 1. Max descriptors: 18/8192 (0.22%).
[39m