[2026-09-24 22:53:31.323] [info] [engine] Logger initialized
[2026-09-24 22:53:31.328] [info] [engine] Application init started
[2026-09-24 22:53:31.331] [info] [engine] Config file 'config.json' not found, using defaults
[2026-09-24 22:53:31.371] [info] [engine] Initializing Diligent backend with device 'd3d12'
[2026-09-24 22:53:31.914] [info] [engine] Renderer initialized with backend Diligent
[2026-09-24 22:53:31.950] [info] [engine] Placeholder mesh ready: vertices=4, indices=6
[2026-09-24 22:53:31.965] [info] [engine] Fallback white texture ready: 1x1
[2026-09-24 22:53:31.986] [info] [engine] Shader program loaded '__fallback_shader__': vert='assets/shaders_hlsl/textured.vert.hlsl' frag='assets/shaders_hlsl/textured.frag.hlsl'
[2026-09-24 22:53:31.987] [info] [engine] Resource subsystem initialized
[2026-09-24 22:53:32.006] [info] [engine] ImGui layer initialized
[2026-09-24 22:53:32.006] [info] [engine] StateStack push
[2026-09-24 22:53:32.007] [info] [engine] Entered GameplayState editor scene
[2026-09-24 22:53:32.007] [info] [engine] LAB_SCENE_READY scene=loading render_entities=16 total_entities=22
[2026-09-24 22:53:32.008] [info] [engine] Application init complete, backend=Diligent
[2026-09-24 22:53:32.008] [info] [engine] LAB_READY_FOR_TRACY
[2026-09-24 22:53:32.183] [info] [engine] LAB_RUN_START scene=loading parallel_ecs=true async_loading=true entities=4096 workers=4
[2026-09-24 22:53:32.185] [info] [engine] ResourceManager cache miss [class engine::resources::Mesh] '__diligent_cube__'
[2026-09-24 22:53:32.186] [info] [engine] ResourceManager cache miss [class engine::resources::Texture] 'assets/textures/DGLogo.png'
[2026-09-24 22:53:32.186] [info] [engine] ResourceManager cache miss [class engine::resources::ShaderProgram] 'assets/shaders_hlsl/textured.shader.json'
[2026-09-24 22:53:32.186] [info] [engine] ResourceManager cache hit [class engine::resources::Mesh] '__diligent_cube__'
[2026-09-24 22:53:32.187] [info] [engine] ResourceManager cache hit [class engine::resources::Texture] 'assets/textures/DGLogo.png'
[2026-09-24 22:53:32.187] [info] [engine] ResourceManager cache hit [class engine::resources::ShaderProgram] 'assets/shaders_hlsl/textured.shader.json'
[2026-09-24 22:53:32.187] [info] [engine] ResourceManager cache hit [class engine::resources::Mesh] '__diligent_cube__'
[2026-09-24 22:53:32.187] [info] [engine] ResourceManager cache hit [class engine::resources::Texture] 'assets/textures/DGLogo.png'
[2026-09-24 22:53:32.187] [info] [engine] ResourceManager cache hit [class engine::resources::ShaderProgram] 'assets/shaders_hlsl/textured.shader.json'
[2026-09-24 22:53:32.188] [info] [engine] ResourceManager cache hit [class engine::resources::Mesh] '__diligent_cube__'
[2026-09-24 22:53:32.188] [info] [engine] ResourceManager cache hit [class engine::resources::Texture] 'assets/textures/DGLogo.png'
[2026-09-24 22:53:32.188] [info] [engine] ResourceManager cache hit [class engine::resources::ShaderProgram] 'assets/shaders_hlsl/textured.shader.json'
[2026-09-24 22:53:32.188] [info] [engine] ResourceManager cache hit [class engine::resources::Mesh] '__diligent_cube__'
[2026-09-24 22:53:32.188] [info] [engine] ResourceManager cache hit [class engine::resources::Texture] 'assets/textures/DGLogo.png'
[2026-09-24 22:53:32.189] [info] [engine] ResourceManager cache hit [class engine::resources::ShaderProgram] 'assets/shaders_hlsl/textured.shader.json'
[2026-09-24 22:53:32.189] [info] [engine] ResourceManager cache hit [class engine::resources::Mesh] '__diligent_cube__'
[2026-09-24 22:53:32.190] [info] [engine] ResourceManager cache hit [class engine::resources::Texture] 'assets/textures/DGLogo.png'
[2026-09-24 22:53:32.190] [info] [engine] ResourceManager cache hit [class engine::resources::ShaderProgram] 'assets/shaders_hlsl/textured.shader.json'
[2026-09-24 22:53:32.190] [info] [engine] ResourceManager cache hit [class engine::resources::Mesh] '__diligent_cube__'
[2026-09-24 22:53:32.190] [info] [engine] ResourceManager cache hit [class engine::resources::Texture] 'assets/textures/DGLogo.png'
[2026-09-24 22:53:32.190] [info] [engine] ResourceManager cache hit [class engine::resources::ShaderProgram] 'assets/shaders_hlsl/textured.shader.json'
[2026-09-24 22:53:32.191] [info] [engine] ResourceManager cache hit [class engine::resources::Mesh] '__diligent_cube__'
[2026-09-24 22:53:32.191] [info] [engine] ResourceManager cache hit [class engine::resources::Texture] 'assets/textures/DGLogo.png'
[2026-09-24 22:53:32.191] [info] [engine] ResourceManager cache hit [class engine::resources::ShaderProgram] 'assets/shaders_hlsl/textured.shader.json'
[2026-09-24 22:53:32.191] [info] [engine] ResourceManager cache hit [class engine::resources::Mesh] '__diligent_cube__'
[2026-09-24 22:53:32.192] [info] [engine] ResourceManager cache hit [class engine::resources::Texture] 'assets/textures/DGLogo.png'
[2026-09-24 22:53:32.192] [info] [engine] ResourceManager cache hit [class engine::resources::ShaderProgram] 'assets/shaders_hlsl/textured.shader.json'
[2026-09-24 22:53:32.192] [info] [engine] ResourceManager cache hit [class engine::resources::Mesh] '__diligent_cube__'
[2026-09-24 22:53:32.192] [info] [engine] ResourceManager cache hit [class engine::resources::Texture] 'assets/textures/DGLogo.png'
[2026-09-24 22:53:32.192] [info] [engine] ResourceManager cache hit [class engine::resources::ShaderProgram] 'assets/shaders_hlsl/textured.shader.json'
[2026-09-24 22:53:32.192] [info] [engine] ResourceManager cache hit [class engine::resources::Mesh] '__diligent_cube__'
[2026-09-24 22:53:32.192] [info] [engine] ResourceManager cache hit [class engine::resources::Texture] 'assets/textures/DGLogo.png'
[2026-09-24 22:53:32.193] [info] [engine] ResourceManager cache hit [class engine::resources::ShaderProgram] 'assets/shaders_hlsl/textured.shader.json'
[2026-09-24 22:53:32.193] [info] [engine] ResourceManager cache hit [class engine::resources::Mesh] '__diligent_cube__'
[2026-09-24 22:53:32.193] [info] [engine] ResourceManager cache hit [class engine::resources::Texture] 'assets/textures/DGLogo.png'
[2026-09-24 22:53:32.193] [info] [engine] ResourceManager cache hit [class engine::resources::ShaderProgram] 'assets/shaders_hlsl/textured.shader.json'
[2026-09-24 22:53:32.193] [info] [engine] ResourceManager cache hit [class engine::resources::Mesh] '__diligent_cube__'
[2026-09-24 22:53:32.193] [info] [engine] ResourceManager cache hit [class engine::resources::Texture] 'assets/textures/DGLogo.png'
[2026-09-24 22:53:32.193] [info] [engine] ResourceManager cache hit [class engine::resources::ShaderProgram] 'assets/shaders_hlsl/textured.shader.json'
[2026-09-24 22:53:32.194] [info] [engine] ResourceManager cache hit [class engine::resources::Mesh] '__diligent_cube__'
[2026-09-24 22:53:32.194] [info] [engine] ResourceManager cache hit [class engine::resources::Texture] 'assets/textures/DGLogo.png'
[2026-09-24 22:53:32.194] [info] [engine] ResourceManager cache hit [class engine::resources::ShaderProgram] 'assets/shaders_hlsl/textured.shader.json'
[2026-09-24 22:53:32.194] [info] [engine] ResourceManager cache hit [class engine::resources::Mesh] '__diligent_cube__'
[2026-09-24 22:53:32.194] [info] [engine] ResourceManager cache hit [class engine::resources::Texture] 'assets/textures/DGLogo.png'
[2026-09-24 22:53:32.195] [info] [engine] ResourceManager cache hit [class engine::resources::ShaderProgram] 'assets/shaders_hlsl/textured.shader.json'
[2026-09-24 22:53:32.195] [info] [engine] ResourceManager cache hit [class engine::resources::Mesh] '__diligent_cube__'
[2026-09-24 22:53:32.195] [info] [engine] ResourceManager cache hit [class engine::resources::Texture] 'assets/textures/DGLogo.png'
[2026-09-24 22:53:32.195] [info] [engine] ResourceManager cache hit [class engine::resources::ShaderProgram] 'assets/shaders_hlsl/textured.shader.json'
[2026-09-24 22:53:32.207] [info] [engine] Texture loaded 'assets/textures/DGLogo.png': 512x512 channels=4
[2026-09-24 22:53:32.228] [info] [engine] Shader program loaded 'assets/shaders_hlsl/textured.shader.json': vert='assets/shaders_hlsl/textured.vert.hlsl' frag='assets/shaders_hlsl/textured.frag.hlsl'
[2026-09-24 22:53:33.183] [info] [engine] Frame dt stats: avg=0.641ms min=0.283ms max=21.339ms samples=1559
[2026-09-24 22:53:34.184] [info] [engine] Frame dt stats: avg=0.527ms min=0.262ms max=6.134ms samples=1900
[2026-09-24 22:53:35.184] [info] [engine] Frame dt stats: avg=0.685ms min=0.266ms max=10.825ms samples=1460
[2026-09-24 22:53:36.187] [info] [engine] Frame dt stats: avg=0.817ms min=0.270ms max=10.413ms samples=1227
[2026-09-24 22:53:37.187] [info] [engine] Frame dt stats: avg=0.893ms min=0.294ms max=8.919ms samples=1120
[2026-09-24 22:53:38.185] [info] [engine] LAB_LOAD_START elapsed=6.0027224 asset_dir=C:\tge\lab1-assets
[2026-09-24 22:53:38.186] [info] [engine] ResourceManager cache miss [class engine::resources::Texture] 'C:\tge\lab1-assets\texture_00.png'
[2026-09-24 22:53:38.187] [info] [engine] ResourceManager cache miss [class engine::resources::Texture] 'C:\tge\lab1-assets\texture_01.png'
[2026-09-24 22:53:38.187] [info] [engine] ResourceManager cache miss [class engine::resources::Texture] 'C:\tge\lab1-assets\texture_02.png'
[2026-09-24 22:53:38.188] [info] [engine] ResourceManager cache miss [class engine::resources::Texture] 'C:\tge\lab1-assets\texture_03.png'
[2026-09-24 22:53:38.188] [info] [engine] ResourceManager cache miss [class engine::resources::Texture] 'C:\tge\lab1-assets\texture_04.png'
[2026-09-24 22:53:38.189] [info] [engine] ResourceManager cache miss [class engine::resources::Texture] 'C:\tge\lab1-assets\texture_05.png'
[2026-09-24 22:53:38.189] [info] [engine] ResourceManager cache miss [class engine::resources::Texture] 'C:\tge\lab1-assets\texture_06.png'
[2026-09-24 22:53:38.190] [info] [engine] ResourceManager cache miss [class engine::resources::Texture] 'C:\tge\lab1-assets\texture_07.png'
[2026-09-24 22:53:38.190] [info] [engine] ResourceManager cache miss [class engine::resources::Texture] 'C:\tge\lab1-assets\texture_08.png'
[2026-09-24 22:53:38.190] [info] [engine] ResourceManager cache miss [class engine::resources::Texture] 'C:\tge\lab1-assets\texture_09.png'
[2026-09-24 22:53:38.191] [info] [engine] ResourceManager cache miss [class engine::resources::Texture] 'C:\tge\lab1-assets\texture_10.png'
[2026-09-24 22:53:38.191] [info] [engine] ResourceManager cache miss [class engine::resources::Texture] 'C:\tge\lab1-assets\texture_11.png'
[2026-09-24 22:53:38.191] [info] [engine] ResourceManager cache miss [class engine::resources::Mesh] 'C:\tge\lab1-assets\mesh_00.obj'
[2026-09-24 22:53:38.191] [info] [engine] ResourceManager cache miss [class engine::resources::Mesh] 'C:\tge\lab1-assets\mesh_01.obj'
[2026-09-24 22:53:38.192] [info] [engine] ResourceManager cache miss [class engine::resources::Mesh] 'C:\tge\lab1-assets\mesh_02.obj'
[2026-09-24 22:53:38.192] [info] [engine] ResourceManager cache miss [class engine::resources::Mesh] 'C:\tge\lab1-assets\mesh_03.obj'
[2026-09-24 22:53:38.194] [info] [engine] Frame dt stats: avg=0.763ms min=0.287ms max=10.661ms samples=1320
[2026-09-24 22:53:38.340] [info] [engine] Texture loaded 'C:\tge\lab1-assets\texture_02.png': 2048x2048 channels=4
[2026-09-24 22:53:38.345] [info] [engine] Texture loaded 'C:\tge\lab1-assets\texture_00.png': 2048x2048 channels=4
[2026-09-24 22:53:38.354] [info] [engine] Texture loaded 'C:\tge\lab1-assets\texture_01.png': 2048x2048 channels=4
[2026-09-24 22:53:38.360] [info] [engine] Texture loaded 'C:\tge\lab1-assets\texture_03.png': 2048x2048 channels=4
[2026-09-24 22:53:38.460] [info] [engine] Texture loaded 'C:\tge\lab1-assets\texture_05.png': 2048x2048 channels=4
[2026-09-24 22:53:38.486] [info] [engine] Texture loaded 'C:\tge\lab1-assets\texture_04.png': 2048x2048 channels=4
[2026-09-24 22:53:38.493] [info] [engine] Texture loaded 'C:\tge\lab1-assets\texture_06.png': 2048x2048 channels=4
[2026-09-24 22:53:38.499] [info] [engine] Texture loaded 'C:\tge\lab1-assets\texture_07.png': 2048x2048 channels=4
[2026-09-24 22:53:38.597] [info] [engine] Texture loaded 'C:\tge\lab1-assets\texture_08.png': 2048x2048 channels=4
[2026-09-24 22:53:38.617] [info] [engine] Texture loaded 'C:\tge\lab1-assets\texture_10.png': 2048x2048 channels=4
[2026-09-24 22:53:38.629] [info] [engine] Texture loaded 'C:\tge\lab1-assets\texture_09.png': 2048x2048 channels=4
[2026-09-24 22:53:38.639] [info] [engine] Texture loaded 'C:\tge\lab1-assets\texture_11.png': 2048x2048 channels=4
[2026-09-24 22:53:39.196] [info] [engine] Frame dt stats: avg=1.596ms min=0.319ms max=22.788ms samples=627
[2026-09-24 22:53:39.258] [info] [engine] Mesh loaded 'C:\tge\lab1-assets\mesh_01.obj': vertices=66049, indices=393216
[2026-09-24 22:53:39.278] [info] [engine] Mesh loaded 'C:\tge\lab1-assets\mesh_03.obj': vertices=66049, indices=393216
[2026-09-24 22:53:39.298] [info] [engine] Mesh loaded 'C:\tge\lab1-assets\mesh_00.obj': vertices=66049, indices=393216
[2026-09-24 22:53:39.312] [info] [engine] Mesh loaded 'C:\tge\lab1-assets\mesh_02.obj': vertices=66049, indices=393216
[2026-09-24 22:53:39.313] [info] [engine] LAB_LOAD_COMPLETE elapsed=7.1171869 loaded=18 failed=0 cancelled=0
[2026-09-24 22:53:40.198] [info] [engine] Frame dt stats: avg=1.338ms min=0.267ms max=24.570ms samples=750
[2026-09-24 22:53:41.198] [info] [engine] Frame dt stats: avg=1.053ms min=0.289ms max=10.903ms samples=950
[2026-09-24 22:53:42.199] [info] [engine] Frame dt stats: avg=0.926ms min=0.267ms max=10.537ms samples=1081
[2026-09-24 22:53:43.200] [info] [engine] Frame dt stats: avg=1.009ms min=0.289ms max=8.015ms samples=992
[2026-09-24 22:53:44.202] [info] [engine] Frame dt stats: avg=1.141ms min=0.290ms max=9.312ms samples=877
[2026-09-24 22:53:45.203] [info] [engine] Frame dt stats: avg=1.189ms min=0.298ms max=12.694ms samples=843
[2026-09-24 22:53:46.208] [info] [engine] Frame dt stats: avg=1.042ms min=0.298ms max=7.442ms samples=961
[2026-09-24 22:53:47.206] [info] [engine] Frame dt stats: avg=0.879ms min=0.293ms max=8.240ms samples=1139
[2026-09-24 22:53:48.205] [info] [engine] Frame dt stats: avg=0.991ms min=0.285ms max=10.357ms samples=1009
[2026-09-24 22:53:49.206] [info] [engine] Frame dt stats: avg=0.911ms min=0.293ms max=7.508ms samples=1098
[2026-09-24 22:53:50.183] [info] [engine] Application shutdown started
[2026-09-24 22:53:50.193] [info] [engine] Exited GameplayState editor scene
[2026-09-24 22:53:50.204] [info] [engine] LAB_SHUTDOWN pending_cpu=0 pending_uploads=0
[2026-09-24 22:53:50.313] [info] [engine] Renderer shutdown complete
[2026-09-24 22:53:50.329] [info] [engine] Application shutdown complete
[2026-09-24 22:53:50.330] [info] [engine] Logger shutdown
[39mDiligent Engine: Info: D3D12-capable adapter found: NVIDIA GeForce RTX 5070 (11944 MB)
[39m[39mDiligent Engine: Info: Created dynamic memory page. Size: 1.00 MB; GPU virtual address 0x62a0000
[39m[39mDiligent Engine: Info: Can not disable SeparablePrograms
[39m[39mDiligent Engine: Info: Max device shader model: 6_7
[39m[39mDiligent Engine: Info: Created dynamic memory page. Size: 1.00 MB; GPU virtual address 0x76a0000
[39m[39mDiligent Engine: Info: Created dynamic memory page. Size: 1.00 MB; GPU virtual address 0x7880000
[39m[39mDiligent Engine: Info: Created dynamic memory page. Size: 16.00 MB; GPU virtual address 0x9000000
[39m[39mDiligent Engine: Info: Created dynamic memory page. Size: 16.00 MB; GPU virtual address 0x10e00000
[39m[39mDiligent Engine: Info: SAMPLER     dynamic descriptor allocator of immediate context usage stats: peak descriptor count: 0/0
[39m[39mDiligent Engine: Info: CBV_SRV_UAV dynamic descriptor allocator of immediate context usage stats: peak descriptor count: 32/256
[39m[39mDiligent Engine: Info: Dynamic heap of immediate context usage stats:
                       Peak used/aligned/allocated size: 16.05 MB / 16.05 MB / 17.00 MB (17 pages). Peak efficiency (used/aligned): 100.0%. Peak utilization (used/allocated): 94.4%
[39m[39mDiligent Engine: Info: Dynamic memory manager usage stats:
                       Total allocated memory: 35.00 MB
[39m[39mDiligent Engine: Info: D3D12 query manager peak usage:
QUERY_TYPE_OCCLUSION          :    0/ 128
QUERY_TYPE_BINARY_OCCLUSION   :    0/ 128
QUERY_TYPE_TIMESTAMP          :    0/ 512
QUERY_TYPE_PIPELINE_STATISTICS:    0/ 128
QUERY_TYPE_DURATION           :    0/ 512
[39m[39mDiligent Engine: Info: Command list manager: created 0 allocators
[39m[39mDiligent Engine: Info: Command list manager: created 0 allocators
[39m[39mDiligent Engine: Info: Command list manager: created 12 allocators
[39m[39mDiligent Engine: Info: D3D12_DESCRIPTOR_HEAP_TYPE_SAMPLER     GPU heap max allocated size (static|dynamic): 0/1024 (0.00%) | 0/1024 (0.00%).
[39m[39mDiligent Engine: Info: D3D12_DESCRIPTOR_HEAP_TYPE_CBV_SRV_UAV GPU heap max allocated size (static|dynamic): 0/16384 (0.00%) | 768/262144 (0.29%).
[39m[39mDiligent Engine: Info: D3D12_DESCRIPTOR_HEAP_TYPE_DSV         CPU heap allocated pool count: 1. Max descriptors: 1/1024 (0.10%).
[39m[39mDiligent Engine: Info: D3D12_DESCRIPTOR_HEAP_TYPE_RTV         CPU heap allocated pool count: 1. Max descriptors: 16/1024 (1.56%).
[39m[39mDiligent Engine: Info: D3D12_DESCRIPTOR_HEAP_TYPE_SAMPLER     CPU heap allocated pool count: 1. Max descriptors: 0/2048 (0.00%).
[39m[39mDiligent Engine: Info: D3D12_DESCRIPTOR_HEAP_TYPE_CBV_SRV_UAV CPU heap allocated pool count: 1. Max descriptors: 185/8192 (2.26%).
[39m